../Core/Src/main.c:71:6:reader_irq_pulse	8	static
../Core/Src/main.c:78:6:reader_nss	16	static
../Core/Src/main.c:82:5:reader_tx	24	static
../Core/Src/main.c:87:5:reader_rx	24	static
../Core/Src/main.c:92:6:HAL_GPIO_EXTI_Callback	16	static
../Core/Src/main.c:98:6:st25_card_callback	16	static
../Core/Src/main.c:107:5:main	8	static
../Core/Src/main.c:171:6:SystemClock_Config	96	static
../Core/Src/main.c:221:13:MX_SPI2_Init	8	static
../Core/Src/main.c:261:13:MX_USART2_UART_Init	8	static
../Core/Src/main.c:296:13:MX_GPIO_Init	48	static
../Core/Src/main.c:368:6:Error_Handler	4	static,ignoring_inline_asm
