../Core/Src/main.c:277:6:st25_card_callback	0	static
../Core/Src/main.c:889:6:RFIDTimeoutCallback	0	static
../Core/Src/main.c:249:6:reader_nss	0	static
../Core/Src/main.c:240:6:reader_irq_pulse	8	static
../Core/Src/main.c:254:5:reader_tx	8	static
../Core/Src/main.c:259:5:reader_rx	8	static
../Core/Src/main.c:580:13:MX_USART1_UART_Init	8	static,ignoring_inline_asm
../Core/Src/main.c:806:6:StartRFIDTask	32	static
../Core/Src/main.c:858:6:StartBatteryTask	24	static
../Core/Src/main.c:755:6:StartBluetoothTask	64	static
../Core/Inc/MaizeJSON.h:43:6:deserializeJSON	32	static
../Core/Inc/MaizeJSON.h:99:7:serializeJSON	24	static
../Core/Src/main.c:167:9:select_rfid_channel	16	static
../Core/Src/main.c:266:6:HAL_GPIO_EXTI_Callback	0	static
../Core/Src/main.c:281:6:HAL_UART_RxHalfCpltCallback	0	static
../Core/Src/main.c:286:6:HAL_UART_RxCpltCallback	8	static
../Core/Src/main.c:431:6:SystemClock_Config	104	static,ignoring_inline_asm
../Core/Src/main.c:299:5:main	64	static,ignoring_inline_asm
../Core/Src/main.c:901:6:Error_Handler	0	static,ignoring_inline_asm
