../Core/Src/st25r95.c:13:6:st25r95_spi_tx	8	static
../Core/Src/st25r95.c:18:6:st25r95_spi_byte	8	static
../Core/Src/st25r95.c:56:10:st25r95_response	24	static
../Core/Src/st25r95.c:74:10:st25r95_response_poll	32	static
../Core/Src/st25r95.c:96:6:st25r95_init	40	static
../Core/Src/st25r95.c:117:6:st25r95_init_poll	40	static
../Core/Src/st25r95.c:139:6:st25r95_reset	16	static
../Core/Src/st25r95.c:146:18:st25r95_IDN	24	static
../Core/Src/st25r95.c:163:18:st25r95_off	24	static
../Core/Src/st25r95.c:179:18:st25r95_14443A	24	static
../Core/Src/st25r95.c:197:18:st25r95_15693	24	static
../Core/Src/st25r95.c:216:18:st25r95_15693_poll	24	static
../Core/Src/st25r95.c:235:18:st25r95_read_reg	24	static
../Core/Src/st25r95.c:253:18:st25r95_write_timerw	24	static
../Core/Src/st25r95.c:271:18:st25r95_write_ARC_index	24	static
../Core/Src/st25r95.c:288:18:st25r95_write_ARC	24	static
../Core/Src/st25r95.c:306:18:st25r95_echo	24	static
../Core/Src/st25r95.c:353:6:st25r95_14443A_REQA	24	static
../Core/Src/st25r95.c:374:6:st25r95_14443A_ANTICOLLISION	24	static
../Core/Src/st25r95.c:394:1:st25r95_14443A_select	32	static
../Core/Src/st25r95.c:319:9:st25r95_14443A_detect	88	static
../Core/Src/st25r95.c:419:9:st25r95_15693_inventory1	24	static
../Core/Src/st25r95.c:443:9:st25r95_15693_select	24	static
../Core/Src/st25r95.c:469:6:st25r95_15693_quiet	24	static
../Core/Src/st25r95.c:493:6:st25r95_15693_resetToReady	24	static
../Core/Src/st25r95.c:517:6:st25r95_15693_anticolSetup	56	static
../Core/Src/st25r95.c:544:6:st25r95_15693_anticolSim	32	static
../Core/Src/st25r95.c:24:6:st25r95_service	48	static
../Core/Src/st25r95.c:582:6:st25r95_idle	24	static
../Core/Src/st25r95.c:609:6:st25r95_calibrate	40	static
