../Core/Inc/MaizeJSON.h:43:6:deserializeJSON	48	static
../Core/Inc/MaizeJSON.h:99:7:serializeJSON	24	static
../Core/Src/main.c:193:9:select_rfid_channel	24	static
../Core/Src/main.c:268:6:reader_irq_pulse	8	static
../Core/Src/main.c:275:6:reader_nss	16	static
../Core/Src/main.c:280:5:reader_tx	24	static
../Core/Src/main.c:285:5:reader_rx	24	static
../Core/Src/main.c:290:6:HAL_GPIO_EXTI_Callback	16	static
../Core/Src/main.c:296:6:st25_card_callback	16	static
../Core/Src/main.c:306:5:main	8	static
../Core/Src/main.c:437:6:SystemClock_Config	96	static
../Core/Src/main.c:487:13:MX_ADC1_Init	32	static
../Core/Src/main.c:546:13:MX_SPI1_Init	8	static
../Core/Src/main.c:586:13:MX_USART1_UART_Init	8	static
../Core/Src/main.c:621:13:MX_USART2_UART_Init	8	static
../Core/Src/main.c:654:13:MX_DMA_Init	16	static
../Core/Src/main.c:672:13:MX_GPIO_Init	40	static
../Core/Src/main.c:760:6:StartDefaultTask	40	static
../Core/Src/main.c:800:6:StartRFIDTask	32	static
../Core/Src/main.c:842:6:StartBluetoothTask	24	static
../Core/Src/main.c:869:6:StartBatteryTask	40	static
../Core/Src/main.c:914:6:StartBroadcastTask	32	static
../Core/Src/main.c:952:6:Error_Handler	4	static,ignoring_inline_asm
