../Core/Inc/MaizeJSON.h:43:6:deserializeJSON	48	static
../Core/Inc/MaizeJSON.h:99:6:serializeJSON	24	static
../Core/Src/main.c:180:9:select_rfid_channel	24	static
../Core/Src/main.c:266:6:reader_irq_pulse	8	static
../Core/Src/main.c:275:6:reader_nss	16	static
../Core/Src/main.c:280:5:reader_tx	24	static
../Core/Src/main.c:286:5:reader_rx	24	static
../Core/Src/main.c:292:6:HAL_GPIO_EXTI_Callback	16	static
../Core/Src/main.c:299:6:st25_card_callback	16	static
../Core/Src/main.c:311:5:main	8	static
../Core/Src/main.c:464:6:SystemClock_Config	96	static
../Core/Src/main.c:514:13:MX_ADC1_Init	32	static
../Core/Src/main.c:573:13:MX_SPI1_Init	8	static
../Core/Src/main.c:613:13:MX_USART1_UART_Init	8	static
../Core/Src/main.c:648:13:MX_USART2_UART_Init	8	static
../Core/Src/main.c:681:13:MX_DMA_Init	16	static
../Core/Src/main.c:699:13:MX_GPIO_Init	48	static
../Core/Src/main.c:789:6:StartDefaultTask	40	static
../Core/Src/main.c:834:6:StartRFIDTask	32	static
../Core/Src/main.c:877:6:StartBluetoothTask	24	static
../Core/Src/main.c:904:6:StartBatteryTask	40	static
../Core/Src/main.c:950:6:StartBroadcastTask	24	static
../Core/Src/main.c:993:6:Error_Handler	4	static,ignoring_inline_asm
