../Core/Inc/MaizeJSON.h:43:6:deserializeJSON	48	static
../Core/Inc/MaizeJSON.h:99:6:serializeJSON	24	static
../Core/Src/main.c:178:9:select_rfid_channel	24	static
../Core/Src/main.c:264:6:reader_irq_pulse	8	static
../Core/Src/main.c:273:6:reader_nss	16	static
../Core/Src/main.c:278:5:reader_tx	24	static
../Core/Src/main.c:284:5:reader_rx	24	static
../Core/Src/main.c:290:6:HAL_GPIO_EXTI_Callback	16	static
../Core/Src/main.c:297:6:st25_card_callback	16	static
../Core/Src/main.c:309:5:main	8	static
../Core/Src/main.c:462:6:SystemClock_Config	96	static
../Core/Src/main.c:512:13:MX_ADC1_Init	32	static
../Core/Src/main.c:571:13:MX_SPI1_Init	8	static
../Core/Src/main.c:611:13:MX_USART1_UART_Init	8	static
../Core/Src/main.c:646:13:MX_USART2_UART_Init	8	static
../Core/Src/main.c:679:13:MX_DMA_Init	16	static
../Core/Src/main.c:697:13:MX_GPIO_Init	48	static
../Core/Src/main.c:770:6:HAL_UART_RxCpltCallback	24	static
../Core/Src/main.c:787:6:StartDefaultTask	24	static
../Core/Src/main.c:818:6:StartRFIDTask	32	static
../Core/Src/main.c:861:6:StartBluetoothTask	24	static
../Core/Src/main.c:889:6:StartBatteryTask	40	static
../Core/Src/main.c:935:6:StartBroadcastTask	24	static
../Core/Src/main.c:958:6:Error_Handler	4	static,ignoring_inline_asm
