../Core/Inc/MaizeJSON.h:43:6:deserializeJSON	48	static
../Core/Inc/MaizeJSON.h:99:6:serializeJSON	24	static
../Core/Src/main.c:149:6:reader_irq_pulse	8	static
../Core/Src/main.c:158:6:reader_nss	16	static
../Core/Src/main.c:163:5:reader_tx	24	static
../Core/Src/main.c:169:5:reader_rx	24	static
../Core/Src/main.c:175:6:HAL_GPIO_EXTI_Callback	16	static
../Core/Src/main.c:182:6:st25_card_callback	16	static
../Core/Src/main.c:193:5:main	8	static
../Core/Src/main.c:336:6:SystemClock_Config	96	static
../Core/Src/main.c:386:13:MX_ADC1_Init	32	static
../Core/Src/main.c:445:13:MX_SPI1_Init	8	static
../Core/Src/main.c:485:13:MX_USART1_UART_Init	8	static
../Core/Src/main.c:520:13:MX_USART2_UART_Init	8	static
../Core/Src/main.c:553:13:MX_DMA_Init	16	static
../Core/Src/main.c:571:13:MX_GPIO_Init	48	static
../Core/Src/main.c:616:6:HAL_UART_RxCpltCallback	16	static
../Core/Src/main.c:631:6:StartDefaultTask	16	static
../Core/Src/main.c:649:6:StartRFIDTask	32	static
../Core/Src/main.c:690:6:StartBluetoothTask	280	static
../Core/Src/main.c:719:6:StartBatteryTask	40	static
../Core/Src/main.c:762:6:Error_Handler	4	static,ignoring_inline_asm
