../Core/Inc/MaizeJSON.h:43:6:deserializeJSON	48	static
../Core/Inc/MaizeJSON.h:99:7:serializeJSON	24	static
../Core/Src/main.c:186:9:select_rfid_channel	24	static
../Core/Src/main.c:261:6:reader_irq_pulse	8	static
../Core/Src/main.c:270:6:reader_nss	16	static
../Core/Src/main.c:275:5:reader_tx	24	static
../Core/Src/main.c:280:5:reader_rx	24	static
../Core/Src/main.c:287:6:HAL_GPIO_EXTI_Callback	24	static,ignoring_inline_asm
../Core/Src/main.c:309:6:st25_card_callback	16	static
../Core/Src/main.c:314:6:HAL_UART_RxHalfCpltCallback	16	static
../Core/Src/main.c:319:6:HAL_UART_RxCpltCallback	16	static
../Core/Src/main.c:332:5:main	8	static
../Core/Src/main.c:465:6:SystemClock_Config	96	static
../Core/Src/main.c:515:13:MX_ADC1_Init	32	static
../Core/Src/main.c:574:13:MX_SPI1_Init	8	static
../Core/Src/main.c:614:13:MX_USART1_UART_Init	8	static
../Core/Src/main.c:649:13:MX_USART2_UART_Init	8	static
../Core/Src/main.c:682:13:MX_DMA_Init	16	static
../Core/Src/main.c:703:13:MX_GPIO_Init	40	static
../Core/Src/main.c:785:6:StartBluetoothTask	32	static
../Core/Src/main.c:834:6:StartRFIDTask	32	static
../Core/Src/main.c:880:6:StartBatteryTask	40	static
../Core/Src/main.c:911:6:RFIDTimeoutCallback	24	static,ignoring_inline_asm
../Core/Src/main.c:932:6:Error_Handler	4	static,ignoring_inline_asm
