../Core/Inc/MaizeJSON.h:43:6:deserializeJSON	48	static
../Core/Inc/MaizeJSON.h:99:7:serializeJSON	24	static
../Core/Src/main.c:187:9:select_rfid_channel	24	static
../Core/Src/main.c:262:6:reader_irq_pulse	8	static
../Core/Src/main.c:271:6:reader_nss	16	static
../Core/Src/main.c:276:5:reader_tx	24	static
../Core/Src/main.c:281:5:reader_rx	24	static
../Core/Src/main.c:288:6:HAL_GPIO_EXTI_Callback	16	static
../Core/Src/main.c:308:6:st25_card_callback	16	static
../Core/Src/main.c:313:6:HAL_UART_RxHalfCpltCallback	16	static
../Core/Src/main.c:318:6:HAL_UART_RxCpltCallback	16	static
../Core/Src/main.c:331:5:main	8	static
../Core/Src/main.c:464:6:SystemClock_Config	96	static
../Core/Src/main.c:514:13:MX_ADC1_Init	32	static
../Core/Src/main.c:573:13:MX_SPI1_Init	8	static
../Core/Src/main.c:613:13:MX_USART1_UART_Init	8	static
../Core/Src/main.c:648:13:MX_USART2_UART_Init	8	static
../Core/Src/main.c:681:13:MX_DMA_Init	16	static
../Core/Src/main.c:706:13:MX_GPIO_Init	40	static
../Core/Src/main.c:788:6:StartBluetoothTask	32	static
../Core/Src/main.c:839:6:StartRFIDTask	32	static
../Core/Src/main.c:885:6:StartBatteryTask	40	static
../Core/Src/main.c:916:6:RFIDTimeoutCallback	16	static
../Core/Src/main.c:939:6:Error_Handler	4	static,ignoring_inline_asm
