../Core/Inc/MaizeJSON.h:43:6:deserializeJSON	48	static
../Core/Inc/MaizeJSON.h:99:6:serializeJSON	24	static
../Core/Src/main.c:169:9:select_rfid_channel	24	static
../Core/Src/main.c:255:6:reader_irq_pulse	8	static
../Core/Src/main.c:264:6:reader_nss	16	static
../Core/Src/main.c:269:5:reader_tx	24	static
../Core/Src/main.c:275:5:reader_rx	24	static
../Core/Src/main.c:281:6:HAL_GPIO_EXTI_Callback	16	static
../Core/Src/main.c:288:6:st25_card_callback	16	static
../Core/Src/main.c:300:5:main	16	static
../Core/Src/main.c:451:6:SystemClock_Config	96	static
../Core/Src/main.c:501:13:MX_ADC1_Init	32	static
../Core/Src/main.c:560:13:MX_SPI1_Init	8	static
../Core/Src/main.c:600:13:MX_USART1_UART_Init	8	static
../Core/Src/main.c:635:13:MX_USART2_UART_Init	8	static
../Core/Src/main.c:668:13:MX_DMA_Init	16	static
../Core/Src/main.c:686:13:MX_GPIO_Init	48	static
../Core/Src/main.c:741:6:HAL_UART_RxCpltCallback	16	static
../Core/Src/main.c:756:6:StartDefaultTask	16	static
../Core/Src/main.c:774:6:StartRFIDTask	32	static
../Core/Src/main.c:815:6:StartBluetoothTask	280	static
../Core/Src/main.c:844:6:StartBatteryTask	40	static
../Core/Src/main.c:887:6:Error_Handler	4	static,ignoring_inline_asm
