../Core/Inc/MaizeJSON.h:43:6:deserializeJSON	48	static
../Core/Inc/MaizeJSON.h:99:6:serializeJSON	24	static
../Core/Src/main.c:160:9:select_rfid_channel	24	static
../Core/Src/main.c:248:5:main	16	static
../Core/Src/main.c:382:6:SystemClock_Config	96	static
../Core/Src/main.c:432:13:MX_ADC1_Init	32	static
../Core/Src/main.c:491:13:MX_SPI1_Init	8	static
../Core/Src/main.c:531:13:MX_USART1_UART_Init	8	static
../Core/Src/main.c:566:13:MX_USART2_UART_Init	8	static
../Core/Src/main.c:599:13:MX_DMA_Init	16	static
../Core/Src/main.c:617:13:MX_GPIO_Init	48	static
../Core/Src/main.c:672:6:HAL_UART_RxCpltCallback	16	static
../Core/Src/main.c:687:6:StartDefaultTask	16	static
../Core/Src/main.c:705:6:StartRFIDTask	32	static
../Core/Src/main.c:746:6:StartBluetoothTask	280	static
../Core/Src/main.c:775:6:StartBatteryTask	40	static
../Core/Src/main.c:818:6:Error_Handler	4	static,ignoring_inline_asm
