../Core/Inc/MaizeJSON.h:43:6:deserializeJSON	48	static
../Core/Inc/MaizeJSON.h:99:7:serializeJSON	24	static
../Core/Src/main.c:162:9:select_rfid_channel	24	static
../Core/Src/main.c:237:6:reader_irq_pulse	8	static
../Core/Src/main.c:244:6:reader_nss	16	static
../Core/Src/main.c:249:5:reader_tx	24	static
../Core/Src/main.c:254:5:reader_rx	24	static
../Core/Src/main.c:259:6:HAL_GPIO_EXTI_Callback	16	static
../Core/Src/main.c:265:6:st25_card_callback	16	static
../Core/Src/main.c:275:5:main	8	static
../Core/Src/main.c:407:6:SystemClock_Config	96	static
../Core/Src/main.c:454:13:MX_ADC1_Init	32	static
../Core/Src/main.c:510:13:MX_SPI1_Init	8	static
../Core/Src/main.c:548:13:MX_USART1_UART_Init	8	static
../Core/Src/main.c:581:13:MX_USART2_UART_Init	8	static
../Core/Src/main.c:612:13:MX_DMA_Init	16	static
../Core/Src/main.c:629:13:MX_GPIO_Init	40	static
../Core/Src/main.c:718:6:StartDefaultTask	40	static
../Core/Src/main.c:764:6:StartRFIDTask	32	static
../Core/Src/main.c:805:6:StartBluetoothTask	24	static
../Core/Src/main.c:831:6:StartBatteryTask	40	static
../Core/Src/main.c:875:6:StartBroadcastTask	32	static
../Core/Src/main.c:912:6:Error_Handler	4	static,ignoring_inline_asm
