../Core/Src/main.c:140:5:main	8	static
../Core/Src/main.c:260:6:SystemClock_Config	96	static
../Core/Src/main.c:310:13:MX_ADC1_Init	32	static
../Core/Src/main.c:369:13:MX_SPI1_Init	8	static
../Core/Src/main.c:409:13:MX_USART1_UART_Init	8	static
../Core/Src/main.c:444:13:MX_USART2_UART_Init	8	static
../Core/Src/main.c:477:13:MX_DMA_Init	16	static
../Core/Src/main.c:495:13:MX_GPIO_Init	48	static
../Core/Src/main.c:550:6:StartDefaultTask	16	static
../Core/Src/main.c:568:6:StartRFIDTask	32	static
../Core/Src/main.c:607:6:StartBluetoothTask	88	static
../Core/Src/main.c:631:6:StartBatteryTask	40	static
../Core/Src/main.c:673:6:Error_Handler	4	static,ignoring_inline_asm
