../Core/Inc/MaizeJSON.h:43:6:deserializeJSON	48	static
../Core/Inc/MaizeJSON.h:99:7:serializeJSON	24	static
../Core/Src/main.c:179:9:select_rfid_channel	24	static
../Core/Src/main.c:254:6:reader_irq_pulse	8	static
../Core/Src/main.c:261:6:reader_nss	16	static
../Core/Src/main.c:266:5:reader_tx	24	static
../Core/Src/main.c:271:5:reader_rx	24	static
../Core/Src/main.c:276:6:HAL_GPIO_EXTI_Callback	16	static
../Core/Src/main.c:282:6:st25_card_callback	16	static
../Core/Src/main.c:292:5:main	8	static
../Core/Src/main.c:427:6:SystemClock_Config	96	static
../Core/Src/main.c:477:13:MX_ADC1_Init	32	static
../Core/Src/main.c:536:13:MX_SPI1_Init	8	static
../Core/Src/main.c:576:13:MX_USART1_UART_Init	8	static
../Core/Src/main.c:611:13:MX_USART2_UART_Init	8	static
../Core/Src/main.c:644:13:MX_DMA_Init	16	static
../Core/Src/main.c:662:13:MX_GPIO_Init	40	static
../Core/Src/main.c:750:6:StartDefaultTask	40	static
../Core/Src/main.c:790:6:StartRFIDTask	32	static
../Core/Src/main.c:832:6:StartBluetoothTask	24	static
../Core/Src/main.c:859:6:StartBatteryTask	40	static
../Core/Src/main.c:904:6:StartBroadcastTask	32	static
../Core/Src/main.c:942:6:Error_Handler	4	static,ignoring_inline_asm
