../Core/Src/main.c:118:5:main	8	static
../Core/Src/main.c:213:6:SystemClock_Config	96	static
../Core/Src/main.c:263:13:MX_ADC1_Init	32	static
../Core/Src/main.c:322:13:MX_USART1_UART_Init	8	static
../Core/Src/main.c:357:13:MX_USART2_UART_Init	8	static
../Core/Src/main.c:390:13:MX_DMA_Init	16	static
../Core/Src/main.c:408:13:MX_GPIO_Init	48	static
../Core/Src/main.c:454:6:calculateRawScore	24	static
../Core/Src/main.c:474:6:StartDefaultTask	16	static
../Core/Src/main.c:492:6:StartRFIDTask	16	static
../Core/Src/main.c:540:6:StartBluetoothTask	16	static
../Core/Src/main.c:562:6:StartBatteryTask	32	static
../Core/Src/main.c:596:6:Error_Handler	4	static,ignoring_inline_asm
