../Core/Inc/MaizeJSON.h:43:6:deserializeJSON	48	static
../Core/Inc/MaizeJSON.h:99:7:serializeJSON	32	static
../Core/Src/main.c:167:9:select_rfid_channel	24	static
../Core/Src/main.c:240:6:reader_irq_pulse	8	static
../Core/Src/main.c:249:6:reader_nss	16	static
../Core/Src/main.c:254:5:reader_tx	24	static
../Core/Src/main.c:259:5:reader_rx	24	static
../Core/Src/main.c:266:6:HAL_GPIO_EXTI_Callback	16	static
../Core/Src/main.c:286:6:st25_card_callback	16	static
../Core/Src/main.c:291:6:HAL_UART_RxHalfCpltCallback	16	static
../Core/Src/main.c:296:6:HAL_UART_RxCpltCallback	16	static
../Core/Src/main.c:309:5:main	8	static
../Core/Src/main.c:442:6:SystemClock_Config	96	static
../Core/Src/main.c:492:13:MX_ADC1_Init	32	static
../Core/Src/main.c:551:13:MX_SPI1_Init	8	static
../Core/Src/main.c:591:13:MX_USART1_UART_Init	8	static
../Core/Src/main.c:626:13:MX_USART2_UART_Init	8	static
../Core/Src/main.c:659:13:MX_DMA_Init	16	static
../Core/Src/main.c:684:13:MX_GPIO_Init	40	static
../Core/Src/main.c:766:6:StartBluetoothTask	40	static
../Core/Src/main.c:826:6:StartRFIDTask	32	static
../Core/Src/main.c:881:6:StartBatteryTask	40	static
../Core/Src/main.c:912:6:RFIDTimeoutCallback	16	static
../Core/Src/main.c:935:6:Error_Handler	4	static,ignoring_inline_asm
