../Core/Inc/MaizeJSON.h:43:6:deserializeJSON	48	static
../Core/Inc/MaizeJSON.h:99:6:serializeJSON	24	static
../Core/Src/main.c:144:5:main	8	static
../Core/Src/main.c:270:6:SystemClock_Config	96	static
../Core/Src/main.c:320:13:MX_ADC1_Init	32	static
../Core/Src/main.c:379:13:MX_SPI1_Init	8	static
../Core/Src/main.c:419:13:MX_USART1_UART_Init	8	static
../Core/Src/main.c:454:13:MX_USART2_UART_Init	8	static
../Core/Src/main.c:487:13:MX_DMA_Init	16	static
../Core/Src/main.c:505:13:MX_GPIO_Init	48	static
../Core/Src/main.c:550:6:HAL_UART_RxCpltCallback	16	static
../Core/Src/main.c:565:6:StartDefaultTask	16	static
../Core/Src/main.c:583:6:StartRFIDTask	32	static
../Core/Src/main.c:624:6:StartBluetoothTask	280	static
../Core/Src/main.c:653:6:StartBatteryTask	40	static
../Core/Src/main.c:696:6:Error_Handler	4	static,ignoring_inline_asm
