../Core/Src/stm32l4xx_it.c:66:6:pop_registers_from_fault_stack	48	static
../Core/Src/stm32l4xx_it.c:97:6:NMI_Handler	4	static
../Core/Src/stm32l4xx_it.c:112:6:HardFault_Handler	4	static,ignoring_inline_asm
../Core/Src/stm32l4xx_it.c:137:6:MemManage_Handler	4	static
../Core/Src/stm32l4xx_it.c:152:6:BusFault_Handler	4	static
../Core/Src/stm32l4xx_it.c:167:6:UsageFault_Handler	4	static
../Core/Src/stm32l4xx_it.c:182:6:DebugMon_Handler	4	static
../Core/Src/stm32l4xx_it.c:195:6:SysTick_Handler	8	static
../Core/Src/stm32l4xx_it.c:224:6:DMA1_Channel1_IRQHandler	8	static
../Core/Src/stm32l4xx_it.c:238:6:DMA1_Channel5_IRQHandler	8	static
../Core/Src/stm32l4xx_it.c:252:6:USART1_IRQHandler	8	static
../Core/Src/stm32l4xx_it.c:266:6:EXTI15_10_IRQHandler	8	static
