Archive member included to satisfy reference by file (symbol)

c:/st/stm32cubeide_1.7.0/stm32cubeide/plugins/com.st.stm32cube.ide.mcu.externaltools.gnu-tools-for-stm32.10.3-2021.10.win32_1.0.100.202210260954/tools/bin/../lib/gcc/arm-none-eabi/10.3.1/../../../../arm-none-eabi/lib/thumb/v7e-m+fp/hard\libc_nano.a(lib_a-ctype_.o)
                              ./Core/Src/cJSON.o (_ctype_)
c:/st/stm32cubeide_1.7.0/stm32cubeide/plugins/com.st.stm32cube.ide.mcu.externaltools.gnu-tools-for-stm32.10.3-2021.10.win32_1.0.100.202210260954/tools/bin/../lib/gcc/arm-none-eabi/10.3.1/../../../../arm-none-eabi/lib/thumb/v7e-m+fp/hard\libc_nano.a(lib_a-errno.o)
                              ./Core/Src/syscalls.o (__errno)
c:/st/stm32cubeide_1.7.0/stm32cubeide/plugins/com.st.stm32cube.ide.mcu.externaltools.gnu-tools-for-stm32.10.3-2021.10.win32_1.0.100.202210260954/tools/bin/../lib/gcc/arm-none-eabi/10.3.1/../../../../arm-none-eabi/lib/thumb/v7e-m+fp/hard\libc_nano.a(lib_a-exit.o)
                              c:/st/stm32cubeide_1.7.0/stm32cubeide/plugins/com.st.stm32cube.ide.mcu.externaltools.gnu-tools-for-stm32.10.3-2021.10.win32_1.0.100.202210260954/tools/bin/../lib/gcc/arm-none-eabi/10.3.1/../../../../arm-none-eabi/lib/thumb/v7e-m+fp/hard/crt0.o (exit)
c:/st/stm32cubeide_1.7.0/stm32cubeide/plugins/com.st.stm32cube.ide.mcu.externaltools.gnu-tools-for-stm32.10.3-2021.10.win32_1.0.100.202210260954/tools/bin/../lib/gcc/arm-none-eabi/10.3.1/../../../../arm-none-eabi/lib/thumb/v7e-m+fp/hard\libc_nano.a(lib_a-findfp.o)
                              ./Middlewares/Third_Party/FreeRTOS/Source/tasks.o (__sf_fake_stderr)
c:/st/stm32cubeide_1.7.0/stm32cubeide/plugins/com.st.stm32cube.ide.mcu.externaltools.gnu-tools-for-stm32.10.3-2021.10.win32_1.0.100.202210260954/tools/bin/../lib/gcc/arm-none-eabi/10.3.1/../../../../arm-none-eabi/lib/thumb/v7e-m+fp/hard\libc_nano.a(lib_a-fwalk.o)
                              c:/st/stm32cubeide_1.7.0/stm32cubeide/plugins/com.st.stm32cube.ide.mcu.externaltools.gnu-tools-for-stm32.10.3-2021.10.win32_1.0.100.202210260954/tools/bin/../lib/gcc/arm-none-eabi/10.3.1/../../../../arm-none-eabi/lib/thumb/v7e-m+fp/hard\libc_nano.a(lib_a-findfp.o) (_fwalk)
c:/st/stm32cubeide_1.7.0/stm32cubeide/plugins/com.st.stm32cube.ide.mcu.externaltools.gnu-tools-for-stm32.10.3-2021.10.win32_1.0.100.202210260954/tools/bin/../lib/gcc/arm-none-eabi/10.3.1/../../../../arm-none-eabi/lib/thumb/v7e-m+fp/hard\libc_nano.a(lib_a-impure.o)
                              c:/st/stm32cubeide_1.7.0/stm32cubeide/plugins/com.st.stm32cube.ide.mcu.externaltools.gnu-tools-for-stm32.10.3-2021.10.win32_1.0.100.202210260954/tools/bin/../lib/gcc/arm-none-eabi/10.3.1/../../../../arm-none-eabi/lib/thumb/v7e-m+fp/hard\libc_nano.a(lib_a-exit.o) (_global_impure_ptr)
c:/st/stm32cubeide_1.7.0/stm32cubeide/plugins/com.st.stm32cube.ide.mcu.externaltools.gnu-tools-for-stm32.10.3-2021.10.win32_1.0.100.202210260954/tools/bin/../lib/gcc/arm-none-eabi/10.3.1/../../../../arm-none-eabi/lib/thumb/v7e-m+fp/hard\libc_nano.a(lib_a-init.o)
                              c:/st/stm32cubeide_1.7.0/stm32cubeide/plugins/com.st.stm32cube.ide.mcu.externaltools.gnu-tools-for-stm32.10.3-2021.10.win32_1.0.100.202210260954/tools/bin/../lib/gcc/arm-none-eabi/10.3.1/../../../../arm-none-eabi/lib/thumb/v7e-m+fp/hard/crt0.o (__libc_init_array)
c:/st/stm32cubeide_1.7.0/stm32cubeide/plugins/com.st.stm32cube.ide.mcu.externaltools.gnu-tools-for-stm32.10.3-2021.10.win32_1.0.100.202210260954/tools/bin/../lib/gcc/arm-none-eabi/10.3.1/../../../../arm-none-eabi/lib/thumb/v7e-m+fp/hard\libc_nano.a(lib_a-lock.o)
                              c:/st/stm32cubeide_1.7.0/stm32cubeide/plugins/com.st.stm32cube.ide.mcu.externaltools.gnu-tools-for-stm32.10.3-2021.10.win32_1.0.100.202210260954/tools/bin/../lib/gcc/arm-none-eabi/10.3.1/../../../../arm-none-eabi/lib/thumb/v7e-m+fp/hard\libc_nano.a(lib_a-findfp.o) (__retarget_lock_init_recursive)
c:/st/stm32cubeide_1.7.0/stm32cubeide/plugins/com.st.stm32cube.ide.mcu.externaltools.gnu-tools-for-stm32.10.3-2021.10.win32_1.0.100.202210260954/tools/bin/../lib/gcc/arm-none-eabi/10.3.1/../../../../arm-none-eabi/lib/thumb/v7e-m+fp/hard\libc_nano.a(lib_a-malloc.o)
                              ./Core/Src/cJSON.o (malloc)
c:/st/stm32cubeide_1.7.0/stm32cubeide/plugins/com.st.stm32cube.ide.mcu.externaltools.gnu-tools-for-stm32.10.3-2021.10.win32_1.0.100.202210260954/tools/bin/../lib/gcc/arm-none-eabi/10.3.1/../../../../arm-none-eabi/lib/thumb/v7e-m+fp/hard\libc_nano.a(lib_a-memcpy-stub.o)
                              ./Core/Src/cJSON.o (memcpy)
c:/st/stm32cubeide_1.7.0/stm32cubeide/plugins/com.st.stm32cube.ide.mcu.externaltools.gnu-tools-for-stm32.10.3-2021.10.win32_1.0.100.202210260954/tools/bin/../lib/gcc/arm-none-eabi/10.3.1/../../../../arm-none-eabi/lib/thumb/v7e-m+fp/hard\libc_nano.a(lib_a-memset.o)
[...]
Memory Configuration

Name             Origin             Length             Attributes
RAM              0x0000000020000000 0x0000000000028000 xrw
RAM2             0x0000000010000000 0x0000000000008000 xrw
FLASH            0x0000000008000000 0x0000000000080000 xr
*default*        0x0000000000000000 0xffffffffffffffff

Linker script and memory map

LOAD c:/st/stm32cubeide_1.7.0/stm32cubeide/plugins/com.st.stm32cube.ide.mcu.externaltools.gnu-tools-for-stm32.10.3-2021.10.win32_1.0.100.202210260954/tools/bin/../lib/gcc/arm-none-eabi/10.3.1/thumb/v7e-m+fp/hard/crti.o
LOAD c:/st/stm32cubeide_1.7.0/stm32cubeide/plugins/com.st.stm32cube.ide.mcu.externaltools.gnu-tools-for-stm32.10.3-2021.10.win32_1.0.100.202210260954/tools/bin/../lib/gcc/arm-none-eabi/10.3.1/thumb/v7e-m+fp/hard/crtbegin.o
LOAD c:/st/stm32cubeide_1.7.0/stm32cubeide/plugins/com.st.stm32cube.ide.mcu.externaltools.gnu-tools-for-stm32.10.3-2021.10.win32_1.0.100.202210260954/tools/bin/../lib/gcc/arm-none-eabi/10.3.1/../../../../arm-none-eabi/lib/thumb/v7e-m+fp/hard/crt0.o
LOAD ./Core/Src/bluetooth.o
LOAD ./Core/Src/cJSON.o
LOAD ./Core/Src/freertos.o
LOAD ./Core/Src/main.o
LOAD ./Core/Src/reader.o
LOAD ./Core/Src/st25r95.o
LOAD ./Core/Src/stm32l4xx_hal_msp.o
LOAD ./Core/Src/stm32l4xx_it.o
LOAD ./Core/Src/syscalls.o
LOAD ./Core/Src/sysmem.o
LOAD ./Core/Src/system_stm32l4xx.o
LOAD ./Core/Startup/startup_stm32l452retxp.o
LOAD ./Drivers/STM32L4xx_HAL_Driver/Src/stm32l4xx_hal.o
LOAD ./Drivers/STM32L4xx_HAL_Driver/Src/stm32l4xx_hal_adc.o
LOAD ./Drivers/STM32L4xx_HAL_Driver/Src/stm32l4xx_hal_adc_ex.o
LOAD ./Drivers/STM32L4xx_HAL_Driver/Src/stm32l4xx_hal_cortex.o
LOAD ./Drivers/STM32L4xx_HAL_Driver/Src/stm32l4xx_hal_dma.o
LOAD ./Drivers/STM32L4xx_HAL_Driver/Src/stm32l4xx_hal_dma_ex.o
LOAD ./Drivers/STM32L4xx_HAL_Driver/Src/stm32l4xx_hal_exti.o
LOAD ./Drivers/STM32L4xx_HAL_Driver/Src/stm32l4xx_hal_flash.o
LOAD ./Drivers/STM32L4xx_HAL_Driver/Src/stm32l4xx_hal_flash_ex.o
LOAD ./Drivers/STM32L4xx_HAL_Driver/Src/stm32l4xx_hal_flash_ramfunc.o
LOAD ./Drivers/STM32L4xx_HAL_Driver/Src/stm32l4xx_hal_gpio.o
LOAD ./Drivers/STM32L4xx_HAL_Driver/Src/stm32l4xx_hal_i2c.o
LOAD ./Drivers/STM32L4xx_HAL_Driver/Src/stm32l4xx_hal_i2c_ex.o
LOAD ./Drivers/STM32L4xx_HAL_Driver/Src/stm32l4xx_hal_pwr.o
LOAD ./Drivers/STM32L4xx_HAL_Driver/Src/stm32l4xx_hal_pwr_ex.o
LOAD ./Drivers/STM32L4xx_HAL_Driver/Src/stm32l4xx_hal_rcc.o
LOAD ./Drivers/STM32L4xx_HAL_Driver/Src/stm32l4xx_hal_rcc_ex.o
LOAD ./Drivers/STM32L4xx_HAL_Driver/Src/stm32l4xx_hal_spi.o
LOAD ./Drivers/STM32L4xx_HAL_Driver/Src/stm32l4xx_hal_spi_ex.o
LOAD ./Drivers/STM32L4xx_HAL_Driver/Src/stm32l4xx_hal_tim.o
LOAD ./Drivers/STM32L4xx_HAL_Driver/Src/stm32l4xx_hal_tim_ex.o
LOAD ./Drivers/STM32L4xx_HAL_Driver/Src/stm32l4xx_hal_uart.o
LOAD ./Drivers/STM32L4xx_HAL_Driver/Src/stm32l4xx_hal_uart_ex.o
LOAD ./Middlewares/Third_Party/FreeRTOS/Source/CMSIS_RTOS_V2/cmsis_os2.o
LOAD ./Middlewares/Third_Party/FreeRTOS/Source/croutine.o
LOAD ./Middlewares/Third_Party/FreeRTOS/Source/event_groups.o
LOAD ./Middlewares/Third_Party/FreeRTOS/Source/list.o
LOAD ./Middlewares/Third_Party/FreeRTOS/Source/queue.o
LOAD ./Middlewares/Third_Party/FreeRTOS/Source/stream_buffer.o
LOAD ./Middlewares/Third_Party/FreeRTOS/Source/tasks.o
LOAD ./Middlewares/Third_Party/FreeRTOS/Source/timers.o
LOAD ./Middlewares/Third_Party/FreeRTOS/Source/portable/GCC/ARM_CM4F/port.o
LOAD ./Middlewares/Third_Party/FreeRTOS/Source/portable/MemMang/heap_4.o
START GROUP
LOAD c:/st/stm32cubeide_1.7.0/stm32cubeide/plugins/com.st.stm32cube.ide.mcu.externaltools.gnu-tools-for-stm32.10.3-2021.10.win32_1.0.100.202210260954/tools/bin/../lib/gcc/arm-none-eabi/10.3.1/../../../../arm-none-eabi/lib/thumb/v7e-m+fp/hard\libc_nano.a
LOAD c:/st/stm32cubeide_1.7.0/stm32cubeide/plugins/com.st.stm32cube.ide.mcu.externaltools.gnu-tools-for-stm32.10.3-2021.10.win32_1.0.100.202210260954/tools/bin/../lib/gcc/arm-none-eabi/10.3.1/../../../../arm-none-eabi/lib/thumb/v7e-m+fp/hard\libm.a
END GROUP
START GROUP
LOAD c:/st/stm32cubeide_1.7.0/stm32cubeide/plugins/com.st.stm32cube.ide.mcu.externaltools.gnu-tools-for-stm32.10.3-2021.10.win32_1.0.100.202210260954/tools/bin/../lib/gcc/arm-none-eabi/10.3.1/thumb/v7e-m+fp/hard\libgcc.a
LOAD c:/st/stm32cubeide_1.7.0/stm32cubeide/plugins/com.st.stm32cube.ide.mcu.externaltools.gnu-tools-for-stm32.10.3-2021.10.win32_1.0.100.202210260954/tools/bin/../lib/gcc/arm-none-eabi/10.3.1/../../../../arm-none-eabi/lib/thumb/v7e-m+fp/hard\libc_nano.a
END GROUP
START GROUP
LOAD c:/st/stm32cubeide_1.7.0/stm32cubeide/plugins/com.st.stm32cube.ide.mcu.externaltools.gnu-tools-for-stm32.10.3-2021.10.win32_1.0.100.202210260954/tools/bin/../lib/gcc/arm-none-eabi/10.3.1/thumb/v7e-m+fp/hard\libgcc.a
LOAD c:/st/stm32cubeide_1.7.0/stm32cubeide/plugins/com.st.stm32cube.ide.mcu.externaltools.gnu-tools-for-stm32.10.3-2021.10.win32_1.0.100.202210260954/tools/bin/../lib/gcc/arm-none-eabi/10.3.1/../../../../arm-none-eabi/lib/thumb/v7e-m+fp/hard\libc_nano.a
LOAD c:/st/stm32cubeide_1.7.0/stm32cubeide/plugins/com.st.stm32cube.ide.mcu.externaltools.gnu-tools-for-stm32.10.3-2021.10.win32_1.0.100.202210260954/tools/bin/../lib/gcc/arm-none-eabi/10.3.1/../../../../arm-none-eabi/lib/thumb/v7e-m+fp/hard\libnosys.a
END GROUP
START GROUP
LOAD c:/st/stm32cubeide_1.7.0/stm32cubeide/plugins/com.st.stm32cube.ide.mcu.externaltools.gnu-tools-for-stm32.10.3-2021.10.win32_1.0.100.202210260954/tools/bin/../lib/gcc/arm-none-eabi/10.3.1/thumb/v7e-m+fp/hard\libgcc.a
LOAD c:/st/stm32cubeide_1.7.0/stm32cubeide/plugins/com.st.stm32cube.ide.mcu.externaltools.gnu-tools-for-stm32.10.3-2021.10.win32_1.0.100.202210260954/tools/bin/../lib/gcc/arm-none-eabi/10.3.1/../../../../arm-none-eabi/lib/thumb/v7e-m+fp/hard\libc_nano.a
LOAD c:/st/stm32cubeide_1.7.0/stm32cubeide/plugins/com.st.stm32cube.ide.mcu.externaltools.gnu-tools-for-stm32.10.3-2021.10.win32_1.0.100.202210260954/tools/bin/../lib/gcc/arm-none-eabi/10.3.1/../../../../arm-none-eabi/lib/thumb/v7e-m+fp/hard\libnosys.a
END GROUP
LOAD c:/st/stm32cubeide_1.7.0/stm32cubeide/plugins/com.st.stm32cube.ide.mcu.externaltools.gnu-tools-for-stm32.10.3-2021.10.win32_1.0.100.202210260954/tools/bin/../lib/gcc/arm-none-eabi/10.3.1/thumb/v7e-m+fp/hard/crtend.o
LOAD c:/st/stm32cubeide_1.7.0/stm32cubeide/plugins/com.st.stm32cube.ide.mcu.externaltools.gnu-tools-for-stm32.10.3-2021.10.win32_1.0.100.202210260954/tools/bin/../lib/gcc/arm-none-eabi/10.3.1/thumb/v7e-m+fp/hard/crtn.o
                0x0000000020028000                _estack = (ORIGIN (RAM) + LENGTH (RAM))
                0x0000000000000200                _Min_Heap_Size = 0x200
                0x0000000000000400                _Min_Stack_Size = 0x400

.isr_vector     0x0000000008000000      0x194
                0x0000000008000000                . = ALIGN (0x4)
 *(.isr_vector)
 .isr_vector    0x0000000008000000      0x194 ./Core/Startup/startup_stm32l452retxp.o
                0x0000000008000000                g_pfnVectors
                0x0000000008000194                . = ALIGN (0x4)

.text           0x00000000080001a0    0x11ce4
                0x00000000080001a0                . = ALIGN (0x4)
 *(.text)
 .text          0x00000000080001a0       0x40 c:/st/stm32cubeide_1.7.0/stm32cubeide/plugins/com.st.stm32cube.ide.mcu.externaltools.gnu-tools-for-stm32.10.3-2021.10.win32_1.0.100.202210260954/tools/bin/../lib/gcc/arm-none-eabi/10.3.1/thumb/v7e-m+fp/hard/crtbegin.o
 .text          0x00000000080001e0       0x14 c:/st/stm32cubeide_1.7.0/stm32cubeide/plugins/com.st.stm32cube.ide.mcu.externaltools.gnu-tools-for-stm32.10.3-2021.10.win32_1.0.100.202210260954/tools/bin/../lib/gcc/arm-none-eabi/10.3.1/../../../../arm-none-eabi/lib/thumb/v7e-m+fp/hard\libc_nano.a(lib_a-strcmp.o)
                0x00000000080001e0                strcmp
 .text          0x00000000080001f4       0x10 c:/st/stm32cubeide_1.7.0/stm32cubeide/plugins/com.st.stm32cube.ide.mcu.externaltools.gnu-tools-for-stm32.10.3-2021.10.win32_1.0.100.202210260954/tools/bin/../lib/gcc/arm-none-eabi/10.3.1/../../../../arm-none-eabi/lib/thumb/v7e-m+fp/hard\libc_nano.a(lib_a-strlen.o)
                0x00000000080001f4                strlen
 *fill*         0x0000000008000204        0xc 
 .text          0x0000000008000210       0xa0 c:/st/stm32cubeide_1.7.0/stm32cubeide/plugins/com.st.stm32cube.ide.mcu.externaltools.gnu-tools-for-stm32.10.3-2021.10.win32_1.0.100.202210260954/tools/bin/../lib/gcc/arm-none-eabi/10.3.1/../../../../arm-none-eabi/lib/thumb/v7e-m+fp/hard\libc_nano.a(lib_a-memchr.o)
                0x0000000008000210                memchr
 .text          0x00000000080002b0      0x378 c:/st/stm32cubeide_1.7.0/stm32cubeide/plugins/com.st.stm32cube.ide.mcu.externaltools.gnu-tools-for-stm32.10.3-2021.10.win32_1.0.100.202210260954/tools/bin/../lib/gcc/arm-none-eabi/10.3.1/thumb/v7e-m+fp/hard\libgcc.a(_arm_addsubdf3.o)
                0x00000000080002b0                __aeabi_drsub
                0x00000000080002b8                __aeabi_dsub
                0x00000000080002b8                __subdf3
                0x00000000080002bc                __aeabi_dadd
                0x00000000080002bc                __adddf3
                0x0000000008000534                __floatunsidf
                0x0000000008000534                __aeabi_ui2d
                0x0000000008000554                __floatsidf
                0x0000000008000554                __aeabi_i2d
                0x0000000008000578                __aeabi_f2d
                0x0000000008000578                __extendsfdf2
                0x00000000080005bc                __floatundidf
                0x00000000080005bc                __aeabi_ul2d
                0x00000000080005cc                __floatdidf
                0x00000000080005cc                __aeabi_l2d
 .text          0x0000000008000628      0x424 c:/st/stm32cubeide_1.7.0/stm32cubeide/plugins/com.st.stm32cube.ide.mcu.externaltools.gnu-tools-for-stm32.10.3-2021.10.win32_1.0.100.202210260954/tools/bin/../lib/gcc/arm-none-eabi/10.3.1/thumb/v7e-m+fp/hard\libgcc.a(_arm_muldivdf3.o)
                0x0000000008000628                __aeabi_dmul
                0x0000000008000628                __muldf3
                0x000000000800087c                __divdf3
                0x000000000800087c                __aeabi_ddiv
 .text          0x0000000008000a4c      0x110 c:/st/stm32cubeide_1.7.0/stm32cubeide/plugins/com.st.stm32cube.ide.mcu.externaltools.gnu-tools-for-stm32.10.3-2021.10.win32_1.0.100.202210260954/tools/bin/../lib/gcc/arm-none-eabi/10.3.1/thumb/v7e-m+fp/hard\libgcc.a(_arm_cmpdf2.o)
                0x0000000008000a4c                __gtdf2
                0x0000000008000a4c                __gedf2
                0x0000000008000a54                __ltdf2
                0x0000000008000a54                __ledf2
                0x0000000008000a5c                __nedf2
                0x0000000008000a5c                __eqdf2
                0x0000000008000a5c                __cmpdf2
                0x0000000008000ad8                __aeabi_cdrcmple
                0x0000000008000ae8                __aeabi_cdcmpeq
                0x0000000008000ae8                __aeabi_cdcmple
                0x0000000008000af8                __aeabi_dcmpeq
                0x0000000008000b0c                __aeabi_dcmplt
                0x0000000008000b20                __aeabi_dcmple
                0x0000000008000b34                __aeabi_dcmpge
                0x0000000008000b48                __aeabi_dcmpgt
 .text          0x0000000008000b5c       0x2c c:/st/stm32cubeide_1.7.0/stm32cubeide/plugins/com.st.stm32cube.ide.mcu.externaltools.gnu-tools-for-stm32.10.3-2021.10.win32_1.0.100.202210260954/tools/bin/../lib/gcc/arm-none-eabi/10.3.1/thumb/v7e-m+fp/hard\libgcc.a(_arm_unorddf2.o)
                0x0000000008000b5c                __unorddf2
                0x0000000008000b5c                __aeabi_dcmpun
 .text          0x0000000008000b88       0x50 c:/st/stm32cubeide_1.7.0/stm32cubeide/plugins/com.st.stm32cube.ide.mcu.externaltools.gnu-tools-for-stm32.10.3-2021.10.win32_1.0.100.202210260954/tools/bin/../lib/gcc/arm-none-eabi/10.3.1/thumb/v7e-m+fp/hard\libgcc.a(_arm_fixdfsi.o)
                0x0000000008000b88                __aeabi_d2iz
                0x0000000008000b88                __fixdfsi
 .text          0x0000000008000bd8       0x40 c:/st/stm32cubeide_1.7.0/stm32cubeide/plugins/com.st.stm32cube.ide.mcu.externaltools.gnu-tools-for-stm32.10.3-2021.10.win32_1.0.100.202210260954/tools/bin/../lib/gcc/arm-none-eabi/10.3.1/thumb/v7e-m+fp/hard\libgcc.a(_arm_fixunsdfsi.o)
                0x0000000008000bd8                __aeabi_d2uiz
                0x0000000008000bd8                __fixunsdfsi
 .text          0x0000000008000c18       0xa0 c:/st/stm32cubeide_1.7.0/stm32cubeide/plugins/com.st.stm32cube.ide.mcu.externaltools.gnu-tools-for-stm32.10.3-2021.10.win32_1.0.100.202210260954/tools/bin/../lib/gcc/arm-none-eabi/10.3.1/thumb/v7e-m+fp/hard\libgcc.a(_arm_truncdfsf2.o)
                0x0000000008000c18                __truncdfsf2
                0x0000000008000c18                __aeabi_d2f
 .text          0x0000000008000cb8       0x30 c:/st/stm32cubeide_1.7.0/stm32cubeide/plugins/com.st.stm32cube.ide.mcu.externaltools.gnu-tools-for-stm32.10.3-2021.10.win32_1.0.100.202210260954/tools/bin/../lib/gcc/arm-none-eabi/10.3.1/thumb/v7e-m+fp/hard\libgcc.a(_aeabi_uldivmod.o)
                0x0000000008000cb8                __aeabi_uldivmod
 .text          0x0000000008000ce8       0x30 c:/st/stm32cubeide_1.7.0/stm32cubeide/plugins/com.st.stm32cube.ide.mcu.externaltools.gnu-tools-for-stm32.10.3-2021.10.win32_1.0.100.202210260954/tools/bin/../lib/gcc/arm-none-eabi/10.3.1/thumb/v7e-m+fp/hard\libgcc.a(_fixdfdi.o)
                0x0000000008000ce8                __fixdfdi
                0x0000000008000ce8                __aeabi_d2lz
 .text          0x0000000008000d18       0x3c c:/st/stm32cubeide_1.7.0/stm32cubeide/plugins/com.st.stm32cube.ide.mcu.externaltools.gnu-tools-for-stm32.10.3-2021.10.win32_1.0.100.202210260954/tools/bin/../lib/gcc/arm-none-eabi/10.3.1/thumb/v7e-m+fp/hard\libgcc.a(_fixunsdfdi.o)
                0x0000000008000d18                __fixunsdfdi
                0x0000000008000d18                __aeabi_d2ulz
 .text          0x0000000008000d54      0x2d0 c:/st/stm32cubeide_1.7.0/stm32cubeide/plugins/com.st.stm32cube.ide.mcu.externaltools.gnu-tools-for-stm32.10.3-2021.10.win32_1.0.100.202210260954/tools/bin/../lib/gcc/arm-none-eabi/10.3.1/thumb/v7e-m+fp/hard\libgcc.a(_udivmoddi4.o)
                0x0000000008000d54                __udivmoddi4
 .text          0x0000000008001024        0x4 c:/st/stm32cubeide_1.7.0/stm32cubeide/plugins/com.st.stm32cube.ide.mcu.externaltools.gnu-tools-for-stm32.10.3-2021.10.win32_1.0.100.202210260954/tools/bin/../lib/gcc/arm-none-eabi/10.3.1/thumb/v7e-m+fp/hard\libgcc.a(_dvmd_tls.o)
                0x0000000008001024                __aeabi_idiv0
                0x0000000008001024                __aeabi_ldiv0
 *(.text*)
 .text.case_insensitive_strcmp
                0x0000000008001028       0xd8 ./Core/Src/cJSON.o
 .text.cJSON_strdup
                0x0000000008001100       0x50 ./Core/Src/cJSON.o
 .text.cJSON_New_Item
                0x0000000008001150       0x2c ./Core/Src/cJSON.o
 .text.cJSON_Delete
                0x000000000800117c       0x94 ./Core/Src/cJSON.o
                0x000000000800117c                cJSON_Delete
 .text.get_decimal_point
                0x0000000008001210       0x10 ./Core/Src/cJSON.o
 .text.parse_number
                0x0000000008001220      0x1dc ./Core/Src/cJSON.o
 .text.ensure   0x00000000080013fc      0x134 ./Core/Src/cJSON.o
 .text.update_offset
                0x0000000008001530       0x42 ./Core/Src/cJSON.o
 *fill*         0x0000000008001572        0x2 
 .text.compare_double
                0x0000000008001574       0x90 ./Core/Src/cJSON.o
 .text.print_number
                0x0000000008001604      0x1e0 ./Core/Src/cJSON.o
 .text.parse_hex4
                0x00000000080017e4       0xc4 ./Core/Src/cJSON.o
 .text.utf16_literal_to_utf8
                0x00000000080018a8      0x1d0 ./Core/Src/cJSON.o
 .text.parse_string
                0x0000000008001a78      0x28c ./Core/Src/cJSON.o
 .text.print_string_ptr
                0x0000000008001d04      0x260 ./Core/Src/cJSON.o
 .text.print_string
                0x0000000008001f64       0x20 ./Core/Src/cJSON.o
 .text.buffer_skip_whitespace
                0x0000000008001f84       0x80 ./Core/Src/cJSON.o
 .text.skip_utf8_bom
                0x0000000008002004       0x68 ./Core/Src/cJSON.o
 .text.cJSON_ParseWithOpts
                0x000000000800206c       0x38 ./Core/Src/cJSON.o
                0x000000000800206c                cJSON_ParseWithOpts
 .text.cJSON_ParseWithLengthOpts
                0x00000000080020a4      0x134 ./Core/Src/cJSON.o
                0x00000000080020a4                cJSON_ParseWithLengthOpts
 .text.cJSON_Parse
                0x00000000080021d8       0x1c ./Core/Src/cJSON.o
                0x00000000080021d8                cJSON_Parse
 .text.print    0x00000000080021f4      0x108 ./Core/Src/cJSON.o
 .text.cJSON_PrintUnformatted
                0x00000000080022fc       0x20 ./Core/Src/cJSON.o
                0x00000000080022fc                cJSON_PrintUnformatted
 .text.parse_value
                0x000000000800231c      0x1d8 ./Core/Src/cJSON.o
 .text.print_value
                0x00000000080024f4      0x1c8 ./Core/Src/cJSON.o
 .text.parse_array
                0x00000000080026bc      0x188 ./Core/Src/cJSON.o
 .text.print_array
                0x0000000008002844      0x10c ./Core/Src/cJSON.o
 .text.parse_object
                0x0000000008002950      0x1fe ./Core/Src/cJSON.o
 .text.print_object
                0x0000000008002b4e      0x23c ./Core/Src/cJSON.o
 .text.get_object_item
                0x0000000008002d8a       0x90 ./Core/Src/cJSON.o
 .text.cJSON_GetObjectItem
                0x0000000008002e1a       0x1e ./Core/Src/cJSON.o
                0x0000000008002e1a                cJSON_GetObjectItem
 .text.suffix_object
                0x0000000008002e38       0x22 ./Core/Src/cJSON.o
 .text.add_item_to_array
                0x0000000008002e5a       0x6c ./Core/Src/cJSON.o
 .text.cast_away_const
                0x0000000008002ec6       0x16 ./Core/Src/cJSON.o
 .text.add_item_to_object
                0x0000000008002edc       0xaa ./Core/Src/cJSON.o
 *fill*         0x0000000008002f86        0x2 
 .text.cJSON_AddNumberToObject
                0x0000000008002f88       0x48 ./Core/Src/cJSON.o
                0x0000000008002f88                cJSON_AddNumberToObject
 .text.cJSON_CreateNumber
                0x0000000008002fd0       0x90 ./Core/Src/cJSON.o
                0x0000000008002fd0                cJSON_CreateNumber
 .text.cJSON_CreateObject
                0x0000000008003060       0x28 ./Core/Src/cJSON.o
                0x0000000008003060                cJSON_CreateObject
 .text.cJSON_IsBool
                0x0000000008003088       0x30 ./Core/Src/cJSON.o
                0x0000000008003088                cJSON_IsBool
 .text.cJSON_IsNumber
                0x00000000080030b8       0x2e ./Core/Src/cJSON.o
                0x00000000080030b8                cJSON_IsNumber
 .text.cJSON_IsObject
                0x00000000080030e6       0x2e ./Core/Src/cJSON.o
                0x00000000080030e6                cJSON_IsObject
 .text.deserializeJSON
                0x0000000008003114      0x128 ./Core/Src/main.o
                0x0000000008003114                deserializeJSON
 .text.serializeJSON
                0x000000000800323c       0xb0 ./Core/Src/main.o
                0x000000000800323c                serializeJSON
 .text.select_rfid_channel
                0x00000000080032ec      0x1d8 ./Core/Src/main.o
                0x00000000080032ec                select_rfid_channel
 .text.reader_irq_pulse
                0x00000000080034c4       0x2c ./Core/Src/main.o
                0x00000000080034c4                reader_irq_pulse
 .text.reader_nss
                0x00000000080034f0       0x2a ./Core/Src/main.o
                0x00000000080034f0                reader_nss
 *fill*         0x000000000800351a        0x2 
 .text.reader_tx
                0x000000000800351c       0x2c ./Core/Src/main.o
                0x000000000800351c                reader_tx
 .text.reader_rx
                0x0000000008003548       0x2c ./Core/Src/main.o
                0x0000000008003548                reader_rx
 .text.HAL_GPIO_EXTI_Callback
                0x0000000008003574       0x34 ./Core/Src/main.o
                0x0000000008003574                HAL_GPIO_EXTI_Callback
 .text.st25_card_callback
                0x00000000080035a8       0x14 ./Core/Src/main.o
                0x00000000080035a8                st25_card_callback
 .text.HAL_UART_RxHalfCpltCallback
                0x00000000080035bc       0x1c ./Core/Src/main.o
                0x00000000080035bc                HAL_UART_RxHalfCpltCallback
 .text.HAL_UART_RxCpltCallback
                0x00000000080035d8       0x2c ./Core/Src/main.o
                0x00000000080035d8                HAL_UART_RxCpltCallback
 .text.main     0x0000000008003604      0x184 ./Core/Src/main.o
                0x0000000008003604                main
 .text.SystemClock_Config
                0x0000000008003788       0xa2 ./Core/Src/main.o
                0x0000000008003788                SystemClock_Config
 *fill*         0x000000000800382a        0x2 
 .text.MX_ADC1_Init
                0x000000000800382c       0xd0 ./Core/Src/main.o
 .text.MX_SPI1_Init
                0x00000000080038fc       0x7c ./Core/Src/main.o
 .text.MX_USART1_UART_Init
                0x0000000008003978       0x60 ./Core/Src/main.o
 .text.MX_USART2_UART_Init
                0x00000000080039d8       0x60 ./Core/Src/main.o
 .text.MX_DMA_Init
                0x0000000008003a38       0x74 ./Core/Src/main.o
 .text.MX_GPIO_Init
                0x0000000008003aac      0x150 ./Core/Src/main.o
 *fill*         0x0000000008003bfc        0x4 
 .text.StartBluetoothTask
                0x0000000008003c00      0x11c ./Core/Src/main.o
                0x0000000008003c00                StartBluetoothTask
 .text.StartRFIDTask
                0x0000000008003d1c       0xe4 ./Core/Src/main.o
                0x0000000008003d1c                StartRFIDTask
 .text.StartBatteryTask
                0x0000000008003e00       0x6c ./Core/Src/main.o
                0x0000000008003e00                StartBatteryTask
 .text.RFIDTimeoutCallback
                0x0000000008003e6c       0x20 ./Core/Src/main.o
                0x0000000008003e6c                RFIDTimeoutCallback
 .text.Error_Handler
                0x0000000008003e8c        0xa ./Core/Src/main.o
                0x0000000008003e8c                Error_Handler
 *fill*         0x0000000008003e96        0x2 
 .text.calculateRawScore
                0x0000000008003e98       0x5c ./Core/Src/reader.o
                0x0000000008003e98                calculateRawScore
 .text.RFID_readArray
                0x0000000008003ef4       0xc8 ./Core/Src/reader.o
                0x0000000008003ef4                RFID_readArray
 .text.BeanBag_setup
                0x0000000008003fbc        0xc ./Core/Src/reader.o
                0x0000000008003fbc                BeanBag_setup
 .text.BeanBag_clearDetected
                0x0000000008003fc8       0x54 ./Core/Src/reader.o
                0x0000000008003fc8                BeanBag_clearDetected
 .text.BeanBag_clearScore
                0x000000000800401c       0x34 ./Core/Src/reader.o
                0x000000000800401c                BeanBag_clearScore
 .text.BeanBag_findIDinArray
                0x0000000008004050      0x124 ./Core/Src/reader.o
                0x0000000008004050                BeanBag_findIDinArray
 .text.st25r95_spi_tx
                0x0000000008004174       0x2c ./Core/Src/st25r95.o
                0x0000000008004174                st25r95_spi_tx
 .text.st25r95_spi_byte
                0x00000000080041a0       0x30 ./Core/Src/st25r95.o
                0x00000000080041a0                st25r95_spi_byte
 .text.st25r95_service
                0x00000000080041d0       0xb4 ./Core/Src/st25r95.o
                0x00000000080041d0                st25r95_service
 .text.st25r95_response
                0x0000000008004284       0x80 ./Core/Src/st25r95.o
                0x0000000008004284                st25r95_response
 .text.st25r95_init
                0x0000000008004304       0x66 ./Core/Src/st25r95.o
                0x0000000008004304                st25r95_init
 .text.st25r95_reset
                0x000000000800436a       0x28 ./Core/Src/st25r95.o
                0x000000000800436a                st25r95_reset
 *fill*         0x0000000008004392        0x2 
 .text.st25r95_off
                0x0000000008004394       0x60 ./Core/Src/st25r95.o
                0x0000000008004394                st25r95_off
 .text.st25r95_14443A
                0x00000000080043f4       0x78 ./Core/Src/st25r95.o
                0x00000000080043f4                st25r95_14443A
 .text.st25r95_15693
                0x000000000800446c       0x74 ./Core/Src/st25r95.o
                0x000000000800446c                st25r95_15693
 .text.st25r95_write_timerw
                0x00000000080044e0       0x70 ./Core/Src/st25r95.o
                0x00000000080044e0                st25r95_write_timerw
 .text.st25r95_write_ARC
                0x0000000008004550       0x74 ./Core/Src/st25r95.o
                0x0000000008004550                st25r95_write_ARC
 .text.st25r95_14443A_detect
                0x00000000080045c4      0x126 ./Core/Src/st25r95.o
                0x00000000080045c4                st25r95_14443A_detect
 *fill*         0x00000000080046ea        0x2 
 .text.st25r95_14443A_REQA
                0x00000000080046ec       0x78 ./Core/Src/st25r95.o
                0x00000000080046ec                st25r95_14443A_REQA
 .text.st25r95_14443A_ANTICOLLISION
                0x0000000008004764       0x8c ./Core/Src/st25r95.o
                0x0000000008004764                st25r95_14443A_ANTICOLLISION
 .text.st25r95_14443A_select
                0x00000000080047f0       0xcc ./Core/Src/st25r95.o
                0x00000000080047f0                st25r95_14443A_select
 .text.st25r95_15693_inventory1
                0x00000000080048bc       0x94 ./Core/Src/st25r95.o
                0x00000000080048bc                st25r95_15693_inventory1
 .text.st25r95_15693_select
                0x0000000008004950       0xa0 ./Core/Src/st25r95.o
                0x0000000008004950                st25r95_15693_select
 .text.st25r95_15693_quiet
                0x00000000080049f0       0x9c ./Core/Src/st25r95.o
                0x00000000080049f0                st25r95_15693_quiet
 .text.st25r95_15693_anticolSetup
                0x0000000008004a8c       0xd8 ./Core/Src/st25r95.o
                0x0000000008004a8c                st25r95_15693_anticolSetup
 .text.st25r95_15693_anticolSim
                0x0000000008004b64       0xe8 ./Core/Src/st25r95.o
                0x0000000008004b64                st25r95_15693_anticolSim
 .text.st25r95_idle
                0x0000000008004c4c       0xac ./Core/Src/st25r95.o
                0x0000000008004c4c                st25r95_idle
 .text.st25r95_calibrate
                0x0000000008004cf8      0x1b8 ./Core/Src/st25r95.o
                0x0000000008004cf8                st25r95_calibrate
 .text.HAL_MspInit
                0x0000000008004eb0       0x50 ./Core/Src/stm32l4xx_hal_msp.o
                0x0000000008004eb0                HAL_MspInit
 .text.HAL_ADC_MspInit
                0x0000000008004f00       0xe4 ./Core/Src/stm32l4xx_hal_msp.o
                0x0000000008004f00                HAL_ADC_MspInit
 .text.HAL_SPI_MspInit
                0x0000000008004fe4       0x84 ./Core/Src/stm32l4xx_hal_msp.o
                0x0000000008004fe4                HAL_SPI_MspInit
 .text.HAL_UART_MspInit
                0x0000000008005068      0x20c ./Core/Src/stm32l4xx_hal_msp.o
                0x0000000008005068                HAL_UART_MspInit
 .text.pop_registers_from_fault_stack
                0x0000000008005274       0x3a ./Core/Src/stm32l4xx_it.o
                0x0000000008005274                pop_registers_from_fault_stack
 .text.NMI_Handler
                0x00000000080052ae        0x6 ./Core/Src/stm32l4xx_it.o
                0x00000000080052ae                NMI_Handler
 .text.HardFault_Handler
                0x00000000080052b4       0x20 ./Core/Src/stm32l4xx_it.o
                0x00000000080052b4                HardFault_Handler
 .text.MemManage_Handler
                0x00000000080052d4        0x6 ./Core/Src/stm32l4xx_it.o
                0x00000000080052d4                MemManage_Handler
 .text.BusFault_Handler
                0x00000000080052da        0x6 ./Core/Src/stm32l4xx_it.o
                0x00000000080052da                BusFault_Handler
 .text.UsageFault_Handler
                0x00000000080052e0        0x6 ./Core/Src/stm32l4xx_it.o
                0x00000000080052e0                UsageFault_Handler
 .text.DebugMon_Handler
                0x00000000080052e6        0xe ./Core/Src/stm32l4xx_it.o
                0x00000000080052e6                DebugMon_Handler
 .text.SysTick_Handler
                0x00000000080052f4       0x1a ./Core/Src/stm32l4xx_it.o
                0x00000000080052f4                SysTick_Handler
 *fill*         0x000000000800530e        0x2 
 .text.DMA1_Channel1_IRQHandler
                0x0000000008005310       0x14 ./Core/Src/stm32l4xx_it.o
                0x0000000008005310                DMA1_Channel1_IRQHandler
 .text.DMA1_Channel5_IRQHandler
                0x0000000008005324       0x14 ./Core/Src/stm32l4xx_it.o
                0x0000000008005324                DMA1_Channel5_IRQHandler
 .text.USART1_IRQHandler
                0x0000000008005338       0x14 ./Core/Src/stm32l4xx_it.o
                0x0000000008005338                USART1_IRQHandler
 .text.EXTI15_10_IRQHandler
                0x000000000800534c       0x18 ./Core/Src/stm32l4xx_it.o
                0x000000000800534c                EXTI15_10_IRQHandler
 .text.DMA2_Channel6_IRQHandler
                0x0000000008005364       0x14 ./Core/Src/stm32l4xx_it.o
                0x0000000008005364                DMA2_Channel6_IRQHandler
 .text._getpid  0x0000000008005378       0x10 ./Core/Src/syscalls.o
                0x0000000008005378                _getpid
 .text._kill    0x0000000008005388       0x20 ./Core/Src/syscalls.o
                0x0000000008005388                _kill
 .text._exit    0x00000000080053a8       0x14 ./Core/Src/syscalls.o
                0x00000000080053a8                _exit
 .text._read    0x00000000080053bc       0x3a ./Core/Src/syscalls.o
                0x00000000080053bc                _read
 .text._write   0x00000000080053f6       0x38 ./Core/Src/syscalls.o
                0x00000000080053f6                _write
 .text._close   0x000000000800542e       0x18 ./Core/Src/syscalls.o
                0x000000000800542e                _close
 .text._fstat   0x0000000008005446       0x20 ./Core/Src/syscalls.o
                0x0000000008005446                _fstat
 .text._isatty  0x0000000008005466       0x16 ./Core/Src/syscalls.o
                0x0000000008005466                _isatty
 .text._lseek   0x000000000800547c       0x1a ./Core/Src/syscalls.o
                0x000000000800547c                _lseek
 *fill*         0x0000000008005496        0x2 
 .text._sbrk    0x0000000008005498       0x6c ./Core/Src/sysmem.o
                0x0000000008005498                _sbrk
 .text.SystemInit
                0x0000000008005504       0x24 ./Core/Src/system_stm32l4xx.o
                0x0000000008005504                SystemInit
 .text.Reset_Handler
                0x0000000008005528       0x50 ./Core/Startup/startup_stm32l452retxp.o
                0x0000000008005528                Reset_Handler
 .text.Default_Handler
                0x0000000008005578        0x2 ./Core/Startup/startup_stm32l452retxp.o
                0x0000000008005578                RTC_Alarm_IRQHandler
                0x0000000008005578                EXTI2_IRQHandler
                0x0000000008005578                TIM1_CC_IRQHandler
                0x0000000008005578                TSC_IRQHandler
                0x0000000008005578                TAMP_STAMP_IRQHandler
                0x0000000008005578                EXTI3_IRQHandler
                0x0000000008005578                LPTIM2_IRQHandler
                0x0000000008005578                DFSDM1_FLT1_IRQHandler
                0x0000000008005578                I2C3_ER_IRQHandler
                0x0000000008005578                EXTI0_IRQHandler
                0x0000000008005578                I2C2_EV_IRQHandler
                0x0000000008005578                CAN1_RX0_IRQHandler
                0x0000000008005578                FPU_IRQHandler
                0x0000000008005578                TIM1_UP_TIM16_IRQHandler
                0x0000000008005578                SPI1_IRQHandler
                0x0000000008005578                TIM6_DAC_IRQHandler
                0x0000000008005578                DMA2_Channel2_IRQHandler
                0x0000000008005578                DMA1_Channel4_IRQHandler
                0x0000000008005578                ADC1_IRQHandler
                0x0000000008005578                USART3_IRQHandler
                0x0000000008005578                DMA1_Channel7_IRQHandler
                0x0000000008005578                CAN1_RX1_IRQHandler
                0x0000000008005578                DMA2_Channel1_IRQHandler
                0x0000000008005578                QUADSPI_IRQHandler
                0x0000000008005578                I2C1_EV_IRQHandler
                0x0000000008005578                DMA1_Channel6_IRQHandler
                0x0000000008005578                UART4_IRQHandler
                0x0000000008005578                DMA2_Channel4_IRQHandler
                0x0000000008005578                TIM3_IRQHandler
                0x0000000008005578                RCC_IRQHandler
                0x0000000008005578                TIM1_TRG_COM_IRQHandler
                0x0000000008005578                Default_Handler
                0x0000000008005578                DMA2_Channel7_IRQHandler
                0x0000000008005578                SDMMC1_IRQHandler
                0x0000000008005578                I2C3_EV_IRQHandler
                0x0000000008005578                USB_IRQHandler
                0x0000000008005578                EXTI9_5_IRQHandler
                0x0000000008005578                RTC_WKUP_IRQHandler
                0x0000000008005578                PVD_PVM_IRQHandler
                0x0000000008005578                SPI2_IRQHandler
                0x0000000008005578                CAN1_TX_IRQHandler
                0x0000000008005578                DMA2_Channel5_IRQHandler
                0x0000000008005578                CRS_IRQHandler
                0x0000000008005578                EXTI4_IRQHandler
                0x0000000008005578                RNG_IRQHandler
                0x0000000008005578                DMA1_Channel3_IRQHandler
                0x0000000008005578                COMP_IRQHandler
                0x0000000008005578                WWDG_IRQHandler
                0x0000000008005578                I2C4_EV_IRQHandler
                0x0000000008005578                LPUART1_IRQHandler
                0x0000000008005578                TIM2_IRQHandler
                0x0000000008005578                EXTI1_IRQHandler
                0x0000000008005578                USART2_IRQHandler
                0x0000000008005578                DFSDM1_FLT0_IRQHandler
                0x0000000008005578                I2C2_ER_IRQHandler
                0x0000000008005578                DMA1_Channel2_IRQHandler
                0x0000000008005578                CAN1_SCE_IRQHandler
                0x0000000008005578                FLASH_IRQHandler
                0x0000000008005578                SPI3_IRQHandler
                0x0000000008005578                I2C1_ER_IRQHandler
                0x0000000008005578                LPTIM1_IRQHandler
                0x0000000008005578                I2C4_ER_IRQHandler
                0x0000000008005578                SAI1_IRQHandler
                0x0000000008005578                DMA2_Channel3_IRQHandler
                0x0000000008005578                TIM1_BRK_TIM15_IRQHandler
 *fill*         0x000000000800557a        0x2 
 .text.HAL_Init
                0x000000000800557c       0x40 ./Drivers/STM32L4xx_HAL_Driver/Src/stm32l4xx_hal.o
                0x000000000800557c                HAL_Init
 .text.HAL_InitTick
                0x00000000080055bc       0x78 ./Drivers/STM32L4xx_HAL_Driver/Src/stm32l4xx_hal.o
                0x00000000080055bc                HAL_InitTick
 .text.HAL_IncTick
                0x0000000008005634       0x28 ./Drivers/STM32L4xx_HAL_Driver/Src/stm32l4xx_hal.o
                0x0000000008005634                HAL_IncTick
 .text.HAL_GetTick
                0x000000000800565c       0x18 ./Drivers/STM32L4xx_HAL_Driver/Src/stm32l4xx_hal.o
                0x000000000800565c                HAL_GetTick
 .text.LL_ADC_SetCommonClock
                0x0000000008005674       0x26 ./Drivers/STM32L4xx_HAL_Driver/Src/stm32l4xx_hal_adc.o
 .text.LL_ADC_SetCommonPathInternalCh
                0x000000000800569a       0x26 ./Drivers/STM32L4xx_HAL_Driver/Src/stm32l4xx_hal_adc.o
 .text.LL_ADC_GetCommonPathInternalCh
                0x00000000080056c0       0x1c ./Drivers/STM32L4xx_HAL_Driver/Src/stm32l4xx_hal_adc.o
 .text.LL_ADC_SetOffset
                0x00000000080056dc       0x48 ./Drivers/STM32L4xx_HAL_Driver/Src/stm32l4xx_hal_adc.o
 .text.LL_ADC_GetOffsetChannel
                0x0000000008005724       0x2c ./Drivers/STM32L4xx_HAL_Driver/Src/stm32l4xx_hal_adc.o
 .text.LL_ADC_SetOffsetState
                0x0000000008005750       0x36 ./Drivers/STM32L4xx_HAL_Driver/Src/stm32l4xx_hal_adc.o
 .text.LL_ADC_SetSamplingTimeCommonConfig
                0x0000000008005786       0x26 ./Drivers/STM32L4xx_HAL_Driver/Src/stm32l4xx_hal_adc.o
 .text.LL_ADC_REG_IsTriggerSourceSWStart
                0x00000000080057ac       0x26 ./Drivers/STM32L4xx_HAL_Driver/Src/stm32l4xx_hal_adc.o
 .text.LL_ADC_REG_SetSequencerRanks
                0x00000000080057d2       0x58 ./Drivers/STM32L4xx_HAL_Driver/Src/stm32l4xx_hal_adc.o
 .text.LL_ADC_SetChannelSamplingTime
                0x000000000800582a       0x56 ./Drivers/STM32L4xx_HAL_Driver/Src/stm32l4xx_hal_adc.o
 .text.LL_ADC_SetChannelSingleDiff
                0x0000000008005880       0x48 ./Drivers/STM32L4xx_HAL_Driver/Src/stm32l4xx_hal_adc.o
 .text.LL_ADC_DisableDeepPowerDown
                0x00000000080058c8       0x24 ./Drivers/STM32L4xx_HAL_Driver/Src/stm32l4xx_hal_adc.o
 .text.LL_ADC_IsDeepPowerDownEnabled
                0x00000000080058ec       0x28 ./Drivers/STM32L4xx_HAL_Driver/Src/stm32l4xx_hal_adc.o
 .text.LL_ADC_EnableInternalRegulator
                0x0000000008005914       0x28 ./Drivers/STM32L4xx_HAL_Driver/Src/stm32l4xx_hal_adc.o
 .text.LL_ADC_IsInternalRegulatorEnabled
                0x000000000800593c       0x28 ./Drivers/STM32L4xx_HAL_Driver/Src/stm32l4xx_hal_adc.o
 .text.LL_ADC_Enable
                0x0000000008005964       0x28 ./Drivers/STM32L4xx_HAL_Driver/Src/stm32l4xx_hal_adc.o
 .text.LL_ADC_Disable
                0x000000000800598c       0x28 ./Drivers/STM32L4xx_HAL_Driver/Src/stm32l4xx_hal_adc.o
 .text.LL_ADC_IsEnabled
                0x00000000080059b4       0x26 ./Drivers/STM32L4xx_HAL_Driver/Src/stm32l4xx_hal_adc.o
 .text.LL_ADC_IsDisableOngoing
                0x00000000080059da       0x26 ./Drivers/STM32L4xx_HAL_Driver/Src/stm32l4xx_hal_adc.o
 .text.LL_ADC_REG_StartConversion
                0x0000000008005a00       0x28 ./Drivers/STM32L4xx_HAL_Driver/Src/stm32l4xx_hal_adc.o
 .text.LL_ADC_REG_IsConversionOngoing
                0x0000000008005a28       0x26 ./Drivers/STM32L4xx_HAL_Driver/Src/stm32l4xx_hal_adc.o
 .text.LL_ADC_INJ_IsConversionOngoing
                0x0000000008005a4e       0x26 ./Drivers/STM32L4xx_HAL_Driver/Src/stm32l4xx_hal_adc.o
 .text.HAL_ADC_Init
                0x0000000008005a74      0x298 ./Drivers/STM32L4xx_HAL_Driver/Src/stm32l4xx_hal_adc.o
                0x0000000008005a74                HAL_ADC_Init
 .text.HAL_ADC_Start_DMA
                0x0000000008005d0c      0x108 ./Drivers/STM32L4xx_HAL_Driver/Src/stm32l4xx_hal_adc.o
                0x0000000008005d0c                HAL_ADC_Start_DMA
 .text.HAL_ADC_ConvCpltCallback
                0x0000000008005e14       0x14 ./Drivers/STM32L4xx_HAL_Driver/Src/stm32l4xx_hal_adc.o
                0x0000000008005e14                HAL_ADC_ConvCpltCallback
 .text.HAL_ADC_ConvHalfCpltCallback
                0x0000000008005e28       0x14 ./Drivers/STM32L4xx_HAL_Driver/Src/stm32l4xx_hal_adc.o
                0x0000000008005e28                HAL_ADC_ConvHalfCpltCallback
 .text.HAL_ADC_ErrorCallback
                0x0000000008005e3c       0x14 ./Drivers/STM32L4xx_HAL_Driver/Src/stm32l4xx_hal_adc.o
                0x0000000008005e3c                HAL_ADC_ErrorCallback
 .text.HAL_ADC_ConfigChannel
                0x0000000008005e50      0x7f8 ./Drivers/STM32L4xx_HAL_Driver/Src/stm32l4xx_hal_adc.o
                0x0000000008005e50                HAL_ADC_ConfigChannel
 .text.ADC_Enable
                0x0000000008006648      0x10c ./Drivers/STM32L4xx_HAL_Driver/Src/stm32l4xx_hal_adc.o
                0x0000000008006648                ADC_Enable
 .text.ADC_Disable
                0x0000000008006754       0xbe ./Drivers/STM32L4xx_HAL_Driver/Src/stm32l4xx_hal_adc.o
                0x0000000008006754                ADC_Disable
 .text.ADC_DMAConvCplt
                0x0000000008006812       0xd8 ./Drivers/STM32L4xx_HAL_Driver/Src/stm32l4xx_hal_adc.o
                0x0000000008006812                ADC_DMAConvCplt
 .text.ADC_DMAHalfConvCplt
                0x00000000080068ea       0x1c ./Drivers/STM32L4xx_HAL_Driver/Src/stm32l4xx_hal_adc.o
                0x00000000080068ea                ADC_DMAHalfConvCplt
 .text.ADC_DMAError
                0x0000000008006906       0x34 ./Drivers/STM32L4xx_HAL_Driver/Src/stm32l4xx_hal_adc.o
                0x0000000008006906                ADC_DMAError
 .text.LL_ADC_StartCalibration
                0x000000000800693a       0x32 ./Drivers/STM32L4xx_HAL_Driver/Src/stm32l4xx_hal_adc_ex.o
 .text.LL_ADC_IsCalibrationOnGoing
                0x000000000800696c       0x28 ./Drivers/STM32L4xx_HAL_Driver/Src/stm32l4xx_hal_adc_ex.o
 .text.HAL_ADCEx_Calibration_Start
                0x0000000008006994       0xc0 ./Drivers/STM32L4xx_HAL_Driver/Src/stm32l4xx_hal_adc_ex.o
                0x0000000008006994                HAL_ADCEx_Calibration_Start
 .text.__NVIC_SetPriorityGrouping
                0x0000000008006a54       0x48 ./Drivers/STM32L4xx_HAL_Driver/Src/stm32l4xx_hal_cortex.o
 .text.__NVIC_GetPriorityGrouping
                0x0000000008006a9c       0x1c ./Drivers/STM32L4xx_HAL_Driver/Src/stm32l4xx_hal_cortex.o
 .text.__NVIC_EnableIRQ
                0x0000000008006ab8       0x3c ./Drivers/STM32L4xx_HAL_Driver/Src/stm32l4xx_hal_cortex.o
 .text.__NVIC_SetPriority
                0x0000000008006af4       0x54 ./Drivers/STM32L4xx_HAL_Driver/Src/stm32l4xx_hal_cortex.o
 .text.NVIC_EncodePriority
                0x0000000008006b48       0x66 ./Drivers/STM32L4xx_HAL_Driver/Src/stm32l4xx_hal_cortex.o
 *fill*         0x0000000008006bae        0x2 
 .text.SysTick_Config
                0x0000000008006bb0       0x44 ./Drivers/STM32L4xx_HAL_Driver/Src/stm32l4xx_hal_cortex.o
 .text.HAL_NVIC_SetPriorityGrouping
                0x0000000008006bf4       0x16 ./Drivers/STM32L4xx_HAL_Driver/Src/stm32l4xx_hal_cortex.o
                0x0000000008006bf4                HAL_NVIC_SetPriorityGrouping
 .text.HAL_NVIC_SetPriority
                0x0000000008006c0a       0x38 ./Drivers/STM32L4xx_HAL_Driver/Src/stm32l4xx_hal_cortex.o
                0x0000000008006c0a                HAL_NVIC_SetPriority
 .text.HAL_NVIC_EnableIRQ
                0x0000000008006c42       0x1c ./Drivers/STM32L4xx_HAL_Driver/Src/stm32l4xx_hal_cortex.o
                0x0000000008006c42                HAL_NVIC_EnableIRQ
 .text.HAL_SYSTICK_Config
                0x0000000008006c5e       0x18 ./Drivers/STM32L4xx_HAL_Driver/Src/stm32l4xx_hal_cortex.o
                0x0000000008006c5e                HAL_SYSTICK_Config
 *fill*         0x0000000008006c76        0x2 
 .text.HAL_DMA_Init
                0x0000000008006c78      0x170 ./Drivers/STM32L4xx_HAL_Driver/Src/stm32l4xx_hal_dma.o
                0x0000000008006c78                HAL_DMA_Init
 .text.HAL_DMA_Start_IT
                0x0000000008006de8       0xc0 ./Drivers/STM32L4xx_HAL_Driver/Src/stm32l4xx_hal_dma.o
                0x0000000008006de8                HAL_DMA_Start_IT
 .text.HAL_DMA_Abort
                0x0000000008006ea8       0x7c ./Drivers/STM32L4xx_HAL_Driver/Src/stm32l4xx_hal_dma.o
                0x0000000008006ea8                HAL_DMA_Abort
 .text.HAL_DMA_Abort_IT
                0x0000000008006f24       0x82 ./Drivers/STM32L4xx_HAL_Driver/Src/stm32l4xx_hal_dma.o
                0x0000000008006f24                HAL_DMA_Abort_IT
 .text.HAL_DMA_IRQHandler
                0x0000000008006fa6      0x15e ./Drivers/STM32L4xx_HAL_Driver/Src/stm32l4xx_hal_dma.o
                0x0000000008006fa6                HAL_DMA_IRQHandler
 .text.DMA_SetConfig
                0x0000000008007104       0x60 ./Drivers/STM32L4xx_HAL_Driver/Src/stm32l4xx_hal_dma.o
 .text.HAL_GPIO_Init
                0x0000000008007164      0x2f4 ./Drivers/STM32L4xx_HAL_Driver/Src/stm32l4xx_hal_gpio.o
                0x0000000008007164                HAL_GPIO_Init
 .text.HAL_GPIO_ReadPin
                0x0000000008007458       0x30 ./Drivers/STM32L4xx_HAL_Driver/Src/stm32l4xx_hal_gpio.o
                0x0000000008007458                HAL_GPIO_ReadPin
 .text.HAL_GPIO_WritePin
                0x0000000008007488       0x30 ./Drivers/STM32L4xx_HAL_Driver/Src/stm32l4xx_hal_gpio.o
                0x0000000008007488                HAL_GPIO_WritePin
 .text.HAL_GPIO_TogglePin
                0x00000000080074b8       0x34 ./Drivers/STM32L4xx_HAL_Driver/Src/stm32l4xx_hal_gpio.o
                0x00000000080074b8                HAL_GPIO_TogglePin
 .text.HAL_GPIO_EXTI_IRQHandler
                0x00000000080074ec       0x30 ./Drivers/STM32L4xx_HAL_Driver/Src/stm32l4xx_hal_gpio.o
                0x00000000080074ec                HAL_GPIO_EXTI_IRQHandler
 .text.HAL_PWREx_GetVoltageRange
                0x000000000800751c       0x1c ./Drivers/STM32L4xx_HAL_Driver/Src/stm32l4xx_hal_pwr_ex.o
                0x000000000800751c                HAL_PWREx_GetVoltageRange
 .text.HAL_PWREx_ControlVoltageScaling
                0x0000000008007538       0xac ./Drivers/STM32L4xx_HAL_Driver/Src/stm32l4xx_hal_pwr_ex.o
                0x0000000008007538                HAL_PWREx_ControlVoltageScaling
 .text.HAL_RCC_OscConfig
                0x00000000080075e4      0x828 ./Drivers/STM32L4xx_HAL_Driver/Src/stm32l4xx_hal_rcc.o
                0x00000000080075e4                HAL_RCC_OscConfig
 .text.HAL_RCC_ClockConfig
                0x0000000008007e0c      0x200 ./Drivers/STM32L4xx_HAL_Driver/Src/stm32l4xx_hal_rcc.o
                0x0000000008007e0c                HAL_RCC_ClockConfig
 .text.HAL_RCC_GetSysClockFreq
                0x000000000800800c      0x118 ./Drivers/STM32L4xx_HAL_Driver/Src/stm32l4xx_hal_rcc.o
                0x000000000800800c                HAL_RCC_GetSysClockFreq
 .text.HAL_RCC_GetHCLKFreq
                0x0000000008008124       0x18 ./Drivers/STM32L4xx_HAL_Driver/Src/stm32l4xx_hal_rcc.o
                0x0000000008008124                HAL_RCC_GetHCLKFreq
 .text.HAL_RCC_GetPCLK1Freq
                0x000000000800813c       0x2c ./Drivers/STM32L4xx_HAL_Driver/Src/stm32l4xx_hal_rcc.o
                0x000000000800813c                HAL_RCC_GetPCLK1Freq
 .text.HAL_RCC_GetPCLK2Freq
                0x0000000008008168       0x2c ./Drivers/STM32L4xx_HAL_Driver/Src/stm32l4xx_hal_rcc.o
                0x0000000008008168                HAL_RCC_GetPCLK2Freq
 .text.RCC_SetFlashLatencyFromMSIRange
                0x0000000008008194       0xc0 ./Drivers/STM32L4xx_HAL_Driver/Src/stm32l4xx_hal_rcc.o
 .text.HAL_RCCEx_PeriphCLKConfig
                0x0000000008008254      0x4d8 ./Drivers/STM32L4xx_HAL_Driver/Src/stm32l4xx_hal_rcc_ex.o
                0x0000000008008254                HAL_RCCEx_PeriphCLKConfig
 .text.RCCEx_PLLSAI1_Config
                0x000000000800872c      0x1e4 ./Drivers/STM32L4xx_HAL_Driver/Src/stm32l4xx_hal_rcc_ex.o
 .text.HAL_SPI_Init
                0x0000000008008910      0x146 ./Drivers/STM32L4xx_HAL_Driver/Src/stm32l4xx_hal_spi.o
                0x0000000008008910                HAL_SPI_Init
 .text.HAL_SPI_Transmit
                0x0000000008008a56      0x2dc ./Drivers/STM32L4xx_HAL_Driver/Src/stm32l4xx_hal_spi.o
                0x0000000008008a56                HAL_SPI_Transmit
 .text.HAL_SPI_Receive
                0x0000000008008d32      0x260 ./Drivers/STM32L4xx_HAL_Driver/Src/stm32l4xx_hal_spi.o
                0x0000000008008d32                HAL_SPI_Receive
 .text.HAL_SPI_TransmitReceive
                0x0000000008008f92      0x426 ./Drivers/STM32L4xx_HAL_Driver/Src/stm32l4xx_hal_spi.o
                0x0000000008008f92                HAL_SPI_TransmitReceive
 .text.SPI_WaitFlagStateUntilTimeout
                0x00000000080093b8      0x110 ./Drivers/STM32L4xx_HAL_Driver/Src/stm32l4xx_hal_spi.o
 .text.SPI_WaitFifoStateUntilTimeout
                0x00000000080094c8      0x12c ./Drivers/STM32L4xx_HAL_Driver/Src/stm32l4xx_hal_spi.o
 .text.SPI_EndRxTransaction
                0x00000000080095f4       0xb0 ./Drivers/STM32L4xx_HAL_Driver/Src/stm32l4xx_hal_spi.o
 .text.SPI_EndRxTxTransaction
                0x00000000080096a4       0x8c ./Drivers/STM32L4xx_HAL_Driver/Src/stm32l4xx_hal_spi.o
 .text.HAL_UART_Init
                0x0000000008009730       0xbc ./Drivers/STM32L4xx_HAL_Driver/Src/stm32l4xx_hal_uart.o
                0x0000000008009730                HAL_UART_Init
 .text.HAL_UART_Transmit_DMA
                0x00000000080097ec      0x120 ./Drivers/STM32L4xx_HAL_Driver/Src/stm32l4xx_hal_uart.o
                0x00000000080097ec                HAL_UART_Transmit_DMA
 .text.HAL_UART_Receive_DMA
                0x000000000800990c       0xac ./Drivers/STM32L4xx_HAL_Driver/Src/stm32l4xx_hal_uart.o
                0x000000000800990c                HAL_UART_Receive_DMA
 .text.HAL_UART_IRQHandler
                0x00000000080099b8      0x5dc ./Drivers/STM32L4xx_HAL_Driver/Src/stm32l4xx_hal_uart.o
                0x00000000080099b8                HAL_UART_IRQHandler
 .text.HAL_UART_TxCpltCallback
                0x0000000008009f94       0x14 ./Drivers/STM32L4xx_HAL_Driver/Src/stm32l4xx_hal_uart.o
                0x0000000008009f94                HAL_UART_TxCpltCallback
 .text.HAL_UART_TxHalfCpltCallback
                0x0000000008009fa8       0x14 ./Drivers/STM32L4xx_HAL_Driver/Src/stm32l4xx_hal_uart.o
                0x0000000008009fa8                HAL_UART_TxHalfCpltCallback
 .text.HAL_UART_ErrorCallback
                0x0000000008009fbc       0x14 ./Drivers/STM32L4xx_HAL_Driver/Src/stm32l4xx_hal_uart.o
                0x0000000008009fbc                HAL_UART_ErrorCallback
 .text.HAL_UART_AbortCpltCallback
                0x0000000008009fd0       0x14 ./Drivers/STM32L4xx_HAL_Driver/Src/stm32l4xx_hal_uart.o
                0x0000000008009fd0                HAL_UART_AbortCpltCallback
 .text.HAL_UART_AbortTransmitCpltCallback
                0x0000000008009fe4       0x14 ./Drivers/STM32L4xx_HAL_Driver/Src/stm32l4xx_hal_uart.o
                0x0000000008009fe4                HAL_UART_AbortTransmitCpltCallback
 .text.HAL_UART_AbortReceiveCpltCallback
                0x0000000008009ff8       0x14 ./Drivers/STM32L4xx_HAL_Driver/Src/stm32l4xx_hal_uart.o
                0x0000000008009ff8                HAL_UART_AbortReceiveCpltCallback
 .text.HAL_UARTEx_RxEventCallback
                0x000000000800a00c       0x18 ./Drivers/STM32L4xx_HAL_Driver/Src/stm32l4xx_hal_uart.o
                0x000000000800a00c                HAL_UARTEx_RxEventCallback
 .text.UART_InitCallbacksToDefault
                0x000000000800a024       0x8c ./Drivers/STM32L4xx_HAL_Driver/Src/stm32l4xx_hal_uart.o
                0x000000000800a024                UART_InitCallbacksToDefault
 .text.UART_SetConfig
                0x000000000800a0b0      0x50c ./Drivers/STM32L4xx_HAL_Driver/Src/stm32l4xx_hal_uart.o
                0x000000000800a0b0                UART_SetConfig
 .text.UART_AdvFeatureConfig
                0x000000000800a5bc      0x144 ./Drivers/STM32L4xx_HAL_Driver/Src/stm32l4xx_hal_uart.o
                0x000000000800a5bc                UART_AdvFeatureConfig
 .text.UART_CheckIdleState
                0x000000000800a700       0x92 ./Drivers/STM32L4xx_HAL_Driver/Src/stm32l4xx_hal_uart.o
                0x000000000800a700                UART_CheckIdleState
 .text.UART_WaitOnFlagUntilTimeout
                0x000000000800a792      0x188 ./Drivers/STM32L4xx_HAL_Driver/Src/stm32l4xx_hal_uart.o
                0x000000000800a792                UART_WaitOnFlagUntilTimeout
 *fill*         0x000000000800a91a        0x2 
 .text.UART_Start_Receive_DMA
                0x000000000800a91c      0x14c ./Drivers/STM32L4xx_HAL_Driver/Src/stm32l4xx_hal_uart.o
                0x000000000800a91c                UART_Start_Receive_DMA
 .text.UART_EndTxTransfer
                0x000000000800aa68       0x4c ./Drivers/STM32L4xx_HAL_Driver/Src/stm32l4xx_hal_uart.o
 .text.UART_EndRxTransfer
                0x000000000800aab4       0xc6 ./Drivers/STM32L4xx_HAL_Driver/Src/stm32l4xx_hal_uart.o
 .text.UART_DMATransmitCplt
                0x000000000800ab7a       0x9e ./Drivers/STM32L4xx_HAL_Driver/Src/stm32l4xx_hal_uart.o
 .text.UART_DMATxHalfCplt
                0x000000000800ac18       0x20 ./Drivers/STM32L4xx_HAL_Driver/Src/stm32l4xx_hal_uart.o
 .text.UART_DMAReceiveCplt
                0x000000000800ac38      0x12c ./Drivers/STM32L4xx_HAL_Driver/Src/stm32l4xx_hal_uart.o
 .text.UART_DMARxHalfCplt
                0x000000000800ad64       0x40 ./Drivers/STM32L4xx_HAL_Driver/Src/stm32l4xx_hal_uart.o
 .text.UART_DMAError
                0x000000000800ada4       0x80 ./Drivers/STM32L4xx_HAL_Driver/Src/stm32l4xx_hal_uart.o
 .text.UART_DMAAbortOnError
                0x000000000800ae24       0x30 ./Drivers/STM32L4xx_HAL_Driver/Src/stm32l4xx_hal_uart.o
 .text.UART_EndTransmit_IT
                0x000000000800ae54       0x58 ./Drivers/STM32L4xx_HAL_Driver/Src/stm32l4xx_hal_uart.o
 .text.HAL_UARTEx_WakeupCallback
                0x000000000800aeac       0x14 ./Drivers/STM32L4xx_HAL_Driver/Src/stm32l4xx_hal_uart_ex.o
                0x000000000800aeac                HAL_UARTEx_WakeupCallback
 .text.__NVIC_SetPriority
                0x000000000800aec0       0x54 ./Middlewares/Third_Party/FreeRTOS/Source/CMSIS_RTOS_V2/cmsis_os2.o
 .text.SVC_Setup
                0x000000000800af14       0x12 ./Middlewares/Third_Party/FreeRTOS/Source/CMSIS_RTOS_V2/cmsis_os2.o
 *fill*         0x000000000800af26        0x2 
 .text.osKernelInitialize
                0x000000000800af28       0x48 ./Middlewares/Third_Party/FreeRTOS/Source/CMSIS_RTOS_V2/cmsis_os2.o
                0x000000000800af28                osKernelInitialize
 .text.osKernelStart
                0x000000000800af70       0x4c ./Middlewares/Third_Party/FreeRTOS/Source/CMSIS_RTOS_V2/cmsis_os2.o
                0x000000000800af70                osKernelStart
 .text.osThreadNew
                0x000000000800afbc      0x124 ./Middlewares/Third_Party/FreeRTOS/Source/CMSIS_RTOS_V2/cmsis_os2.o
                0x000000000800afbc                osThreadNew
 .text.TimerCallback
                0x000000000800b0e0       0x2a ./Middlewares/Third_Party/FreeRTOS/Source/CMSIS_RTOS_V2/cmsis_os2.o
 *fill*         0x000000000800b10a        0x2 
 .text.osTimerNew
                0x000000000800b10c       0xf8 ./Middlewares/Third_Party/FreeRTOS/Source/CMSIS_RTOS_V2/cmsis_os2.o
                0x000000000800b10c                osTimerNew
 .text.osTimerStart
                0x000000000800b204       0x5c ./Middlewares/Third_Party/FreeRTOS/Source/CMSIS_RTOS_V2/cmsis_os2.o
                0x000000000800b204                osTimerStart
 .text.osTimerStop
                0x000000000800b260       0x6e ./Middlewares/Third_Party/FreeRTOS/Source/CMSIS_RTOS_V2/cmsis_os2.o
                0x000000000800b260                osTimerStop
 .text.osSemaphoreNew
                0x000000000800b2ce      0x112 ./Middlewares/Third_Party/FreeRTOS/Source/CMSIS_RTOS_V2/cmsis_os2.o
                0x000000000800b2ce                osSemaphoreNew
 .text.osMessageQueueNew
                0x000000000800b3e0       0xe6 ./Middlewares/Third_Party/FreeRTOS/Source/CMSIS_RTOS_V2/cmsis_os2.o
                0x000000000800b3e0                osMessageQueueNew
 *fill*         0x000000000800b4c6        0x2 
 .text.vApplicationGetIdleTaskMemory
                0x000000000800b4c8       0x34 ./Middlewares/Third_Party/FreeRTOS/Source/CMSIS_RTOS_V2/cmsis_os2.o
                0x000000000800b4c8                vApplicationGetIdleTaskMemory
 .text.vApplicationGetTimerTaskMemory
                0x000000000800b4fc       0x34 ./Middlewares/Third_Party/FreeRTOS/Source/CMSIS_RTOS_V2/cmsis_os2.o
                0x000000000800b4fc                vApplicationGetTimerTaskMemory
 .text.vListInitialise
                0x000000000800b530       0x40 ./Middlewares/Third_Party/FreeRTOS/Source/list.o
                0x000000000800b530                vListInitialise
 .text.vListInitialiseItem
                0x000000000800b570       0x1a ./Middlewares/Third_Party/FreeRTOS/Source/list.o
                0x000000000800b570                vListInitialiseItem
 .text.vListInsertEnd
                0x000000000800b58a       0x48 ./Middlewares/Third_Party/FreeRTOS/Source/list.o
                0x000000000800b58a                vListInsertEnd
 .text.vListInsert
                0x000000000800b5d2       0x72 ./Middlewares/Third_Party/FreeRTOS/Source/list.o
                0x000000000800b5d2                vListInsert
 .text.uxListRemove
                0x000000000800b644       0x54 ./Middlewares/Third_Party/FreeRTOS/Source/list.o
                0x000000000800b644                uxListRemove
 .text.xQueueGenericReset
                0x000000000800b698       0xd0 ./Middlewares/Third_Party/FreeRTOS/Source/queue.o
                0x000000000800b698                xQueueGenericReset
 .text.xQueueGenericCreateStatic
                0x000000000800b768       0xf0 ./Middlewares/Third_Party/FreeRTOS/Source/queue.o
                0x000000000800b768                xQueueGenericCreateStatic
 .text.xQueueGenericCreate
                0x000000000800b858       0x74 ./Middlewares/Third_Party/FreeRTOS/Source/queue.o
                0x000000000800b858                xQueueGenericCreate
 .text.prvInitialiseNewQueue
                0x000000000800b8cc       0x46 ./Middlewares/Third_Party/FreeRTOS/Source/queue.o
 .text.xQueueCreateCountingSemaphoreStatic
                0x000000000800b912       0x6e ./Middlewares/Third_Party/FreeRTOS/Source/queue.o
                0x000000000800b912                xQueueCreateCountingSemaphoreStatic
 .text.xQueueCreateCountingSemaphore
                0x000000000800b980       0x66 ./Middlewares/Third_Party/FreeRTOS/Source/queue.o
                0x000000000800b980                xQueueCreateCountingSemaphore
 *fill*         0x000000000800b9e6        0x2 
 .text.xQueueGenericSend
                0x000000000800b9e8      0x1fc ./Middlewares/Third_Party/FreeRTOS/Source/queue.o
                0x000000000800b9e8                xQueueGenericSend
 .text.xQueueGenericSendFromISR
                0x000000000800bbe4      0x136 ./Middlewares/Third_Party/FreeRTOS/Source/queue.o
                0x000000000800bbe4                xQueueGenericSendFromISR
 *fill*         0x000000000800bd1a        0x2 
 .text.xQueueReceive
                0x000000000800bd1c      0x1c0 ./Middlewares/Third_Party/FreeRTOS/Source/queue.o
                0x000000000800bd1c                xQueueReceive
 .text.vQueueDelete
                0x000000000800bedc       0x46 ./Middlewares/Third_Party/FreeRTOS/Source/queue.o
                0x000000000800bedc                vQueueDelete
 .text.prvCopyDataToQueue
                0x000000000800bf22       0xd4 ./Middlewares/Third_Party/FreeRTOS/Source/queue.o
 .text.prvCopyDataFromQueue
                0x000000000800bff6       0x4c ./Middlewares/Third_Party/FreeRTOS/Source/queue.o
 .text.prvUnlockQueue
                0x000000000800c042       0xa4 ./Middlewares/Third_Party/FreeRTOS/Source/queue.o
 .text.prvIsQueueEmpty
                0x000000000800c0e6       0x2c ./Middlewares/Third_Party/FreeRTOS/Source/queue.o
 .text.prvIsQueueFull
                0x000000000800c112       0x30 ./Middlewares/Third_Party/FreeRTOS/Source/queue.o
 *fill*         0x000000000800c142        0x2 
 .text.vQueueAddToRegistry
                0x000000000800c144       0x54 ./Middlewares/Third_Party/FreeRTOS/Source/queue.o
                0x000000000800c144                vQueueAddToRegistry
 .text.vQueueUnregisterQueue
                0x000000000800c198       0x54 ./Middlewares/Third_Party/FreeRTOS/Source/queue.o
                0x000000000800c198                vQueueUnregisterQueue
 .text.vQueueWaitForMessageRestricted
                0x000000000800c1ec       0x68 ./Middlewares/Third_Party/FreeRTOS/Source/queue.o
                0x000000000800c1ec                vQueueWaitForMessageRestricted
 .text.xTaskCreateStatic
                0x000000000800c254       0xba ./Middlewares/Third_Party/FreeRTOS/Source/tasks.o
                0x000000000800c254                xTaskCreateStatic
 .text.xTaskCreate
                0x000000000800c30e       0x8a ./Middlewares/Third_Party/FreeRTOS/Source/tasks.o
                0x000000000800c30e                xTaskCreate
 .text.prvInitialiseNewTask
                0x000000000800c398      0x14c ./Middlewares/Third_Party/FreeRTOS/Source/tasks.o
 .text.prvAddNewTaskToReadyList
                0x000000000800c4e4       0xe0 ./Middlewares/Third_Party/FreeRTOS/Source/tasks.o
 .text.vTaskDelayUntil
                0x000000000800c5c4       0xfc ./Middlewares/Third_Party/FreeRTOS/Source/tasks.o
                0x000000000800c5c4                vTaskDelayUntil
 .text.vTaskDelay
                0x000000000800c6c0       0x68 ./Middlewares/Third_Party/FreeRTOS/Source/tasks.o
                0x000000000800c6c0                vTaskDelay
 .text.vTaskStartScheduler
                0x000000000800c728       0xe0 ./Middlewares/Third_Party/FreeRTOS/Source/tasks.o
                0x000000000800c728                vTaskStartScheduler
 .text.vTaskSuspendAll
                0x000000000800c808       0x1c ./Middlewares/Third_Party/FreeRTOS/Source/tasks.o
                0x000000000800c808                vTaskSuspendAll
 .text.xTaskResumeAll
                0x000000000800c824      0x13c ./Middlewares/Third_Party/FreeRTOS/Source/tasks.o
                0x000000000800c824                xTaskResumeAll
 .text.xTaskGetTickCount
                0x000000000800c960       0x20 ./Middlewares/Third_Party/FreeRTOS/Source/tasks.o
                0x000000000800c960                xTaskGetTickCount
 .text.xTaskIncrementTick
                0x000000000800c980      0x174 ./Middlewares/Third_Party/FreeRTOS/Source/tasks.o
                0x000000000800c980                xTaskIncrementTick
 .text.vTaskSwitchContext
                0x000000000800caf4       0xc8 ./Middlewares/Third_Party/FreeRTOS/Source/tasks.o
                0x000000000800caf4                vTaskSwitchContext
 .text.vTaskPlaceOnEventList
                0x000000000800cbbc       0x48 ./Middlewares/Third_Party/FreeRTOS/Source/tasks.o
                0x000000000800cbbc                vTaskPlaceOnEventList
 .text.vTaskPlaceOnEventListRestricted
                0x000000000800cc04       0x58 ./Middlewares/Third_Party/FreeRTOS/Source/tasks.o
                0x000000000800cc04                vTaskPlaceOnEventListRestricted
 .text.xTaskRemoveFromEventList
                0x000000000800cc5c       0xc8 ./Middlewares/Third_Party/FreeRTOS/Source/tasks.o
                0x000000000800cc5c                xTaskRemoveFromEventList
 .text.vTaskInternalSetTimeOutState
                0x000000000800cd24       0x2c ./Middlewares/Third_Party/FreeRTOS/Source/tasks.o
                0x000000000800cd24                vTaskInternalSetTimeOutState
 .text.xTaskCheckForTimeOut
                0x000000000800cd50       0xc4 ./Middlewares/Third_Party/FreeRTOS/Source/tasks.o
                0x000000000800cd50                xTaskCheckForTimeOut
 .text.vTaskMissedYield
                0x000000000800ce14       0x18 ./Middlewares/Third_Party/FreeRTOS/Source/tasks.o
                0x000000000800ce14                vTaskMissedYield
 .text.prvIdleTask
                0x000000000800ce2c       0x30 ./Middlewares/Third_Party/FreeRTOS/Source/tasks.o
 .text.prvInitialiseTaskLists
                0x000000000800ce5c       0x80 ./Middlewares/Third_Party/FreeRTOS/Source/tasks.o
 .text.prvCheckTasksWaitingTermination
                0x000000000800cedc       0x5c ./Middlewares/Third_Party/FreeRTOS/Source/tasks.o
 .text.prvDeleteTCB
                0x000000000800cf38       0x68 ./Middlewares/Third_Party/FreeRTOS/Source/tasks.o
 .text.prvResetNextTaskUnblockTime
                0x000000000800cfa0       0x40 ./Middlewares/Third_Party/FreeRTOS/Source/tasks.o
 .text.xTaskGetSchedulerState
                0x000000000800cfe0       0x3c ./Middlewares/Third_Party/FreeRTOS/Source/tasks.o
                0x000000000800cfe0                xTaskGetSchedulerState
 .text.xTaskPriorityDisinherit
                0x000000000800d01c       0xdc ./Middlewares/Third_Party/FreeRTOS/Source/tasks.o
                0x000000000800d01c                xTaskPriorityDisinherit
 .text.prvAddCurrentTaskToDelayedList
                0x000000000800d0f8       0xa8 ./Middlewares/Third_Party/FreeRTOS/Source/tasks.o
 .text.xTimerCreateTimerTask
                0x000000000800d1a0       0x90 ./Middlewares/Third_Party/FreeRTOS/Source/timers.o
                0x000000000800d1a0                xTimerCreateTimerTask
 .text.xTimerCreate
                0x000000000800d230       0x42 ./Middlewares/Third_Party/FreeRTOS/Source/timers.o
                0x000000000800d230                xTimerCreate
 .text.xTimerCreateStatic
                0x000000000800d272       0x7c ./Middlewares/Third_Party/FreeRTOS/Source/timers.o
                0x000000000800d272                xTimerCreateStatic
 .text.prvInitialiseNewTimer
                0x000000000800d2ee       0x76 ./Middlewares/Third_Party/FreeRTOS/Source/timers.o
 .text.xTimerGenericCommand
                0x000000000800d364       0x9c ./Middlewares/Third_Party/FreeRTOS/Source/timers.o
                0x000000000800d364                xTimerGenericCommand
 .text.prvProcessExpiredTimer
                0x000000000800d400       0x98 ./Middlewares/Third_Party/FreeRTOS/Source/timers.o
 .text.prvTimerTask
                0x000000000800d498       0x24 ./Middlewares/Third_Party/FreeRTOS/Source/timers.o
 .text.prvProcessTimerOrBlockTask
                0x000000000800d4bc       0x9c ./Middlewares/Third_Party/FreeRTOS/Source/timers.o
 .text.prvGetNextExpireTime
                0x000000000800d558       0x48 ./Middlewares/Third_Party/FreeRTOS/Source/timers.o
 .text.prvSampleTimeNow
                0x000000000800d5a0       0x40 ./Middlewares/Third_Party/FreeRTOS/Source/timers.o
 .text.prvInsertTimerInActiveList
                0x000000000800d5e0       0x84 ./Middlewares/Third_Party/FreeRTOS/Source/timers.o
 .text.prvProcessReceivedCommands
                0x000000000800d664      0x1c4 ./Middlewares/Third_Party/FreeRTOS/Source/timers.o
 .text.prvSwitchTimerLists
                0x000000000800d828       0xc8 ./Middlewares/Third_Party/FreeRTOS/Source/timers.o
 .text.prvCheckForValidListAndQueue
                0x000000000800d8f0       0x80 ./Middlewares/Third_Party/FreeRTOS/Source/timers.o
 .text.xTimerIsTimerActive
                0x000000000800d970       0x52 ./Middlewares/Third_Party/FreeRTOS/Source/timers.o
                0x000000000800d970                xTimerIsTimerActive
 .text.pvTimerGetTimerID
                0x000000000800d9c2       0x40 ./Middlewares/Third_Party/FreeRTOS/Source/timers.o
                0x000000000800d9c2                pvTimerGetTimerID
 *fill*         0x000000000800da02        0x2 
 .text.pxPortInitialiseStack
                0x000000000800da04       0x68 ./Middlewares/Third_Party/FreeRTOS/Source/portable/GCC/ARM_CM4F/port.o
                0x000000000800da04                pxPortInitialiseStack
 .text.prvTaskExitError
                0x000000000800da6c       0x58 ./Middlewares/Third_Party/FreeRTOS/Source/portable/GCC/ARM_CM4F/port.o
 *fill*         0x000000000800dac4        0xc 
 .text.SVC_Handler
                0x000000000800dad0       0x28 ./Middlewares/Third_Party/FreeRTOS/Source/portable/GCC/ARM_CM4F/port.o
                0x000000000800dad0                SVC_Handler
 .text.prvPortStartFirstTask
                0x000000000800daf8       0x28 ./Middlewares/Third_Party/FreeRTOS/Source/portable/GCC/ARM_CM4F/port.o
 .text.xPortStartScheduler
                0x000000000800db20      0x144 ./Middlewares/Third_Party/FreeRTOS/Source/portable/GCC/ARM_CM4F/port.o
                0x000000000800db20                xPortStartScheduler
 .text.vPortEnterCritical
                0x000000000800dc64       0x60 ./Middlewares/Third_Party/FreeRTOS/Source/portable/GCC/ARM_CM4F/port.o
                0x000000000800dc64                vPortEnterCritical
 .text.vPortExitCritical
                0x000000000800dcc4       0x54 ./Middlewares/Third_Party/FreeRTOS/Source/portable/GCC/ARM_CM4F/port.o
                0x000000000800dcc4                vPortExitCritical
 *fill*         0x000000000800dd18        0x8 
 .text.PendSV_Handler
                0x000000000800dd20       0x68 ./Middlewares/Third_Party/FreeRTOS/Source/portable/GCC/ARM_CM4F/port.o
                0x000000000800dd20                PendSV_Handler
 .text.xPortSysTickHandler
                0x000000000800dd88       0x44 ./Middlewares/Third_Party/FreeRTOS/Source/portable/GCC/ARM_CM4F/port.o
                0x000000000800dd88                xPortSysTickHandler
 .text.vPortSetupTimerInterrupt
                0x000000000800ddcc       0x48 ./Middlewares/Third_Party/FreeRTOS/Source/portable/GCC/ARM_CM4F/port.o
                0x000000000800ddcc                vPortSetupTimerInterrupt
 .text.vPortEnableVFP
                0x000000000800de14       0x14 ./Middlewares/Third_Party/FreeRTOS/Source/portable/GCC/ARM_CM4F/port.o
 .text.vPortValidateInterruptPriority
                0x000000000800de28       0x80 ./Middlewares/Third_Party/FreeRTOS/Source/portable/GCC/ARM_CM4F/port.o
                0x000000000800de28                vPortValidateInterruptPriority
 .text.pvPortMalloc
                0x000000000800dea8      0x198 ./Middlewares/Third_Party/FreeRTOS/Source/portable/MemMang/heap_4.o
                0x000000000800dea8                pvPortMalloc
 .text.vPortFree
                0x000000000800e040       0xc4 ./Middlewares/Third_Party/FreeRTOS/Source/portable/MemMang/heap_4.o
                0x000000000800e040                vPortFree
 .text.prvHeapInit
                0x000000000800e104       0xc4 ./Middlewares/Third_Party/FreeRTOS/Source/portable/MemMang/heap_4.o
 .text.prvInsertBlockIntoFreeList
                0x000000000800e1c8       0xb4 ./Middlewares/Third_Party/FreeRTOS/Source/portable/MemMang/heap_4.o
 .text.__errno  0x000000000800e27c        0xc c:/st/stm32cubeide_1.7.0/stm32cubeide/plugins/com.st.stm32cube.ide.mcu.externaltools.gnu-tools-for-stm32.10.3-2021.10.win32_1.0.100.202210260954/tools/bin/../lib/gcc/arm-none-eabi/10.3.1/../../../../arm-none-eabi/lib/thumb/v7e-m+fp/hard\libc_nano.a(lib_a-errno.o)
                0x000000000800e27c                __errno
 .text.std      0x000000000800e288       0x48 c:/st/stm32cubeide_1.7.0/stm32cubeide/plugins/com.st.stm32cube.ide.mcu.externaltools.gnu-tools-for-stm32.10.3-2021.10.win32_1.0.100.202210260954/tools/bin/../lib/gcc/arm-none-eabi/10.3.1/../../../../arm-none-eabi/lib/thumb/v7e-m+fp/hard\libc_nano.a(lib_a-findfp.o)
 .text._cleanup_r
                0x000000000800e2d0        0xc c:/st/stm32cubeide_1.7.0/stm32cubeide/plugins/com.st.stm32cube.ide.mcu.externaltools.gnu-tools-for-stm32.10.3-2021.10.win32_1.0.100.202210260954/tools/bin/../lib/gcc/arm-none-eabi/10.3.1/../../../../arm-none-eabi/lib/thumb/v7e-m+fp/hard\libc_nano.a(lib_a-findfp.o)
                0x000000000800e2d0                _cleanup_r
 .text.__sfmoreglue
                0x000000000800e2dc       0x2c c:/st/stm32cubeide_1.7.0/stm32cubeide/plugins/com.st.stm32cube.ide.mcu.externaltools.gnu-tools-for-stm32.10.3-2021.10.win32_1.0.100.202210260954/tools/bin/../lib/gcc/arm-none-eabi/10.3.1/../../../../arm-none-eabi/lib/thumb/v7e-m+fp/hard\libc_nano.a(lib_a-findfp.o)
                0x000000000800e2dc                __sfmoreglue
 .text.__sfp_lock_acquire
                0x000000000800e308        0xc c:/st/stm32cubeide_1.7.0/stm32cubeide/plugins/com.st.stm32cube.ide.mcu.externaltools.gnu-tools-for-stm32.10.3-2021.10.win32_1.0.100.202210260954/tools/bin/../lib/gcc/arm-none-eabi/10.3.1/../../../../arm-none-eabi/lib/thumb/v7e-m+fp/hard\libc_nano.a(lib_a-findfp.o)
                0x000000000800e308                __sfp_lock_acquire
 .text.__sfp_lock_release
                0x000000000800e314        0xc c:/st/stm32cubeide_1.7.0/stm32cubeide/plugins/com.st.stm32cube.ide.mcu.externaltools.gnu-tools-for-stm32.10.3-2021.10.win32_1.0.100.202210260954/tools/bin/../lib/gcc/arm-none-eabi/10.3.1/../../../../arm-none-eabi/lib/thumb/v7e-m+fp/hard\libc_nano.a(lib_a-findfp.o)
                0x000000000800e314                __sfp_lock_release
 .text.__sinit_lock_acquire
                0x000000000800e320        0xc c:/st/stm32cubeide_1.7.0/stm32cubeide/plugins/com.st.stm32cube.ide.mcu.externaltools.gnu-tools-for-stm32.10.3-2021.10.win32_1.0.100.202210260954/tools/bin/../lib/gcc/arm-none-eabi/10.3.1/../../../../arm-none-eabi/lib/thumb/v7e-m+fp/hard\libc_nano.a(lib_a-findfp.o)
                0x000000000800e320                __sinit_lock_acquire
 .text.__sinit_lock_release
                0x000000000800e32c        0xc c:/st/stm32cubeide_1.7.0/stm32cubeide/plugins/com.st.stm32cube.ide.mcu.externaltools.gnu-tools-for-stm32.10.3-2021.10.win32_1.0.100.202210260954/tools/bin/../lib/gcc/arm-none-eabi/10.3.1/../../../../arm-none-eabi/lib/thumb/v7e-m+fp/hard\libc_nano.a(lib_a-findfp.o)
                0x000000000800e32c                __sinit_lock_release
 .text.__sinit  0x000000000800e338       0x70 c:/st/stm32cubeide_1.7.0/stm32cubeide/plugins/com.st.stm32cube.ide.mcu.externaltools.gnu-tools-for-stm32.10.3-2021.10.win32_1.0.100.202210260954/tools/bin/../lib/gcc/arm-none-eabi/10.3.1/../../../../arm-none-eabi/lib/thumb/v7e-m+fp/hard\libc_nano.a(lib_a-findfp.o)
                0x000000000800e338                __sinit
 .text.__sfp    0x000000000800e3a8       0x8c c:/st/stm32cubeide_1.7.0/stm32cubeide/plugins/com.st.stm32cube.ide.mcu.externaltools.gnu-tools-for-stm32.10.3-2021.10.win32_1.0.100.202210260954/tools/bin/../lib/gcc/arm-none-eabi/10.3.1/../../../../arm-none-eabi/lib/thumb/v7e-m+fp/hard\libc_nano.a(lib_a-findfp.o)
                0x000000000800e3a8                __sfp
 .text._fwalk_reent
                0x000000000800e434       0x3e c:/st/stm32cubeide_1.7.0/stm32cubeide/plugins/com.st.stm32cube.ide.mcu.externaltools.gnu-tools-for-stm32.10.3-2021.10.win32_1.0.100.202210260954/tools/bin/../lib/gcc/arm-none-eabi/10.3.1/../../../../arm-none-eabi/lib/thumb/v7e-m+fp/hard\libc_nano.a(lib_a-fwalk.o)
                0x000000000800e434                _fwalk_reent
 *fill*         0x000000000800e472        0x2 
 .text.__libc_init_array
                0x000000000800e474       0x48 c:/st/stm32cubeide_1.7.0/stm32cubeide/plugins/com.st.stm32cube.ide.mcu.externaltools.gnu-tools-for-stm32.10.3-2021.10.win32_1.0.100.202210260954/tools/bin/../lib/gcc/arm-none-eabi/10.3.1/../../../../arm-none-eabi/lib/thumb/v7e-m+fp/hard\libc_nano.a(lib_a-init.o)
                0x000000000800e474                __libc_init_array
 .text.__retarget_lock_init_recursive
                0x000000000800e4bc        0x2 c:/st/stm32cubeide_1.7.0/stm32cubeide/plugins/com.st.stm32cube.ide.mcu.externaltools.gnu-tools-for-stm32.10.3-2021.10.win32_1.0.100.202210260954/tools/bin/../lib/gcc/arm-none-eabi/10.3.1/../../../../arm-none-eabi/lib/thumb/v7e-m+fp/hard\libc_nano.a(lib_a-lock.o)
                0x000000000800e4bc                __retarget_lock_init_recursive
 .text.__retarget_lock_acquire_recursive
                0x000000000800e4be        0x2 c:/st/stm32cubeide_1.7.0/stm32cubeide/plugins/com.st.stm32cube.ide.mcu.externaltools.gnu-tools-for-stm32.10.3-2021.10.win32_1.0.100.202210260954/tools/bin/../lib/gcc/arm-none-eabi/10.3.1/../../../../arm-none-eabi/lib/thumb/v7e-m+fp/hard\libc_nano.a(lib_a-lock.o)
                0x000000000800e4be                __retarget_lock_acquire_recursive
 .text.__retarget_lock_release_recursive
                0x000000000800e4c0        0x2 c:/st/stm32cubeide_1.7.0/stm32cubeide/plugins/com.st.stm32cube.ide.mcu.externaltools.gnu-tools-for-stm32.10.3-2021.10.win32_1.0.100.202210260954/tools/bin/../lib/gcc/arm-none-eabi/10.3.1/../../../../arm-none-eabi/lib/thumb/v7e-m+fp/hard\libc_nano.a(lib_a-lock.o)
                0x000000000800e4c0                __retarget_lock_release_recursive
 *fill*         0x000000000800e4c2        0x2 
 .text.malloc   0x000000000800e4c4       0x10 c:/st/stm32cubeide_1.7.0/stm32cubeide/plugins/com.st.stm32cube.ide.mcu.externaltools.gnu-tools-for-stm32.10.3-2021.10.win32_1.0.100.202210260954/tools/bin/../lib/gcc/arm-none-eabi/10.3.1/../../../../arm-none-eabi/lib/thumb/v7e-m+fp/hard\libc_nano.a(lib_a-malloc.o)
                0x000000000800e4c4                malloc
 .text.free     0x000000000800e4d4       0x10 c:/st/stm32cubeide_1.7.0/stm32cubeide/plugins/com.st.stm32cube.ide.mcu.externaltools.gnu-tools-for-stm32.10.3-2021.10.win32_1.0.100.202210260954/tools/bin/../lib/gcc/arm-none-eabi/10.3.1/../../../../arm-none-eabi/lib/thumb/v7e-m+fp/hard\libc_nano.a(lib_a-malloc.o)
                0x000000000800e4d4                free
 .text.memcpy   0x000000000800e4e4       0x1c c:/st/stm32cubeide_1.7.0/stm32cubeide/plugins/com.st.stm32cube.ide.mcu.externaltools.gnu-tools-for-stm32.10.3-2021.10.win32_1.0.100.202210260954/tools/bin/../lib/gcc/arm-none-eabi/10.3.1/../../../../arm-none-eabi/lib/thumb/v7e-m+fp/hard\libc_nano.a(lib_a-memcpy-stub.o)
                0x000000000800e4e4                memcpy
 .text.memset   0x000000000800e500       0x10 c:/st/stm32cubeide_1.7.0/stm32cubeide/plugins/com.st.stm32cube.ide.mcu.externaltools.gnu-tools-for-stm32.10.3-2021.10.win32_1.0.100.202210260954/tools/bin/../lib/gcc/arm-none-eabi/10.3.1/../../../../arm-none-eabi/lib/thumb/v7e-m+fp/hard\libc_nano.a(lib_a-memset.o)
                0x000000000800e500                memset
 .text._free_r  0x000000000800e510       0x98 c:/st/stm32cubeide_1.7.0/stm32cubeide/plugins/com.st.stm32cube.ide.mcu.externaltools.gnu-tools-for-stm32.10.3-2021.10.win32_1.0.100.202210260954/tools/bin/../lib/gcc/arm-none-eabi/10.3.1/../../../../arm-none-eabi/lib/thumb/v7e-m+fp/hard\libc_nano.a(lib_a-nano-freer.o)
                0x000000000800e510                _free_r
 .text.sbrk_aligned
                0x000000000800e5a8       0x40 c:/st/stm32cubeide_1.7.0/stm32cubeide/plugins/com.st.stm32cube.ide.mcu.externaltools.gnu-tools-for-stm32.10.3-2021.10.win32_1.0.100.202210260954/tools/bin/../lib/gcc/arm-none-eabi/10.3.1/../../../../arm-none-eabi/lib/thumb/v7e-m+fp/hard\libc_nano.a(lib_a-nano-mallocr.o)
 .text._malloc_r
                0x000000000800e5e8       0xe8 c:/st/stm32cubeide_1.7.0/stm32cubeide/plugins/com.st.stm32cube.ide.mcu.externaltools.gnu-tools-for-stm32.10.3-2021.10.win32_1.0.100.202210260954/tools/bin/../lib/gcc/arm-none-eabi/10.3.1/../../../../arm-none-eabi/lib/thumb/v7e-m+fp/hard\libc_nano.a(lib_a-nano-mallocr.o)
                0x000000000800e5e8                _malloc_r
 .text.realloc  0x000000000800e6d0       0x10 c:/st/stm32cubeide_1.7.0/stm32cubeide/plugins/com.st.stm32cube.ide.mcu.externaltools.gnu-tools-for-stm32.10.3-2021.10.win32_1.0.100.202210260954/tools/bin/../lib/gcc/arm-none-eabi/10.3.1/../../../../arm-none-eabi/lib/thumb/v7e-m+fp/hard\libc_nano.a(lib_a-realloc.o)
                0x000000000800e6d0                realloc
 .text.cleanup_glue
                0x000000000800e6e0       0x1a c:/st/stm32cubeide_1.7.0/stm32cubeide/plugins/com.st.stm32cube.ide.mcu.externaltools.gnu-tools-for-stm32.10.3-2021.10.win32_1.0.100.202210260954/tools/bin/../lib/gcc/arm-none-eabi/10.3.1/../../../../arm-none-eabi/lib/thumb/v7e-m+fp/hard\libc_nano.a(lib_a-reent.o)
                0x000000000800e6e0                cleanup_glue
 *fill*         0x000000000800e6fa        0x2 
 .text._reclaim_reent
                0x000000000800e6fc       0xb8 c:/st/stm32cubeide_1.7.0/stm32cubeide/plugins/com.st.stm32cube.ide.mcu.externaltools.gnu-tools-for-stm32.10.3-2021.10.win32_1.0.100.202210260954/tools/bin/../lib/gcc/arm-none-eabi/10.3.1/../../../../arm-none-eabi/lib/thumb/v7e-m+fp/hard\libc_nano.a(lib_a-reent.o)
                0x000000000800e6fc                _reclaim_reent
 .text._sbrk_r  0x000000000800e7b4       0x20 c:/st/stm32cubeide_1.7.0/stm32cubeide/plugins/com.st.stm32cube.ide.mcu.externaltools.gnu-tools-for-stm32.10.3-2021.10.win32_1.0.100.202210260954/tools/bin/../lib/gcc/arm-none-eabi/10.3.1/../../../../arm-none-eabi/lib/thumb/v7e-m+fp/hard\libc_nano.a(lib_a-sbrkr.o)
                0x000000000800e7b4                _sbrk_r
 .text.sprintf  0x000000000800e7d4       0x40 c:/st/stm32cubeide_1.7.0/stm32cubeide/plugins/com.st.stm32cube.ide.mcu.externaltools.gnu-tools-for-stm32.10.3-2021.10.win32_1.0.100.202210260954/tools/bin/../lib/gcc/arm-none-eabi/10.3.1/../../../../arm-none-eabi/lib/thumb/v7e-m+fp/hard\libc_nano.a(lib_a-sprintf.o)
                0x000000000800e7d4                siprintf
                0x000000000800e7d4                sprintf
 .text.sscanf   0x000000000800e814       0x58 c:/st/stm32cubeide_1.7.0/stm32cubeide/plugins/com.st.stm32cube.ide.mcu.externaltools.gnu-tools-for-stm32.10.3-2021.10.win32_1.0.100.202210260954/tools/bin/../lib/gcc/arm-none-eabi/10.3.1/../../../../arm-none-eabi/lib/thumb/v7e-m+fp/hard\libc_nano.a(lib_a-sscanf.o)
                0x000000000800e814                siscanf
                0x000000000800e814                sscanf
 .text.__sread  0x000000000800e86c       0x22 c:/st/stm32cubeide_1.7.0/stm32cubeide/plugins/com.st.stm32cube.ide.mcu.externaltools.gnu-tools-for-stm32.10.3-2021.10.win32_1.0.100.202210260954/tools/bin/../lib/gcc/arm-none-eabi/10.3.1/../../../../arm-none-eabi/lib/thumb/v7e-m+fp/hard\libc_nano.a(lib_a-stdio.o)
                0x000000000800e86c                __sread
 .text.__seofread
                0x000000000800e88e        0x4 c:/st/stm32cubeide_1.7.0/stm32cubeide/plugins/com.st.stm32cube.ide.mcu.externaltools.gnu-tools-for-stm32.10.3-2021.10.win32_1.0.100.202210260954/tools/bin/../lib/gcc/arm-none-eabi/10.3.1/../../../../arm-none-eabi/lib/thumb/v7e-m+fp/hard\libc_nano.a(lib_a-stdio.o)
                0x000000000800e88e                __seofread
 .text.__swrite
                0x000000000800e892       0x38 c:/st/stm32cubeide_1.7.0/stm32cubeide/plugins/com.st.stm32cube.ide.mcu.externaltools.gnu-tools-for-stm32.10.3-2021.10.win32_1.0.100.202210260954/tools/bin/../lib/gcc/arm-none-eabi/10.3.1/../../../../arm-none-eabi/lib/thumb/v7e-m+fp/hard\libc_nano.a(lib_a-stdio.o)
                0x000000000800e892                __swrite
 .text.__sseek  0x000000000800e8ca       0x24 c:/st/stm32cubeide_1.7.0/stm32cubeide/plugins/com.st.stm32cube.ide.mcu.externaltools.gnu-tools-for-stm32.10.3-2021.10.win32_1.0.100.202210260954/tools/bin/../lib/gcc/arm-none-eabi/10.3.1/../../../../arm-none-eabi/lib/thumb/v7e-m+fp/hard\libc_nano.a(lib_a-stdio.o)
                0x000000000800e8ca                __sseek
 .text.__sclose
                0x000000000800e8ee        0x8 c:/st/stm32cubeide_1.7.0/stm32cubeide/plugins/com.st.stm32cube.ide.mcu.externaltools.gnu-tools-for-stm32.10.3-2021.10.win32_1.0.100.202210260954/tools/bin/../lib/gcc/arm-none-eabi/10.3.1/../../../../arm-none-eabi/lib/thumb/v7e-m+fp/hard\libc_nano.a(lib_a-stdio.o)
                0x000000000800e8ee                __sclose
 .text.strcpy   0x000000000800e8f6       0x10 c:/st/stm32cubeide_1.7.0/stm32cubeide/plugins/com.st.stm32cube.ide.mcu.externaltools.gnu-tools-for-stm32.10.3-2021.10.win32_1.0.100.202210260954/tools/bin/../lib/gcc/arm-none-eabi/10.3.1/../../../../arm-none-eabi/lib/thumb/v7e-m+fp/hard\libc_nano.a(lib_a-strcpy.o)
                0x000000000800e8f6                strcpy
 .text.strncmp  0x000000000800e906       0x28 c:/st/stm32cubeide_1.7.0/stm32cubeide/plugins/com.st.stm32cube.ide.mcu.externaltools.gnu-tools-for-stm32.10.3-2021.10.win32_1.0.100.202210260954/tools/bin/../lib/gcc/arm-none-eabi/10.3.1/../../../../arm-none-eabi/lib/thumb/v7e-m+fp/hard\libc_nano.a(lib_a-strncmp.o)
                0x000000000800e906                strncmp
 .text.sulp     0x000000000800e92e       0x38 c:/st/stm32cubeide_1.7.0/stm32cubeide/plugins/com.st.stm32cube.ide.mcu.externaltools.gnu-tools-for-stm32.10.3-2021.10.win32_1.0.100.202210260954/tools/bin/../lib/gcc/arm-none-eabi/10.3.1/../../../../arm-none-eabi/lib/thumb/v7e-m+fp/hard\libc_nano.a(lib_a-strtod.o)
 *fill*         0x000000000800e966        0x2 
 .text._strtod_l
                0x000000000800e968      0xc0c c:/st/stm32cubeide_1.7.0/stm32cubeide/plugins/com.st.stm32cube.ide.mcu.externaltools.gnu-tools-for-stm32.10.3-2021.10.win32_1.0.100.202210260954/tools/bin/../lib/gcc/arm-none-eabi/10.3.1/../../../../arm-none-eabi/lib/thumb/v7e-m+fp/hard\libc_nano.a(lib_a-strtod.o)
                0x000000000800e968                _strtod_l
 .text.strtod   0x000000000800f574       0x18 c:/st/stm32cubeide_1.7.0/stm32cubeide/plugins/com.st.stm32cube.ide.mcu.externaltools.gnu-tools-for-stm32.10.3-2021.10.win32_1.0.100.202210260954/tools/bin/../lib/gcc/arm-none-eabi/10.3.1/../../../../arm-none-eabi/lib/thumb/v7e-m+fp/hard\libc_nano.a(lib_a-strtod.o)
                0x000000000800f574                strtod
 .text._write_r
                0x000000000800f58c       0x24 c:/st/stm32cubeide_1.7.0/stm32cubeide/plugins/com.st.stm32cube.ide.mcu.externaltools.gnu-tools-for-stm32.10.3-2021.10.win32_1.0.100.202210260954/tools/bin/../lib/gcc/arm-none-eabi/10.3.1/../../../../arm-none-eabi/lib/thumb/v7e-m+fp/hard\libc_nano.a(lib_a-writer.o)
                0x000000000800f58c                _write_r
 .text._close_r
                0x000000000800f5b0       0x20 c:/st/stm32cubeide_1.7.0/stm32cubeide/plugins/com.st.stm32cube.ide.mcu.externaltools.gnu-tools-for-stm32.10.3-2021.10.win32_1.0.100.202210260954/tools/bin/../lib/gcc/arm-none-eabi/10.3.1/../../../../arm-none-eabi/lib/thumb/v7e-m+fp/hard\libc_nano.a(lib_a-closer.o)
                0x000000000800f5b0                _close_r
 .text.__sflush_r
                0x000000000800f5d0      0x10c c:/st/stm32cubeide_1.7.0/stm32cubeide/plugins/com.st.stm32cube.ide.mcu.externaltools.gnu-tools-for-stm32.10.3-2021.10.win32_1.0.100.202210260954/tools/bin/../lib/gcc/arm-none-eabi/10.3.1/../../../../arm-none-eabi/lib/thumb/v7e-m+fp/hard\libc_nano.a(lib_a-fflush.o)
                0x000000000800f5d0                __sflush_r
 .text._fflush_r
                0x000000000800f6dc       0x78 c:/st/stm32cubeide_1.7.0/stm32cubeide/plugins/com.st.stm32cube.ide.mcu.externaltools.gnu-tools-for-stm32.10.3-2021.10.win32_1.0.100.202210260954/tools/bin/../lib/gcc/arm-none-eabi/10.3.1/../../../../arm-none-eabi/lib/thumb/v7e-m+fp/hard\libc_nano.a(lib_a-fflush.o)
                0x000000000800f6dc                _fflush_r
 .text.rshift   0x000000000800f754       0xa4 c:/st/stm32cubeide_1.7.0/stm32cubeide/plugins/com.st.stm32cube.ide.mcu.externaltools.gnu-tools-for-stm32.10.3-2021.10.win32_1.0.100.202210260954/tools/bin/../lib/gcc/arm-none-eabi/10.3.1/../../../../arm-none-eabi/lib/thumb/v7e-m+fp/hard\libc_nano.a(lib_a-gdtoa-gethex.o)
 .text.__hexdig_fun
                0x000000000800f7f8       0x2a c:/st/stm32cubeide_1.7.0/stm32cubeide/plugins/com.st.stm32cube.ide.mcu.externaltools.gnu-tools-for-stm32.10.3-2021.10.win32_1.0.100.202210260954/tools/bin/../lib/gcc/arm-none-eabi/10.3.1/../../../../arm-none-eabi/lib/thumb/v7e-m+fp/hard\libc_nano.a(lib_a-gdtoa-gethex.o)
                0x000000000800f7f8                __hexdig_fun
 *fill*         0x000000000800f822        0x2 
 .text.__gethex
                0x000000000800f824      0x48c c:/st/stm32cubeide_1.7.0/stm32cubeide/plugins/com.st.stm32cube.ide.mcu.externaltools.gnu-tools-for-stm32.10.3-2021.10.win32_1.0.100.202210260954/tools/bin/../lib/gcc/arm-none-eabi/10.3.1/../../../../arm-none-eabi/lib/thumb/v7e-m+fp/hard\libc_nano.a(lib_a-gdtoa-gethex.o)
                0x000000000800f824                __gethex
 .text.L_shift  0x000000000800fcb0       0x24 c:/st/stm32cubeide_1.7.0/stm32cubeide/plugins/com.st.stm32cube.ide.mcu.externaltools.gnu-tools-for-stm32.10.3-2021.10.win32_1.0.100.202210260954/tools/bin/../lib/gcc/arm-none-eabi/10.3.1/../../../../arm-none-eabi/lib/thumb/v7e-m+fp/hard\libc_nano.a(lib_a-gdtoa-hexnan.o)
 .text.__match  0x000000000800fcd4       0x28 c:/st/stm32cubeide_1.7.0/stm32cubeide/plugins/com.st.stm32cube.ide.mcu.externaltools.gnu-tools-for-stm32.10.3-2021.10.win32_1.0.100.202210260954/tools/bin/../lib/gcc/arm-none-eabi/10.3.1/../../../../arm-none-eabi/lib/thumb/v7e-m+fp/hard\libc_nano.a(lib_a-gdtoa-hexnan.o)
                0x000000000800fcd4                __match
 .text.__hexnan
                0x000000000800fcfc      0x138 c:/st/stm32cubeide_1.7.0/stm32cubeide/plugins/com.st.stm32cube.ide.mcu.externaltools.gnu-tools-for-stm32.10.3-2021.10.win32_1.0.100.202210260954/tools/bin/../lib/gcc/arm-none-eabi/10.3.1/../../../../arm-none-eabi/lib/thumb/v7e-m+fp/hard\libc_nano.a(lib_a-gdtoa-hexnan.o)
                0x000000000800fcfc                __hexnan
 .text._lseek_r
                0x000000000800fe34       0x24 c:/st/stm32cubeide_1.7.0/stm32cubeide/plugins/com.st.stm32cube.ide.mcu.externaltools.gnu-tools-for-stm32.10.3-2021.10.win32_1.0.100.202210260954/tools/bin/../lib/gcc/arm-none-eabi/10.3.1/../../../../arm-none-eabi/lib/thumb/v7e-m+fp/hard\libc_nano.a(lib_a-lseekr.o)
                0x000000000800fe34                _lseek_r
 .text.__ascii_mbtowc
                0x000000000800fe58       0x24 c:/st/stm32cubeide_1.7.0/stm32cubeide/plugins/com.st.stm32cube.ide.mcu.externaltools.gnu-tools-for-stm32.10.3-2021.10.win32_1.0.100.202210260954/tools/bin/../lib/gcc/arm-none-eabi/10.3.1/../../../../arm-none-eabi/lib/thumb/v7e-m+fp/hard\libc_nano.a(lib_a-mbtowc_r.o)
                0x000000000800fe58                __ascii_mbtowc
 .text.__malloc_lock
                0x000000000800fe7c        0xc c:/st/stm32cubeide_1.7.0/stm32cubeide/plugins/com.st.stm32cube.ide.mcu.externaltools.gnu-tools-for-stm32.10.3-2021.10.win32_1.0.100.202210260954/tools/bin/../lib/gcc/arm-none-eabi/10.3.1/../../../../arm-none-eabi/lib/thumb/v7e-m+fp/hard\libc_nano.a(lib_a-mlock.o)
                0x000000000800fe7c                __malloc_lock
 .text.__malloc_unlock
                0x000000000800fe88        0xc c:/st/stm32cubeide_1.7.0/stm32cubeide/plugins/com.st.stm32cube.ide.mcu.externaltools.gnu-tools-for-stm32.10.3-2021.10.win32_1.0.100.202210260954/tools/bin/../lib/gcc/arm-none-eabi/10.3.1/../../../../arm-none-eabi/lib/thumb/v7e-m+fp/hard\libc_nano.a(lib_a-mlock.o)
                0x000000000800fe88                __malloc_unlock
 .text._Balloc  0x000000000800fe94       0x80 c:/st/stm32cubeide_1.7.0/stm32cubeide/plugins/com.st.stm32cube.ide.mcu.externaltools.gnu-tools-for-stm32.10.3-2021.10.win32_1.0.100.202210260954/tools/bin/../lib/gcc/arm-none-eabi/10.3.1/../../../../arm-none-eabi/lib/thumb/v7e-m+fp/hard\libc_nano.a(lib_a-mprec.o)
                0x000000000800fe94                _Balloc
 .text._Bfree   0x000000000800ff14       0x44 c:/st/stm32cubeide_1.7.0/stm32cubeide/plugins/com.st.stm32cube.ide.mcu.externaltools.gnu-tools-for-stm32.10.3-2021.10.win32_1.0.100.202210260954/tools/bin/../lib/gcc/arm-none-eabi/10.3.1/../../../../arm-none-eabi/lib/thumb/v7e-m+fp/hard\libc_nano.a(lib_a-mprec.o)
                0x000000000800ff14                _Bfree
 .text.__multadd
                0x000000000800ff58       0x8c c:/st/stm32cubeide_1.7.0/stm32cubeide/plugins/com.st.stm32cube.ide.mcu.externaltools.gnu-tools-for-stm32.10.3-2021.10.win32_1.0.100.202210260954/tools/bin/../lib/gcc/arm-none-eabi/10.3.1/../../../../arm-none-eabi/lib/thumb/v7e-m+fp/hard\libc_nano.a(lib_a-mprec.o)
                0x000000000800ff58                __multadd
 .text.__s2b    0x000000000800ffe4       0x94 c:/st/stm32cubeide_1.7.0/stm32cubeide/plugins/com.st.stm32cube.ide.mcu.externaltools.gnu-tools-for-stm32.10.3-2021.10.win32_1.0.100.202210260954/tools/bin/../lib/gcc/arm-none-eabi/10.3.1/../../../../arm-none-eabi/lib/thumb/v7e-m+fp/hard\libc_nano.a(lib_a-mprec.o)
                0x000000000800ffe4                __s2b
 .text.__hi0bits
                0x0000000008010078       0x40 c:/st/stm32cubeide_1.7.0/stm32cubeide/plugins/com.st.stm32cube.ide.mcu.externaltools.gnu-tools-for-stm32.10.3-2021.10.win32_1.0.100.202210260954/tools/bin/../lib/gcc/arm-none-eabi/10.3.1/../../../../arm-none-eabi/lib/thumb/v7e-m+fp/hard\libc_nano.a(lib_a-mprec.o)
                0x0000000008010078                __hi0bits
 .text.__lo0bits
                0x00000000080100b8       0x5e c:/st/stm32cubeide_1.7.0/stm32cubeide/plugins/com.st.stm32cube.ide.mcu.externaltools.gnu-tools-for-stm32.10.3-2021.10.win32_1.0.100.202210260954/tools/bin/../lib/gcc/arm-none-eabi/10.3.1/../../../../arm-none-eabi/lib/thumb/v7e-m+fp/hard\libc_nano.a(lib_a-mprec.o)
                0x00000000080100b8                __lo0bits
 *fill*         0x0000000008010116        0x2 
 .text.__i2b    0x0000000008010118       0x2c c:/st/stm32cubeide_1.7.0/stm32cubeide/plugins/com.st.stm32cube.ide.mcu.externaltools.gnu-tools-for-stm32.10.3-2021.10.win32_1.0.100.202210260954/tools/bin/../lib/gcc/arm-none-eabi/10.3.1/../../../../arm-none-eabi/lib/thumb/v7e-m+fp/hard\libc_nano.a(lib_a-mprec.o)
                0x0000000008010118                __i2b
 .text.__multiply