Archive member included to satisfy reference by file (symbol)

C:/ST/STM32CubeIDE_1.13.2/STM32CubeIDE/plugins/com.st.stm32cube.ide.mcu.externaltools.gnu-tools-for-stm32.11.3.rel1.win32_1.1.1.202309131626/tools/bin/../lib/gcc/arm-none-eabi/11.3.1/../../../../arm-none-eabi/lib/thumb/v7e-m+fp/hard\libc_nano.a(libc_a-exit.o)
                              C:/ST/STM32CubeIDE_1.13.2/STM32CubeIDE/plugins/com.st.stm32cube.ide.mcu.externaltools.gnu-tools-for-stm32.11.3.rel1.win32_1.1.1.202309131626/tools/bin/../lib/gcc/arm-none-eabi/11.3.1/../../../../arm-none-eabi/lib/thumb/v7e-m+fp/hard/crt0.o (exit)
C:/ST/STM32CubeIDE_1.13.2/STM32CubeIDE/plugins/com.st.stm32cube.ide.mcu.externaltools.gnu-tools-for-stm32.11.3.rel1.win32_1.1.1.202309131626/tools/bin/../lib/gcc/arm-none-eabi/11.3.1/../../../../arm-none-eabi/lib/thumb/v7e-m+fp/hard\libc_nano.a(libc_a-findfp.o)
                              C:/ST/STM32CubeIDE_1.13.2/STM32CubeIDE/plugins/com.st.stm32cube.ide.mcu.externaltools.gnu-tools-for-stm32.11.3.rel1.win32_1.1.1.202309131626/tools/bin/../lib/gcc/arm-none-eabi/11.3.1/../../../../arm-none-eabi/lib/thumb/v7e-m+fp/hard\libc_nano.a(libc_a-exit.o) (__stdio_exit_handler)
C:/ST/STM32CubeIDE_1.13.2/STM32CubeIDE/plugins/com.st.stm32cube.ide.mcu.externaltools.gnu-tools-for-stm32.11.3.rel1.win32_1.1.1.202309131626/tools/bin/../lib/gcc/arm-none-eabi/11.3.1/../../../../arm-none-eabi/lib/thumb/v7e-m+fp/hard\libc_nano.a(libc_a-fwalk.o)
                              C:/ST/STM32CubeIDE_1.13.2/STM32CubeIDE/plugins/com.st.stm32cube.ide.mcu.externaltools.gnu-tools-for-stm32.11.3.rel1.win32_1.1.1.202309131626/tools/bin/../lib/gcc/arm-none-eabi/11.3.1/../../../../arm-none-eabi/lib/thumb/v7e-m+fp/hard\libc_nano.a(libc_a-findfp.o) (_fwalk_sglue)
C:/ST/STM32CubeIDE_1.13.2/STM32CubeIDE/plugins/com.st.stm32cube.ide.mcu.externaltools.gnu-tools-for-stm32.11.3.rel1.win32_1.1.1.202309131626/tools/bin/../lib/gcc/arm-none-eabi/11.3.1/../../../../arm-none-eabi/lib/thumb/v7e-m+fp/hard\libc_nano.a(libc_a-stdio.o)
                              C:/ST/STM32CubeIDE_1.13.2/STM32CubeIDE/plugins/com.st.stm32cube.ide.mcu.externaltools.gnu-tools-for-stm32.11.3.rel1.win32_1.1.1.202309131626/tools/bin/../lib/gcc/arm-none-eabi/11.3.1/../../../../arm-none-eabi/lib/thumb/v7e-m+fp/hard\libc_nano.a(libc_a-findfp.o) (__sread)
C:/ST/STM32CubeIDE_1.13.2/STM32CubeIDE/plugins/com.st.stm32cube.ide.mcu.externaltools.gnu-tools-for-stm32.11.3.rel1.win32_1.1.1.202309131626/tools/bin/../lib/gcc/arm-none-eabi/11.3.1/../../../../arm-none-eabi/lib/thumb/v7e-m+fp/hard\libc_nano.a(libc_a-memset.o)
                              C:/ST/STM32CubeIDE_1.13.2/STM32CubeIDE/plugins/com.st.stm32cube.ide.mcu.externaltools.gnu-tools-for-stm32.11.3.rel1.win32_1.1.1.202309131626/tools/bin/../lib/gcc/arm-none-eabi/11.3.1/../../../../arm-none-eabi/lib/thumb/v7e-m+fp/hard/crt0.o (memset)
C:/ST/STM32CubeIDE_1.13.2/STM32CubeIDE/plugins/com.st.stm32cube.ide.mcu.externaltools.gnu-tools-for-stm32.11.3.rel1.win32_1.1.1.202309131626/tools/bin/../lib/gcc/arm-none-eabi/11.3.1/../../../../arm-none-eabi/lib/thumb/v7e-m+fp/hard\libc_nano.a(libc_a-closer.o)
                              C:/ST/STM32CubeIDE_1.13.2/STM32CubeIDE/plugins/com.st.stm32cube.ide.mcu.externaltools.gnu-tools-for-stm32.11.3.rel1.win32_1.1.1.202309131626/tools/bin/../lib/gcc/arm-none-eabi/11.3.1/../../../../arm-none-eabi/lib/thumb/v7e-m+fp/hard\libc_nano.a(libc_a-stdio.o) (_close_r)
C:/ST/STM32CubeIDE_1.13.2/STM32CubeIDE/plugins/com.st.stm32cube.ide.mcu.externaltools.gnu-tools-for-stm32.11.3.rel1.win32_1.1.1.202309131626/tools/bin/../lib/gcc/arm-none-eabi/11.3.1/../../../../arm-none-eabi/lib/thumb/v7e-m+fp/hard\libc_nano.a(libc_a-reent.o)
                              C:/ST/STM32CubeIDE_1.13.2/STM32CubeIDE/plugins/com.st.stm32cube.ide.mcu.externaltools.gnu-tools-for-stm32.11.3.rel1.win32_1.1.1.202309131626/tools/bin/../lib/gcc/arm-none-eabi/11.3.1/../../../../arm-none-eabi/lib/thumb/v7e-m+fp/hard\libc_nano.a(libc_a-closer.o) (errno)
C:/ST/STM32CubeIDE_1.13.2/STM32CubeIDE/plugins/com.st.stm32cube.ide.mcu.externaltools.gnu-tools-for-stm32.11.3.rel1.win32_1.1.1.202309131626/tools/bin/../lib/gcc/arm-none-eabi/11.3.1/../../../../arm-none-eabi/lib/thumb/v7e-m+fp/hard\libc_nano.a(libc_a-impure.o)
                              C:/ST/STM32CubeIDE_1.13.2/STM32CubeIDE/plugins/com.st.stm32cube.ide.mcu.externaltools.gnu-tools-for-stm32.11.3.rel1.win32_1.1.1.202309131626/tools/bin/../lib/gcc/arm-none-eabi/11.3.1/../../../../arm-none-eabi/lib/thumb/v7e-m+fp/hard\libc_nano.a(libc_a-reent.o) (_impure_ptr)
C:/ST/STM32CubeIDE_1.13.2/STM32CubeIDE/plugins/com.st.stm32cube.ide.mcu.externaltools.gnu-tools-for-stm32.11.3.rel1.win32_1.1.1.202309131626/tools/bin/../lib/gcc/arm-none-eabi/11.3.1/../../../../arm-none-eabi/lib/thumb/v7e-m+fp/hard\libc_nano.a(libc_a-lseekr.o)
[...]
Memory Configuration

Name             Origin             Length             Attributes
RAM              0x0000000020000000 0x0000000000028000 xrw
RAM2             0x0000000010000000 0x0000000000008000 xrw
FLASH            0x0000000008000000 0x0000000000080000 xr
*default*        0x0000000000000000 0xffffffffffffffff

Linker script and memory map

LOAD C:/ST/STM32CubeIDE_1.13.2/STM32CubeIDE/plugins/com.st.stm32cube.ide.mcu.externaltools.gnu-tools-for-stm32.11.3.rel1.win32_1.1.1.202309131626/tools/bin/../lib/gcc/arm-none-eabi/11.3.1/thumb/v7e-m+fp/hard/crti.o
LOAD C:/ST/STM32CubeIDE_1.13.2/STM32CubeIDE/plugins/com.st.stm32cube.ide.mcu.externaltools.gnu-tools-for-stm32.11.3.rel1.win32_1.1.1.202309131626/tools/bin/../lib/gcc/arm-none-eabi/11.3.1/thumb/v7e-m+fp/hard/crtbegin.o
LOAD C:/ST/STM32CubeIDE_1.13.2/STM32CubeIDE/plugins/com.st.stm32cube.ide.mcu.externaltools.gnu-tools-for-stm32.11.3.rel1.win32_1.1.1.202309131626/tools/bin/../lib/gcc/arm-none-eabi/11.3.1/../../../../arm-none-eabi/lib/thumb/v7e-m+fp/hard/crt0.o
LOAD ./Core/Src/main.o
LOAD ./Core/Src/st25r95.o
LOAD ./Core/Src/stm32l4xx_hal_msp.o
LOAD ./Core/Src/stm32l4xx_it.o
LOAD ./Core/Src/syscalls.o
LOAD ./Core/Src/sysmem.o
LOAD ./Core/Src/system_stm32l4xx.o
LOAD ./Core/Startup/startup_stm32l452retxp.o
LOAD ./Drivers/STM32L4xx_HAL_Driver/Src/stm32l4xx_hal.o
LOAD ./Drivers/STM32L4xx_HAL_Driver/Src/stm32l4xx_hal_cortex.o
LOAD ./Drivers/STM32L4xx_HAL_Driver/Src/stm32l4xx_hal_dma.o
LOAD ./Drivers/STM32L4xx_HAL_Driver/Src/stm32l4xx_hal_dma_ex.o
LOAD ./Drivers/STM32L4xx_HAL_Driver/Src/stm32l4xx_hal_exti.o
LOAD ./Drivers/STM32L4xx_HAL_Driver/Src/stm32l4xx_hal_flash.o
LOAD ./Drivers/STM32L4xx_HAL_Driver/Src/stm32l4xx_hal_flash_ex.o
LOAD ./Drivers/STM32L4xx_HAL_Driver/Src/stm32l4xx_hal_flash_ramfunc.o
LOAD ./Drivers/STM32L4xx_HAL_Driver/Src/stm32l4xx_hal_gpio.o
LOAD ./Drivers/STM32L4xx_HAL_Driver/Src/stm32l4xx_hal_i2c.o
LOAD ./Drivers/STM32L4xx_HAL_Driver/Src/stm32l4xx_hal_i2c_ex.o
LOAD ./Drivers/STM32L4xx_HAL_Driver/Src/stm32l4xx_hal_pwr.o
LOAD ./Drivers/STM32L4xx_HAL_Driver/Src/stm32l4xx_hal_pwr_ex.o
LOAD ./Drivers/STM32L4xx_HAL_Driver/Src/stm32l4xx_hal_rcc.o
LOAD ./Drivers/STM32L4xx_HAL_Driver/Src/stm32l4xx_hal_rcc_ex.o
LOAD ./Drivers/STM32L4xx_HAL_Driver/Src/stm32l4xx_hal_spi.o
LOAD ./Drivers/STM32L4xx_HAL_Driver/Src/stm32l4xx_hal_spi_ex.o
START GROUP
LOAD C:/ST/STM32CubeIDE_1.13.2/STM32CubeIDE/plugins/com.st.stm32cube.ide.mcu.externaltools.gnu-tools-for-stm32.11.3.rel1.win32_1.1.1.202309131626/tools/bin/../lib/gcc/arm-none-eabi/11.3.1/../../../../arm-none-eabi/lib/thumb/v7e-m+fp/hard\libc_nano.a
LOAD C:/ST/STM32CubeIDE_1.13.2/STM32CubeIDE/plugins/com.st.stm32cube.ide.mcu.externaltools.gnu-tools-for-stm32.11.3.rel1.win32_1.1.1.202309131626/tools/bin/../lib/gcc/arm-none-eabi/11.3.1/../../../../arm-none-eabi/lib/thumb/v7e-m+fp/hard\libm.a
END GROUP
START GROUP
LOAD C:/ST/STM32CubeIDE_1.13.2/STM32CubeIDE/plugins/com.st.stm32cube.ide.mcu.externaltools.gnu-tools-for-stm32.11.3.rel1.win32_1.1.1.202309131626/tools/bin/../lib/gcc/arm-none-eabi/11.3.1/thumb/v7e-m+fp/hard\libgcc.a
LOAD C:/ST/STM32CubeIDE_1.13.2/STM32CubeIDE/plugins/com.st.stm32cube.ide.mcu.externaltools.gnu-tools-for-stm32.11.3.rel1.win32_1.1.1.202309131626/tools/bin/../lib/gcc/arm-none-eabi/11.3.1/../../../../arm-none-eabi/lib/thumb/v7e-m+fp/hard\libc_nano.a
END GROUP
START GROUP
LOAD C:/ST/STM32CubeIDE_1.13.2/STM32CubeIDE/plugins/com.st.stm32cube.ide.mcu.externaltools.gnu-tools-for-stm32.11.3.rel1.win32_1.1.1.202309131626/tools/bin/../lib/gcc/arm-none-eabi/11.3.1/thumb/v7e-m+fp/hard\libgcc.a
LOAD C:/ST/STM32CubeIDE_1.13.2/STM32CubeIDE/plugins/com.st.stm32cube.ide.mcu.externaltools.gnu-tools-for-stm32.11.3.rel1.win32_1.1.1.202309131626/tools/bin/../lib/gcc/arm-none-eabi/11.3.1/../../../../arm-none-eabi/lib/thumb/v7e-m+fp/hard\libc_nano.a
LOAD C:/ST/STM32CubeIDE_1.13.2/STM32CubeIDE/plugins/com.st.stm32cube.ide.mcu.externaltools.gnu-tools-for-stm32.11.3.rel1.win32_1.1.1.202309131626/tools/bin/../lib/gcc/arm-none-eabi/11.3.1/../../../../arm-none-eabi/lib/thumb/v7e-m+fp/hard\libnosys.a
END GROUP
START GROUP
LOAD C:/ST/STM32CubeIDE_1.13.2/STM32CubeIDE/plugins/com.st.stm32cube.ide.mcu.externaltools.gnu-tools-for-stm32.11.3.rel1.win32_1.1.1.202309131626/tools/bin/../lib/gcc/arm-none-eabi/11.3.1/thumb/v7e-m+fp/hard\libgcc.a
LOAD C:/ST/STM32CubeIDE_1.13.2/STM32CubeIDE/plugins/com.st.stm32cube.ide.mcu.externaltools.gnu-tools-for-stm32.11.3.rel1.win32_1.1.1.202309131626/tools/bin/../lib/gcc/arm-none-eabi/11.3.1/../../../../arm-none-eabi/lib/thumb/v7e-m+fp/hard\libc_nano.a
LOAD C:/ST/STM32CubeIDE_1.13.2/STM32CubeIDE/plugins/com.st.stm32cube.ide.mcu.externaltools.gnu-tools-for-stm32.11.3.rel1.win32_1.1.1.202309131626/tools/bin/../lib/gcc/arm-none-eabi/11.3.1/../../../../arm-none-eabi/lib/thumb/v7e-m+fp/hard\libnosys.a
END GROUP
LOAD C:/ST/STM32CubeIDE_1.13.2/STM32CubeIDE/plugins/com.st.stm32cube.ide.mcu.externaltools.gnu-tools-for-stm32.11.3.rel1.win32_1.1.1.202309131626/tools/bin/../lib/gcc/arm-none-eabi/11.3.1/thumb/v7e-m+fp/hard/crtend.o
LOAD C:/ST/STM32CubeIDE_1.13.2/STM32CubeIDE/plugins/com.st.stm32cube.ide.mcu.externaltools.gnu-tools-for-stm32.11.3.rel1.win32_1.1.1.202309131626/tools/bin/../lib/gcc/arm-none-eabi/11.3.1/thumb/v7e-m+fp/hard/crtn.o
                0x0000000020028000                _estack = (ORIGIN (RAM) + LENGTH (RAM))
                0x0000000000000200                _Min_Heap_Size = 0x200
                0x0000000000000400                _Min_Stack_Size = 0x400

.isr_vector     0x0000000008000000      0x194
                0x0000000008000000                . = ALIGN (0x4)
 *(.isr_vector)
 .isr_vector    0x0000000008000000      0x194 ./Core/Startup/startup_stm32l452retxp.o
                0x0000000008000000                g_pfnVectors
                0x0000000008000194                . = ALIGN (0x4)

.text           0x0000000008000194     0x34e0
                0x0000000008000194                . = ALIGN (0x4)
 *(.text)
 .text          0x0000000008000194       0x40 C:/ST/STM32CubeIDE_1.13.2/STM32CubeIDE/plugins/com.st.stm32cube.ide.mcu.externaltools.gnu-tools-for-stm32.11.3.rel1.win32_1.1.1.202309131626/tools/bin/../lib/gcc/arm-none-eabi/11.3.1/thumb/v7e-m+fp/hard/crtbegin.o
 *(.text*)
 .text.select_switch_port
                0x00000000080001d4      0x1d0 ./Core/Src/main.o
                0x00000000080001d4                select_switch_port
 .text.reader_irq_pulse
                0x00000000080003a4       0x2c ./Core/Src/main.o
                0x00000000080003a4                reader_irq_pulse
 .text.reader_nss
                0x00000000080003d0       0x2a ./Core/Src/main.o
                0x00000000080003d0                reader_nss
 *fill*         0x00000000080003fa        0x2 
 .text.reader_tx
                0x00000000080003fc       0x2c ./Core/Src/main.o
                0x00000000080003fc                reader_tx
 .text.reader_rx
                0x0000000008000428       0x2c ./Core/Src/main.o
                0x0000000008000428                reader_rx
 .text.HAL_GPIO_EXTI_Callback
                0x0000000008000454       0x28 ./Core/Src/main.o
                0x0000000008000454                HAL_GPIO_EXTI_Callback
 .text.st25_card_callback
                0x000000000800047c       0x1a ./Core/Src/main.o
                0x000000000800047c                st25_card_callback
 *fill*         0x0000000008000496        0x2 
 .text.main     0x0000000008000498       0x90 ./Core/Src/main.o
                0x0000000008000498                main
 .text.SystemClock_Config
                0x0000000008000528       0x8c ./Core/Src/main.o
                0x0000000008000528                SystemClock_Config
 .text.MX_SPI1_Init
                0x00000000080005b4       0x7c ./Core/Src/main.o
 .text.MX_GPIO_Init
                0x0000000008000630      0x134 ./Core/Src/main.o
 .text.Error_Handler
                0x0000000008000764        0xa ./Core/Src/main.o
                0x0000000008000764                Error_Handler
 *fill*         0x000000000800076e        0x2 
 .text.__NVIC_SystemReset
                0x0000000008000770       0x2c ./Core/Src/st25r95.o
 .text.st25r95_spi_tx
                0x000000000800079c       0x2c ./Core/Src/st25r95.o
                0x000000000800079c                st25r95_spi_tx
 .text.st25r95_spi_byte
                0x00000000080007c8       0x30 ./Core/Src/st25r95.o
                0x00000000080007c8                st25r95_spi_byte
 .text.st25r95_service
                0x00000000080007f8       0xdc ./Core/Src/st25r95.o
                0x00000000080007f8                st25r95_service
 .text.st25r95_response
                0x00000000080008d4       0x8c ./Core/Src/st25r95.o
                0x00000000080008d4                st25r95_response
 .text.st25r95_response_with_reset
                0x0000000008000960       0xb0 ./Core/Src/st25r95.o
                0x0000000008000960                st25r95_response_with_reset
 .text.st25r95_init
                0x0000000008000a10       0x60 ./Core/Src/st25r95.o
                0x0000000008000a10                st25r95_init
 .text.st25r95_reset
                0x0000000008000a70       0x28 ./Core/Src/st25r95.o
                0x0000000008000a70                st25r95_reset
 .text.st25r95_off
                0x0000000008000a98       0x60 ./Core/Src/st25r95.o
                0x0000000008000a98                st25r95_off
 .text.st25r95_14443A
                0x0000000008000af8       0x78 ./Core/Src/st25r95.o
                0x0000000008000af8                st25r95_14443A
 .text.st25r95_15693
                0x0000000008000b70       0x74 ./Core/Src/st25r95.o
                0x0000000008000b70                st25r95_15693
 .text.st25r95_write_timerw
                0x0000000008000be4       0x70 ./Core/Src/st25r95.o
                0x0000000008000be4                st25r95_write_timerw
 .text.st25r95_write_ARC
                0x0000000008000c54       0x74 ./Core/Src/st25r95.o
                0x0000000008000c54                st25r95_write_ARC
 .text.st25r95_14443A_detect
                0x0000000008000cc8      0x128 ./Core/Src/st25r95.o
                0x0000000008000cc8                st25r95_14443A_detect
 .text.st25r95_14443A_REQA
                0x0000000008000df0       0x78 ./Core/Src/st25r95.o
                0x0000000008000df0                st25r95_14443A_REQA
 .text.st25r95_14443A_ANTICOLLISION
                0x0000000008000e68       0x8c ./Core/Src/st25r95.o
                0x0000000008000e68                st25r95_14443A_ANTICOLLISION
 .text.st25r95_14443A_select
                0x0000000008000ef4       0xcc ./Core/Src/st25r95.o
                0x0000000008000ef4                st25r95_14443A_select
 .text.st25r95_15693_inventory1
                0x0000000008000fc0       0x90 ./Core/Src/st25r95.o
                0x0000000008000fc0                st25r95_15693_inventory1
 .text.st25r95_idle
                0x0000000008001050       0xac ./Core/Src/st25r95.o
                0x0000000008001050                st25r95_idle
 .text.st25r95_calibrate
                0x00000000080010fc      0x1b4 ./Core/Src/st25r95.o
                0x00000000080010fc                st25r95_calibrate
 .text.HAL_MspInit
                0x00000000080012b0       0x48 ./Core/Src/stm32l4xx_hal_msp.o
                0x00000000080012b0                HAL_MspInit
 .text.HAL_SPI_MspInit
                0x00000000080012f8       0x84 ./Core/Src/stm32l4xx_hal_msp.o
                0x00000000080012f8                HAL_SPI_MspInit
 .text.NMI_Handler
                0x000000000800137c        0x6 ./Core/Src/stm32l4xx_it.o
                0x000000000800137c                NMI_Handler
 .text.HardFault_Handler
                0x0000000008001382        0x6 ./Core/Src/stm32l4xx_it.o
                0x0000000008001382                HardFault_Handler
 .text.MemManage_Handler
                0x0000000008001388        0x6 ./Core/Src/stm32l4xx_it.o
                0x0000000008001388                MemManage_Handler
 .text.BusFault_Handler
                0x000000000800138e        0x6 ./Core/Src/stm32l4xx_it.o
                0x000000000800138e                BusFault_Handler
 .text.UsageFault_Handler
                0x0000000008001394        0x6 ./Core/Src/stm32l4xx_it.o
                0x0000000008001394                UsageFault_Handler
 .text.SVC_Handler
                0x000000000800139a        0xe ./Core/Src/stm32l4xx_it.o
                0x000000000800139a                SVC_Handler
 .text.DebugMon_Handler
                0x00000000080013a8        0xe ./Core/Src/stm32l4xx_it.o
                0x00000000080013a8                DebugMon_Handler
 .text.PendSV_Handler
                0x00000000080013b6        0xe ./Core/Src/stm32l4xx_it.o
                0x00000000080013b6                PendSV_Handler
 .text.SysTick_Handler
                0x00000000080013c4        0xc ./Core/Src/stm32l4xx_it.o
                0x00000000080013c4                SysTick_Handler
 .text.EXTI15_10_IRQHandler
                0x00000000080013d0       0x10 ./Core/Src/stm32l4xx_it.o
                0x00000000080013d0                EXTI15_10_IRQHandler
 .text.SystemInit
                0x00000000080013e0       0x24 ./Core/Src/system_stm32l4xx.o
                0x00000000080013e0                SystemInit
 .text.Reset_Handler
                0x0000000008001404       0x50 ./Core/Startup/startup_stm32l452retxp.o
                0x0000000008001404                Reset_Handler
 .text.Default_Handler
                0x0000000008001454        0x2 ./Core/Startup/startup_stm32l452retxp.o
                0x0000000008001454                RTC_Alarm_IRQHandler
                0x0000000008001454                EXTI2_IRQHandler
                0x0000000008001454                TIM1_CC_IRQHandler
                0x0000000008001454                TSC_IRQHandler
                0x0000000008001454                TAMP_STAMP_IRQHandler
                0x0000000008001454                EXTI3_IRQHandler
                0x0000000008001454                LPTIM2_IRQHandler
                0x0000000008001454                DFSDM1_FLT1_IRQHandler
                0x0000000008001454                I2C3_ER_IRQHandler
                0x0000000008001454                EXTI0_IRQHandler
                0x0000000008001454                I2C2_EV_IRQHandler
                0x0000000008001454                CAN1_RX0_IRQHandler
                0x0000000008001454                FPU_IRQHandler
                0x0000000008001454                TIM1_UP_TIM16_IRQHandler
                0x0000000008001454                SPI1_IRQHandler
                0x0000000008001454                TIM6_DAC_IRQHandler
                0x0000000008001454                DMA2_Channel2_IRQHandler
                0x0000000008001454                DMA1_Channel4_IRQHandler
                0x0000000008001454                ADC1_IRQHandler
                0x0000000008001454                USART3_IRQHandler
                0x0000000008001454                DMA1_Channel7_IRQHandler
                0x0000000008001454                CAN1_RX1_IRQHandler
                0x0000000008001454                DMA2_Channel1_IRQHandler
                0x0000000008001454                QUADSPI_IRQHandler
                0x0000000008001454                I2C1_EV_IRQHandler
                0x0000000008001454                DMA1_Channel6_IRQHandler
                0x0000000008001454                UART4_IRQHandler
                0x0000000008001454                DMA2_Channel4_IRQHandler
                0x0000000008001454                TIM3_IRQHandler
                0x0000000008001454                RCC_IRQHandler
                0x0000000008001454                TIM1_TRG_COM_IRQHandler
                0x0000000008001454                DMA1_Channel1_IRQHandler
                0x0000000008001454                Default_Handler
                0x0000000008001454                DMA2_Channel7_IRQHandler
                0x0000000008001454                SDMMC1_IRQHandler
                0x0000000008001454                I2C3_EV_IRQHandler
                0x0000000008001454                USB_IRQHandler
                0x0000000008001454                EXTI9_5_IRQHandler
                0x0000000008001454                RTC_WKUP_IRQHandler
                0x0000000008001454                PVD_PVM_IRQHandler
                0x0000000008001454                SPI2_IRQHandler
                0x0000000008001454                CAN1_TX_IRQHandler
                0x0000000008001454                DMA2_Channel5_IRQHandler
                0x0000000008001454                CRS_IRQHandler
                0x0000000008001454                DMA1_Channel5_IRQHandler
                0x0000000008001454                EXTI4_IRQHandler
                0x0000000008001454                RNG_IRQHandler
                0x0000000008001454                DMA1_Channel3_IRQHandler
                0x0000000008001454                COMP_IRQHandler
                0x0000000008001454                WWDG_IRQHandler
                0x0000000008001454                I2C4_EV_IRQHandler
                0x0000000008001454                LPUART1_IRQHandler
                0x0000000008001454                DMA2_Channel6_IRQHandler
                0x0000000008001454                TIM2_IRQHandler
                0x0000000008001454                EXTI1_IRQHandler
                0x0000000008001454                USART2_IRQHandler
                0x0000000008001454                DFSDM1_FLT0_IRQHandler
                0x0000000008001454                I2C2_ER_IRQHandler
                0x0000000008001454                DMA1_Channel2_IRQHandler
                0x0000000008001454                CAN1_SCE_IRQHandler
                0x0000000008001454                FLASH_IRQHandler
                0x0000000008001454                USART1_IRQHandler
                0x0000000008001454                SPI3_IRQHandler
                0x0000000008001454                I2C1_ER_IRQHandler
                0x0000000008001454                LPTIM1_IRQHandler
                0x0000000008001454                I2C4_ER_IRQHandler
                0x0000000008001454                SAI1_IRQHandler
                0x0000000008001454                DMA2_Channel3_IRQHandler
                0x0000000008001454                TIM1_BRK_TIM15_IRQHandler
 .text.HAL_Init
                0x0000000008001456       0x30 ./Drivers/STM32L4xx_HAL_Driver/Src/stm32l4xx_hal.o
                0x0000000008001456                HAL_Init
 *fill*         0x0000000008001486        0x2 
 .text.HAL_InitTick
                0x0000000008001488       0x78 ./Drivers/STM32L4xx_HAL_Driver/Src/stm32l4xx_hal.o
                0x0000000008001488                HAL_InitTick
 .text.HAL_IncTick
                0x0000000008001500       0x28 ./Drivers/STM32L4xx_HAL_Driver/Src/stm32l4xx_hal.o
                0x0000000008001500                HAL_IncTick
 .text.HAL_GetTick
                0x0000000008001528       0x18 ./Drivers/STM32L4xx_HAL_Driver/Src/stm32l4xx_hal.o
                0x0000000008001528                HAL_GetTick
 .text.HAL_Delay
                0x0000000008001540       0x48 ./Drivers/STM32L4xx_HAL_Driver/Src/stm32l4xx_hal.o
                0x0000000008001540                HAL_Delay
 .text.__NVIC_SetPriorityGrouping
                0x0000000008001588       0x48 ./Drivers/STM32L4xx_HAL_Driver/Src/stm32l4xx_hal_cortex.o
 .text.__NVIC_GetPriorityGrouping
                0x00000000080015d0       0x1c ./Drivers/STM32L4xx_HAL_Driver/Src/stm32l4xx_hal_cortex.o
 .text.__NVIC_EnableIRQ
                0x00000000080015ec       0x3c ./Drivers/STM32L4xx_HAL_Driver/Src/stm32l4xx_hal_cortex.o
 .text.__NVIC_SetPriority
                0x0000000008001628       0x54 ./Drivers/STM32L4xx_HAL_Driver/Src/stm32l4xx_hal_cortex.o
 .text.NVIC_EncodePriority
                0x000000000800167c       0x66 ./Drivers/STM32L4xx_HAL_Driver/Src/stm32l4xx_hal_cortex.o
 *fill*         0x00000000080016e2        0x2 
 .text.SysTick_Config
                0x00000000080016e4       0x44 ./Drivers/STM32L4xx_HAL_Driver/Src/stm32l4xx_hal_cortex.o
 .text.HAL_NVIC_SetPriorityGrouping
                0x0000000008001728       0x16 ./Drivers/STM32L4xx_HAL_Driver/Src/stm32l4xx_hal_cortex.o
                0x0000000008001728                HAL_NVIC_SetPriorityGrouping
 .text.HAL_NVIC_SetPriority
                0x000000000800173e       0x38 ./Drivers/STM32L4xx_HAL_Driver/Src/stm32l4xx_hal_cortex.o
                0x000000000800173e                HAL_NVIC_SetPriority
 .text.HAL_NVIC_EnableIRQ
                0x0000000008001776       0x1c ./Drivers/STM32L4xx_HAL_Driver/Src/stm32l4xx_hal_cortex.o
                0x0000000008001776                HAL_NVIC_EnableIRQ
 .text.HAL_SYSTICK_Config
                0x0000000008001792       0x18 ./Drivers/STM32L4xx_HAL_Driver/Src/stm32l4xx_hal_cortex.o
                0x0000000008001792                HAL_SYSTICK_Config
 *fill*         0x00000000080017aa        0x2 
 .text.HAL_GPIO_Init
                0x00000000080017ac      0x2f4 ./Drivers/STM32L4xx_HAL_Driver/Src/stm32l4xx_hal_gpio.o
                0x00000000080017ac                HAL_GPIO_Init
 .text.HAL_GPIO_WritePin
                0x0000000008001aa0       0x30 ./Drivers/STM32L4xx_HAL_Driver/Src/stm32l4xx_hal_gpio.o
                0x0000000008001aa0                HAL_GPIO_WritePin
 .text.HAL_GPIO_EXTI_IRQHandler
                0x0000000008001ad0       0x30 ./Drivers/STM32L4xx_HAL_Driver/Src/stm32l4xx_hal_gpio.o
                0x0000000008001ad0                HAL_GPIO_EXTI_IRQHandler
 .text.HAL_PWREx_GetVoltageRange
                0x0000000008001b00       0x1c ./Drivers/STM32L4xx_HAL_Driver/Src/stm32l4xx_hal_pwr_ex.o
                0x0000000008001b00                HAL_PWREx_GetVoltageRange
 .text.HAL_PWREx_ControlVoltageScaling
                0x0000000008001b1c       0xac ./Drivers/STM32L4xx_HAL_Driver/Src/stm32l4xx_hal_pwr_ex.o
                0x0000000008001b1c                HAL_PWREx_ControlVoltageScaling
 .text.HAL_RCC_OscConfig
                0x0000000008001bc8      0x828 ./Drivers/STM32L4xx_HAL_Driver/Src/stm32l4xx_hal_rcc.o
                0x0000000008001bc8                HAL_RCC_OscConfig
 .text.HAL_RCC_ClockConfig
                0x00000000080023f0      0x200 ./Drivers/STM32L4xx_HAL_Driver/Src/stm32l4xx_hal_rcc.o
                0x00000000080023f0                HAL_RCC_ClockConfig
 .text.HAL_RCC_GetSysClockFreq
                0x00000000080025f0      0x118 ./Drivers/STM32L4xx_HAL_Driver/Src/stm32l4xx_hal_rcc.o
                0x00000000080025f0                HAL_RCC_GetSysClockFreq
 .text.RCC_SetFlashLatencyFromMSIRange
                0x0000000008002708       0xc0 ./Drivers/STM32L4xx_HAL_Driver/Src/stm32l4xx_hal_rcc.o
 .text.HAL_SPI_Init
                0x00000000080027c8      0x146 ./Drivers/STM32L4xx_HAL_Driver/Src/stm32l4xx_hal_spi.o
                0x00000000080027c8                HAL_SPI_Init
 .text.HAL_SPI_Transmit
                0x000000000800290e      0x2dc ./Drivers/STM32L4xx_HAL_Driver/Src/stm32l4xx_hal_spi.o
                0x000000000800290e                HAL_SPI_Transmit
 .text.HAL_SPI_Receive
                0x0000000008002bea      0x260 ./Drivers/STM32L4xx_HAL_Driver/Src/stm32l4xx_hal_spi.o
                0x0000000008002bea                HAL_SPI_Receive
 .text.HAL_SPI_TransmitReceive
                0x0000000008002e4a      0x426 ./Drivers/STM32L4xx_HAL_Driver/Src/stm32l4xx_hal_spi.o
                0x0000000008002e4a                HAL_SPI_TransmitReceive
 .text.SPI_WaitFlagStateUntilTimeout
                0x0000000008003270      0x110 ./Drivers/STM32L4xx_HAL_Driver/Src/stm32l4xx_hal_spi.o
 .text.SPI_WaitFifoStateUntilTimeout
                0x0000000008003380      0x12c ./Drivers/STM32L4xx_HAL_Driver/Src/stm32l4xx_hal_spi.o
 .text.SPI_EndRxTransaction
                0x00000000080034ac       0xb0 ./Drivers/STM32L4xx_HAL_Driver/Src/stm32l4xx_hal_spi.o
 .text.SPI_EndRxTxTransaction
                0x000000000800355c       0x8c ./Drivers/STM32L4xx_HAL_Driver/Src/stm32l4xx_hal_spi.o
 .text.memset   0x00000000080035e8       0x10 C:/ST/STM32CubeIDE_1.13.2/STM32CubeIDE/plugins/com.st.stm32cube.ide.mcu.externaltools.gnu-tools-for-stm32.11.3.rel1.win32_1.1.1.202309131626/tools/bin/../lib/gcc/arm-none-eabi/11.3.1/../../../../arm-none-eabi/lib/thumb/v7e-m+fp/hard\libc_nano.a(libc_a-memset.o)
                0x00000000080035e8                memset
 .text.__libc_init_array
                0x00000000080035f8       0x48 C:/ST/STM32CubeIDE_1.13.2/STM32CubeIDE/plugins/com.st.stm32cube.ide.mcu.externaltools.gnu-tools-for-stm32.11.3.rel1.win32_1.1.1.202309131626/tools/bin/../lib/gcc/arm-none-eabi/11.3.1/../../../../arm-none-eabi/lib/thumb/v7e-m+fp/hard\libc_nano.a(libc_a-init.o)
                0x00000000080035f8                __libc_init_array
 .text.memcpy   0x0000000008003640       0x1c C:/ST/STM32CubeIDE_1.13.2/STM32CubeIDE/plugins/com.st.stm32cube.ide.mcu.externaltools.gnu-tools-for-stm32.11.3.rel1.win32_1.1.1.202309131626/tools/bin/../lib/gcc/arm-none-eabi/11.3.1/../../../../arm-none-eabi/lib/thumb/v7e-m+fp/hard\libc_nano.a(libc_a-memcpy-stub.o)
                0x0000000008003640                memcpy
 *(.glue_7)
 .glue_7        0x000000000800365c        0x0 linker stubs
 *(.glue_7t)
 .glue_7t       0x000000000800365c        0x0 linker stubs
 *(.eh_frame)
 .eh_frame      0x000000000800365c        0x0 C:/ST/STM32CubeIDE_1.13.2/STM32CubeIDE/plugins/com.st.stm32cube.ide.mcu.externaltools.gnu-tools-for-stm32.11.3.rel1.win32_1.1.1.202309131626/tools/bin/../lib/gcc/arm-none-eabi/11.3.1/thumb/v7e-m+fp/hard/crtbegin.o
 *(.init)
 .init          0x000000000800365c        0x4 C:/ST/STM32CubeIDE_1.13.2/STM32CubeIDE/plugins/com.st.stm32cube.ide.mcu.externaltools.gnu-tools-for-stm32.11.3.rel1.win32_1.1.1.202309131626/tools/bin/../lib/gcc/arm-none-eabi/11.3.1/thumb/v7e-m+fp/hard/crti.o
                0x000000000800365c                _init
 .init          0x0000000008003660        0x8 C:/ST/STM32CubeIDE_1.13.2/STM32CubeIDE/plugins/com.st.stm32cube.ide.mcu.externaltools.gnu-tools-for-stm32.11.3.rel1.win32_1.1.1.202309131626/tools/bin/../lib/gcc/arm-none-eabi/11.3.1/thumb/v7e-m+fp/hard/crtn.o
 *(.fini)
 .fini          0x0000000008003668        0x4 C:/ST/STM32CubeIDE_1.13.2/STM32CubeIDE/plugins/com.st.stm32cube.ide.mcu.externaltools.gnu-tools-for-stm32.11.3.rel1.win32_1.1.1.202309131626/tools/bin/../lib/gcc/arm-none-eabi/11.3.1/thumb/v7e-m+fp/hard/crti.o
                0x0000000008003668                _fini
 .fini          0x000000000800366c        0x8 C:/ST/STM32CubeIDE_1.13.2/STM32CubeIDE/plugins/com.st.stm32cube.ide.mcu.externaltools.gnu-tools-for-stm32.11.3.rel1.win32_1.1.1.202309131626/tools/bin/../lib/gcc/arm-none-eabi/11.3.1/thumb/v7e-m+fp/hard/crtn.o
                0x0000000008003674                . = ALIGN (0x4)
                0x0000000008003674                _etext = .

.vfp11_veneer   0x0000000008003674        0x0
 .vfp11_veneer  0x0000000008003674        0x0 linker stubs

.v4_bx          0x0000000008003674        0x0
 .v4_bx         0x0000000008003674        0x0 linker stubs

.iplt           0x0000000008003674        0x0
 .iplt          0x0000000008003674        0x0 C:/ST/STM32CubeIDE_1.13.2/STM32CubeIDE/plugins/com.st.stm32cube.ide.mcu.externaltools.gnu-tools-for-stm32.11.3.rel1.win32_1.1.1.202309131626/tools/bin/../lib/gcc/arm-none-eabi/11.3.1/thumb/v7e-m+fp/hard/crtbegin.o

.rodata         0x0000000008003674       0x44
                0x0000000008003674                . = ALIGN (0x4)
 *(.rodata)
 *(.rodata*)
 .rodata.cascade_level
                0x0000000008003674        0x3 ./Core/Src/st25r95.o
 *fill*         0x0000000008003677        0x1 
 .rodata.AHBPrescTable
                0x0000000008003678       0x10 ./Core/Src/system_stm32l4xx.o
                0x0000000008003678                AHBPrescTable
 .rodata.MSIRangeTable
                0x0000000008003688       0x30 ./Core/Src/system_stm32l4xx.o
                0x0000000008003688                MSIRangeTable
                0x00000000080036b8                . = ALIGN (0x4)

.rel.dyn        0x00000000080036b8        0x0
 .rel.iplt      0x00000000080036b8        0x0 C:/ST/STM32CubeIDE_1.13.2/STM32CubeIDE/plugins/com.st.stm32cube.ide.mcu.externaltools.gnu-tools-for-stm32.11.3.rel1.win32_1.1.1.202309131626/tools/bin/../lib/gcc/arm-none-eabi/11.3.1/thumb/v7e-m+fp/hard/crtbegin.o

.ARM.extab      0x00000000080036b8        0x0
                0x00000000080036b8                . = ALIGN (0x4)
 *(.ARM.extab* .gnu.linkonce.armextab.*)
                0x00000000080036b8                . = ALIGN (0x4)

.ARM            0x00000000080036b8        0x0
                0x00000000080036b8                . = ALIGN (0x4)
                0x00000000080036b8                __exidx_start = .
 *(.ARM.exidx*)
                0x00000000080036b8                __exidx_end = .
                0x00000000080036b8                . = ALIGN (0x4)

.preinit_array  0x00000000080036b8        0x0
                0x00000000080036b8                . = ALIGN (0x4)
                0x00000000080036b8                PROVIDE (__preinit_array_start = .)
 *(.preinit_array*)
                0x00000000080036b8                PROVIDE (__preinit_array_end = .)
                0x00000000080036b8                . = ALIGN (0x4)

.init_array     0x00000000080036b8        0x4
                0x00000000080036b8                . = ALIGN (0x4)
                0x00000000080036b8                PROVIDE (__init_array_start = .)
 *(SORT_BY_NAME(.init_array.*))
 *(.init_array*)
 .init_array    0x00000000080036b8        0x4 C:/ST/STM32CubeIDE_1.13.2/STM32CubeIDE/plugins/com.st.stm32cube.ide.mcu.externaltools.gnu-tools-for-stm32.11.3.rel1.win32_1.1.1.202309131626/tools/bin/../lib/gcc/arm-none-eabi/11.3.1/thumb/v7e-m+fp/hard/crtbegin.o
                0x00000000080036bc                PROVIDE (__init_array_end = .)
                0x00000000080036bc                . = ALIGN (0x4)

.fini_array     0x00000000080036bc        0x4
                0x00000000080036bc                . = ALIGN (0x4)
                [!provide]                        PROVIDE (__fini_array_start = .)
 *(SORT_BY_NAME(.fini_array.*))
 *(.fini_array*)
 .fini_array    0x00000000080036bc        0x4 C:/ST/STM32CubeIDE_1.13.2/STM32CubeIDE/plugins/com.st.stm32cube.ide.mcu.externaltools.gnu-tools-for-stm32.11.3.rel1.win32_1.1.1.202309131626/tools/bin/../lib/gcc/arm-none-eabi/11.3.1/thumb/v7e-m+fp/hard/crtbegin.o
                [!provide]                        PROVIDE (__fini_array_end = .)
                0x00000000080036c0                . = ALIGN (0x4)
                0x00000000080036c0                _sidata = LOADADDR (.data)

.data           0x0000000020000000       0x20 load address 0x00000000080036c0
                0x0000000020000000                . = ALIGN (0x4)
                0x0000000020000000                _sdata = .
 *(.data)
 *(.data*)
 .data.calibrate_data.1
                0x0000000020000000       0x11 ./Core/Src/st25r95.o
 *fill*         0x0000000020000011        0x3 
 .data.SystemCoreClock
                0x0000000020000014        0x4 ./Core/Src/system_stm32l4xx.o
                0x0000000020000014                SystemCoreClock
 .data.uwTickPrio
                0x0000000020000018        0x4 ./Drivers/STM32L4xx_HAL_Driver/Src/stm32l4xx_hal.o
                0x0000000020000018                uwTickPrio
 .data.uwTickFreq
                0x000000002000001c        0x1 ./Drivers/STM32L4xx_HAL_Driver/Src/stm32l4xx_hal.o
                0x000000002000001c                uwTickFreq
 *(.RamFunc)
 *(.RamFunc*)
                0x0000000020000020                . = ALIGN (0x4)
 *fill*         0x000000002000001d        0x3 
                0x0000000020000020                _edata = .

.igot.plt       0x0000000020000020        0x0 load address 0x00000000080036e0
 .igot.plt      0x0000000020000020        0x0 C:/ST/STM32CubeIDE_1.13.2/STM32CubeIDE/plugins/com.st.stm32cube.ide.mcu.externaltools.gnu-tools-for-stm32.11.3.rel1.win32_1.1.1.202309131626/tools/bin/../lib/gcc/arm-none-eabi/11.3.1/thumb/v7e-m+fp/hard/crtbegin.o
                0x0000000020000020                . = ALIGN (0x4)

.bss            0x0000000020000020      0x3b4 load address 0x00000000080036e0
                0x0000000020000020                _sbss = .
                0x0000000020000020                __bss_start__ = _sbss
 *(.bss)
 .bss           0x0000000020000020       0x1c C:/ST/STM32CubeIDE_1.13.2/STM32CubeIDE/plugins/com.st.stm32cube.ide.mcu.externaltools.gnu-tools-for-stm32.11.3.rel1.win32_1.1.1.202309131626/tools/bin/../lib/gcc/arm-none-eabi/11.3.1/thumb/v7e-m+fp/hard/crtbegin.o
 *(.bss*)
 .bss.hspi1     0x000000002000003c       0x64 ./Core/Src/main.o
                0x000000002000003c                hspi1
 .bss.reader_handler
                0x00000000200000a0       0x28 ./Core/Src/main.o
                0x00000000200000a0                reader_handler
 .bss.tx_buffer
                0x00000000200000c8      0x100 ./Core/Src/st25r95.o
 .bss.tx_len    0x00000000200001c8        0x4 ./Core/Src/st25r95.o
 .bss.rx_data.3
                0x00000000200001cc      0x100 ./Core/Src/st25r95.o
 .bss.rx_data.2
                0x00000000200002cc      0x100 ./Core/Src/st25r95.o
 .bss.res.0     0x00000000200003cc        0x4 ./Core/Src/st25r95.o
 .bss.uwTick    0x00000000200003d0        0x4 ./Drivers/STM32L4xx_HAL_Driver/Src/stm32l4xx_hal.o
                0x00000000200003d0                uwTick
 *(COMMON)
                0x00000000200003d4                . = ALIGN (0x4)
                0x00000000200003d4                _ebss = .
                0x00000000200003d4                __bss_end__ = _ebss

._user_heap_stack
                0x00000000200003d4      0x604 load address 0x00000000080036e0
                0x00000000200003d8                . = ALIGN (0x8)
 *fill*         0x00000000200003d4        0x4 
                [!provide]                        PROVIDE (end = .)
                0x00000000200003d8                PROVIDE (_end = .)
                0x00000000200005d8                . = (. + _Min_Heap_Size)
 *fill*         0x00000000200003d8      0x200 
                0x00000000200009d8                . = (. + _Min_Stack_Size)
 *fill*         0x00000000200005d8      0x400 
                0x00000000200009d8                . = ALIGN (0x8)

/DISCARD/
 libc.a(*)
 libm.a(*)
 libgcc.a(*)

.ARM.attributes
                0x0000000000000000       0x30
 *(.ARM.attributes)
 .ARM.attributes
                0x0000000000000000       0x1e C:/ST/STM32CubeIDE_1.13.2/STM32CubeIDE/plugins/com.st.stm32cube.ide.mcu.externaltools.gnu-tools-for-stm32.11.3.rel1.win32_1.1.1.202309131626/tools/bin/../lib/gcc/arm-none-eabi/11.3.1/thumb/v7e-m+fp/hard/crti.o
 .ARM.attributes
                0x000000000000001e       0x34 C:/ST/STM32CubeIDE_1.13.2/STM32CubeIDE/plugins/com.st.stm32cube.ide.mcu.externaltools.gnu-tools-for-stm32.11.3.rel1.win32_1.1.1.202309131626/tools/bin/../lib/gcc/arm-none-eabi/11.3.1/thumb/v7e-m+fp/hard/crtbegin.o
 .ARM.attributes
                0x0000000000000052       0x34 ./Core/Src/main.o
 .ARM.attributes
                0x0000000000000086       0x34 ./Core/Src/st25r95.o
 .ARM.attributes
                0x00000000000000ba       0x34 ./Core/Src/stm32l4xx_hal_msp.o
 .ARM.attributes
                0x00000000000000ee       0x34 ./Core/Src/stm32l4xx_it.o
 .ARM.attributes
                0x0000000000000122       0x34 ./Core/Src/system_stm32l4xx.o
 .ARM.attributes
                0x0000000000000156       0x21 ./Core/Startup/startup_stm32l452retxp.o
 .ARM.attributes
                0x0000000000000177       0x34 ./Drivers/STM32L4xx_HAL_Driver/Src/stm32l4xx_hal.o
 .ARM.attributes
                0x00000000000001ab       0x34 ./Drivers/STM32L4xx_HAL_Driver/Src/stm32l4xx_hal_cortex.o
 .ARM.attributes
                0x00000000000001df       0x34 ./Drivers/STM32L4xx_HAL_Driver/Src/stm32l4xx_hal_gpio.o
 .ARM.attributes
                0x0000000000000213       0x34 ./Drivers/STM32L4xx_HAL_Driver/Src/stm32l4xx_hal_pwr_ex.o
 .ARM.attributes
                0x0000000000000247       0x34 ./Drivers/STM32L4xx_HAL_Driver/Src/stm32l4xx_hal_rcc.o
 .ARM.attributes
                0x000000000000027b       0x34 ./Drivers/STM32L4xx_HAL_Driver/Src/stm32l4xx_hal_spi.o
 .ARM.attributes
                0x00000000000002af       0x34 C:/ST/STM32CubeIDE_1.13.2/STM32CubeIDE/plugins/com.st.stm32cube.ide.mcu.externaltools.gnu-tools-for-stm32.11.3.rel1.win32_1.1.1.202309131626/tools/bin/../lib/gcc/arm-none-eabi/11.3.1/../../../../arm-none-eabi/lib/thumb/v7e-m+fp/hard\libc_nano.a(libc_a-memset.o)
 .ARM.attributes
                0x00000000000002e3       0x34 C:/ST/STM32CubeIDE_1.13.2/STM32CubeIDE/plugins/com.st.stm32cube.ide.mcu.externaltools.gnu-tools-for-stm32.11.3.rel1.win32_1.1.1.202309131626/tools/bin/../lib/gcc/arm-none-eabi/11.3.1/../../../../arm-none-eabi/lib/thumb/v7e-m+fp/hard\libc_nano.a(libc_a-init.o)
 .ARM.attributes
                0x0000000000000317       0x34 C:/ST/STM32CubeIDE_1.13.2/STM32CubeIDE/plugins/com.st.stm32cube.ide.mcu.externaltools.gnu-tools-for-stm32.11.3.rel1.win32_1.1.1.202309131626/tools/bin/../lib/gcc/arm-none-eabi/11.3.1/../../../../arm-none-eabi/lib/thumb/v7e-m+fp/hard\libc_nano.a(libc_a-memcpy-stub.o)
 .ARM.attributes
                0x000000000000034b       0x1e C:/ST/STM32CubeIDE_1.13.2/STM32CubeIDE/plugins/com.st.stm32cube.ide.mcu.externaltools.gnu-tools-for-stm32.11.3.rel1.win32_1.1.1.202309131626/tools/bin/../lib/gcc/arm-none-eabi/11.3.1/thumb/v7e-m+fp/hard/crtn.o
OUTPUT(rfid-test.elf elf32-littlearm)
LOAD linker stubs
LOAD C:/ST/STM32CubeIDE_1.13.2/STM32CubeIDE/plugins/com.st.stm32cube.ide.mcu.externaltools.gnu-tools-for-stm32.11.3.rel1.win32_1.1.1.202309131626/tools/bin/../lib/gcc/arm-none-eabi/11.3.1/../../../../arm-none-eabi/lib/thumb/v7e-m+fp/hard\libc.a
LOAD C:/ST/STM32CubeIDE_1.13.2/STM32CubeIDE/plugins/com.st.stm32cube.ide.mcu.externaltools.gnu-tools-for-stm32.11.3.rel1.win32_1.1.1.202309131626/tools/bin/../lib/gcc/arm-none-eabi/11.3.1/../../../../arm-none-eabi/lib/thumb/v7e-m+fp/hard\libm.a
LOAD C:/ST/STM32CubeIDE_1.13.2/STM32CubeIDE/plugins/com.st.stm32cube.ide.mcu.externaltools.gnu-tools-for-stm32.11.3.rel1.win32_1.1.1.202309131626/tools/bin/../lib/gcc/arm-none-eabi/11.3.1/thumb/v7e-m+fp/hard\libgcc.a

.comment        0x0000000000000000       0x43
 .comment       0x0000000000000000       0x43 C:/ST/STM32CubeIDE_1.13.2/STM32CubeIDE/plugins/com.st.stm32cube.ide.mcu.externaltools.gnu-tools-for-stm32.11.3.rel1.win32_1.1.1.202309131626/tools/bin/../lib/gcc/arm-none-eabi/11.3.1/thumb/v7e-m+fp/hard/crtbegin.o
                                         0x44 (size before relaxing)
 .comment       0x0000000000000043       0x44 ./Core/Src/main.o
 .comment       0x0000000000000043       0x44 ./Core/Src/st25r95.o
 .comment       0x0000000000000043       0x44 ./Core/Src/stm32l4xx_hal_msp.o
 .comment       0x0000000000000043       0x44 ./Core/Src/stm32l4xx_it.o
 .comment       0x0000000000000043       0x44 ./Core/Src/system_stm32l4xx.o
 .comment       0x0000000000000043       0x44 ./Drivers/STM32L4xx_HAL_Driver/Src/stm32l4xx_hal.o
 .comment       0x0000000000000043       0x44 ./Drivers/STM32L4xx_HAL_Driver/Src/stm32l4xx_hal_cortex.o
 .comment       0x0000000000000043       0x44 ./Drivers/STM32L4xx_HAL_Driver/Src/stm32l4xx_hal_gpio.o
 .comment       0x0000000000000043       0x44 ./Drivers/STM32L4xx_HAL_Driver/Src/stm32l4xx_hal_pwr_ex.o
 .comment       0x0000000000000043       0x44 ./Drivers/STM32L4xx_HAL_Driver/Src/stm32l4xx_hal_rcc.o
 .comment       0x0000000000000043       0x44 ./Drivers/STM32L4xx_HAL_Driver/Src/stm32l4xx_hal_spi.o

.debug_info     0x0000000000000000     0x7c11
 .debug_info    0x0000000000000000     0x123b ./Core/Src/main.o
 .debug_info    0x000000000000123b      0xf17 ./Core/Src/st25r95.o
 .debug_info    0x0000000000002152      0x953 ./Core/Src/stm32l4xx_hal_msp.o
 .debug_info    0x0000000000002aa5      0x14c ./Core/Src/stm32l4xx_it.o
 .debug_info    0x0000000000002bf1      0x5cd ./Core/Src/system_stm32l4xx.o
 .debug_info    0x00000000000031be       0x23 ./Core/Startup/startup_stm32l452retxp.o
 .debug_info    0x00000000000031e1      0xabf ./Drivers/STM32L4xx_HAL_Driver/Src/stm32l4xx_hal.o
 .debug_info    0x0000000000003ca0      0xd04 ./Drivers/STM32L4xx_HAL_Driver/Src/stm32l4xx_hal_cortex.o
 .debug_info    0x00000000000049a4      0x763 ./Drivers/STM32L4xx_HAL_Driver/Src/stm32l4xx_hal_gpio.o
 .debug_info    0x0000000000005107      0x920 ./Drivers/STM32L4xx_HAL_Driver/Src/stm32l4xx_hal_pwr_ex.o
 .debug_info    0x0000000000005a27      0xbd0 ./Drivers/STM32L4xx_HAL_Driver/Src/stm32l4xx_hal_rcc.o
 .debug_info    0x00000000000065f7     0x161a ./Drivers/STM32L4xx_HAL_Driver/Src/stm32l4xx_hal_spi.o

.debug_abbrev   0x0000000000000000     0x1794
 .debug_abbrev  0x0000000000000000      0x329 ./Core/Src/main.o
 .debug_abbrev  0x0000000000000329      0x296 ./Core/Src/st25r95.o
 .debug_abbrev  0x00000000000005bf      0x1a7 ./Core/Src/stm32l4xx_hal_msp.o
 .debug_abbrev  0x0000000000000766       0xa0 ./Core/Src/stm32l4xx_it.o
 .debug_abbrev  0x0000000000000806      0x11a ./Core/Src/system_stm32l4xx.o
 .debug_abbrev  0x0000000000000920       0x12 ./Core/Startup/startup_stm32l452retxp.o
 .debug_abbrev  0x0000000000000932      0x242 ./Drivers/STM32L4xx_HAL_Driver/Src/stm32l4xx_hal.o
 .debug_abbrev  0x0000000000000b74      0x327 ./Drivers/STM32L4xx_HAL_Driver/Src/stm32l4xx_hal_cortex.o
 .debug_abbrev  0x0000000000000e9b      0x1cb ./Drivers/STM32L4xx_HAL_Driver/Src/stm32l4xx_hal_gpio.o
 .debug_abbrev  0x0000000000001066      0x1f9 ./Drivers/STM32L4xx_HAL_Driver/Src/stm32l4xx_hal_pwr_ex.o
 .debug_abbrev  0x000000000000125f      0x2cb ./Drivers/STM32L4xx_HAL_Driver/Src/stm32l4xx_hal_rcc.o
 .debug_abbrev  0x000000000000152a      0x26a ./Drivers/STM32L4xx_HAL_Driver/Src/stm32l4xx_hal_spi.o

.debug_aranges  0x0000000000000000      0x870
 .debug_aranges
                0x0000000000000000       0x78 ./Core/Src/main.o
 .debug_aranges
                0x0000000000000078       0xe0 ./Core/Src/st25r95.o
 .debug_aranges
                0x0000000000000158       0x30 ./Core/Src/stm32l4xx_hal_msp.o
 .debug_aranges
                0x0000000000000188       0x68 ./Core/Src/stm32l4xx_it.o
 .debug_aranges
                0x00000000000001f0       0x28 ./Core/Src/system_stm32l4xx.o
 .debug_aranges
                0x0000000000000218       0x28 ./Core/Startup/startup_stm32l452retxp.o
 .debug_aranges
                0x0000000000000240      0x130 ./Drivers/STM32L4xx_HAL_Driver/Src/stm32l4xx_hal.o
 .debug_aranges
                0x0000000000000370      0x118 ./Drivers/STM32L4xx_HAL_Driver/Src/stm32l4xx_hal_cortex.o
 .debug_aranges
                0x0000000000000488       0x58 ./Drivers/STM32L4xx_HAL_Driver/Src/stm32l4xx_hal_gpio.o
 .debug_aranges
                0x00000000000004e0      0x128 ./Drivers/STM32L4xx_HAL_Driver/Src/stm32l4xx_hal_pwr_ex.o
 .debug_aranges
                0x0000000000000608       0x90 ./Drivers/STM32L4xx_HAL_Driver/Src/stm32l4xx_hal_rcc.o
 .debug_aranges
                0x0000000000000698      0x1d8 ./Drivers/STM32L4xx_HAL_Driver/Src/stm32l4xx_hal_spi.o

.debug_rnglists
                0x0000000000000000      0x653
 .debug_rnglists
                0x0000000000000000       0x59 ./Core/Src/main.o
 .debug_rnglists
                0x0000000000000059       0xae ./Core/Src/st25r95.o
 .debug_rnglists
                0x0000000000000107       0x20 ./Core/Src/stm32l4xx_hal_msp.o
 .debug_rnglists
                0x0000000000000127       0x49 ./Core/Src/stm32l4xx_it.o
 .debug_rnglists
                0x0000000000000170       0x1a ./Core/Src/system_stm32l4xx.o
 .debug_rnglists
                0x000000000000018a       0x19 ./Core/Startup/startup_stm32l452retxp.o
 .debug_rnglists
                0x00000000000001a3       0xdf ./Drivers/STM32L4xx_HAL_Driver/Src/stm32l4xx_hal.o
 .debug_rnglists
                0x0000000000000282       0xce ./Drivers/STM32L4xx_HAL_Driver/Src/stm32l4xx_hal_cortex.o
 .debug_rnglists
                0x0000000000000350       0x3f ./Drivers/STM32L4xx_HAL_Driver/Src/stm32l4xx_hal_gpio.o
 .debug_rnglists
                0x000000000000038f       0xdf ./Drivers/STM32L4xx_HAL_Driver/Src/stm32l4xx_hal_pwr_ex.o
 .debug_rnglists
                0x000000000000046e       0x6d ./Drivers/STM32L4xx_HAL_Driver/Src/stm32l4xx_hal_rcc.o
 .debug_rnglists
                0x00000000000004db      0x178 ./Drivers/STM32L4xx_HAL_Driver/Src/stm32l4xx_hal_spi.o

.debug_macro    0x0000000000000000    0x21b70
 .debug_macro   0x0000000000000000      0x3a3 ./Core/Src/main.o
 .debug_macro   0x00000000000003a3      0xaa8 ./Core/Src/main.o
 .debug_macro   0x0000000000000e4b      0x1a7 ./Core/Src/main.o
 .debug_macro   0x0000000000000ff2       0x2e ./Core/Src/main.o
 .debug_macro   0x0000000000001020       0x28 ./Core/Src/main.o
 .debug_macro   0x0000000000001048       0x22 ./Core/Src/main.o
 .debug_macro   0x000000000000106a       0x8e ./Core/Src/main.o
 .debug_macro   0x00000000000010f8       0x51 ./Core/Src/main.o
 .debug_macro   0x0000000000001149      0x103 ./Core/Src/main.o
 .debug_macro   0x000000000000124c       0x6a ./Core/Src/main.o
 .debug_macro   0x00000000000012b6      0x1df ./Core/Src/main.o
 .debug_macro   0x0000000000001495       0x1c ./Core/Src/main.o
 .debug_macro   0x00000000000014b1       0x22 ./Core/Src/main.o
 .debug_macro   0x00000000000014d3       0xfb ./Core/Src/main.o
 .debug_macro   0x00000000000015ce     0x1011 ./Core/Src/main.o
 .debug_macro   0x00000000000025df      0x11f ./Core/Src/main.o
 .debug_macro   0x00000000000026fe    0x16336 ./Core/Src/main.o
 .debug_macro   0x0000000000018a34       0x6d ./Core/Src/main.o
 .debug_macro   0x0000000000018aa1     0x38e6 ./Core/Src/main.o
 .debug_macro   0x000000000001c387      0x174 ./Core/Src/main.o
 .debug_macro   0x000000000001c4fb       0x5c ./Core/Src/main.o
 .debug_macro   0x000000000001c557     0x13fa ./Core/Src/main.o
 .debug_macro   0x000000000001d951      0x646 ./Core/Src/main.o
 .debug_macro   0x000000000001df97      0x1b9 ./Core/Src/main.o
 .debug_macro   0x000000000001e150      0x168 ./Core/Src/main.o
 .debug_macro   0x000000000001e2b8      0x26b ./Core/Src/main.o
 .debug_macro   0x000000000001e523      0x23d ./Core/Src/main.o
 .debug_macro   0x000000000001e760      0x241 ./Core/Src/main.o
 .debug_macro   0x000000000001e9a1      0x375 ./Core/Src/main.o
 .debug_macro   0x000000000001ed16       0xd6 ./Core/Src/main.o
 .debug_macro   0x000000000001edec      0x22c ./Core/Src/main.o
 .debug_macro   0x000000000001f018       0x61 ./Core/Src/main.o
 .debug_macro   0x000000000001f079       0xa5 ./Core/Src/main.o
 .debug_macro   0x000000000001f11e      0x122 ./Core/Src/main.o
 .debug_macro   0x000000000001f240      0x364 ./Core/Src/main.o
 .debug_macro   0x000000000001f5a4      0x2fe ./Core/Src/main.o
 .debug_macro   0x000000000001f8a2      0x2eb ./Core/Src/main.o
 .debug_macro   0x000000000001fb8d       0x2e ./Core/Src/main.o
 .debug_macro   0x000000000001fbbb       0x61 ./Core/Src/main.o
 .debug_macro   0x000000000001fc1c       0x2a ./Core/Src/main.o
 .debug_macro   0x000000000001fc46       0x43 ./Core/Src/main.o
 .debug_macro   0x000000000001fc89       0x34 ./Core/Src/main.o
 .debug_macro   0x000000000001fcbd       0x16 ./Core/Src/main.o
 .debug_macro   0x000000000001fcd3       0x35 ./Core/Src/main.o
 .debug_macro   0x000000000001fd08      0x369 ./Core/Src/main.o
 .debug_macro   0x0000000000020071       0x10 ./Core/Src/main.o
 .debug_macro   0x0000000000020081       0x16 ./Core/Src/main.o
 .debug_macro   0x0000000000020097       0x43 ./Core/Src/main.o
 .debug_macro   0x00000000000200da       0x34 ./Core/Src/main.o
 .debug_macro   0x000000000002010e       0x10 ./Core/Src/main.o
 .debug_macro   0x000000000002011e       0x58 ./Core/Src/main.o
 .debug_macro   0x0000000000020176       0x8e ./Core/Src/main.o
 .debug_macro   0x0000000000020204       0x1c ./Core/Src/main.o
 .debug_macro   0x0000000000020220      0x177 ./Core/Src/main.o
 .debug_macro   0x0000000000020397       0x16 ./Core/Src/main.o
 .debug_macro   0x00000000000203ad       0x16 ./Core/Src/main.o
 .debug_macro   0x00000000000203c3      0x147 ./Core/Src/main.o
 .debug_macro   0x000000000002050a       0x16 ./Core/Src/main.o
 .debug_macro   0x0000000000020520       0x16 ./Core/Src/main.o
 .debug_macro   0x0000000000020536       0x29 ./Core/Src/main.o
 .debug_macro   0x000000000002055f       0x16 ./Core/Src/main.o
 .debug_macro   0x0000000000020575       0x20 ./Core/Src/main.o
 .debug_macro   0x0000000000020595      0x310 ./Core/Src/st25r95.o
 .debug_macro   0x00000000000208a5       0x97 ./Core/Src/st25r95.o
 .debug_macro   0x000000000002093c       0xfd ./Core/Src/st25r95.o
 .debug_macro   0x0000000000020a39       0x56 ./Core/Src/st25r95.o
 .debug_macro   0x0000000000020a8f      0x1d5 ./Core/Src/stm32l4xx_hal_msp.o
 .debug_macro   0x0000000000020c64      0x1df ./Core/Src/stm32l4xx_it.o
 .debug_macro   0x0000000000020e43      0x1c6 ./Core/Src/system_stm32l4xx.o
 .debug_macro   0x0000000000021009      0x214 ./Drivers/STM32L4xx_HAL_Driver/Src/stm32l4xx_hal.o
 .debug_macro   0x000000000002121d      0x1c6 ./Drivers/STM32L4xx_HAL_Driver/Src/stm32l4xx_hal_cortex.o
 .debug_macro   0x00000000000213e3      0x1cd ./Drivers/STM32L4xx_HAL_Driver/Src/stm32l4xx_hal_gpio.o
 .debug_macro   0x00000000000215b0      0x1ea ./Drivers/STM32L4xx_HAL_Driver/Src/stm32l4xx_hal_pwr_ex.o
 .debug_macro   0x000000000002179a      0x208 ./Drivers/STM32L4xx_HAL_Driver/Src/stm32l4xx_hal_rcc.o
 .debug_macro   0x00000000000219a2      0x1ce ./Drivers/STM32L4xx_HAL_Driver/Src/stm32l4xx_hal_spi.o

.debug_line     0x0000000000000000     0x9302
 .debug_line    0x0000000000000000      0xb68 ./Core/Src/main.o
 .debug_line    0x0000000000000b68     0x1092 ./Core/Src/st25r95.o
 .debug_line    0x0000000000001bfa      0x792 ./Core/Src/stm32l4xx_hal_msp.o
 .debug_line    0x000000000000238c      0x820 ./Core/Src/stm32l4xx_it.o
 .debug_line    0x0000000000002bac      0x7dd ./Core/Src/system_stm32l4xx.o
 .debug_line    0x0000000000003389       0x7a ./Core/Startup/startup_stm32l452retxp.o
 .debug_line    0x0000000000003403      0xb35 ./Drivers/STM32L4xx_HAL_Driver/Src/stm32l4xx_hal.o
 .debug_line    0x0000000000003f38      0xcdc ./Drivers/STM32L4xx_HAL_Driver/Src/stm32l4xx_hal_cortex.o
 .debug_line    0x0000000000004c14      0xb55 ./Drivers/STM32L4xx_HAL_Driver/Src/stm32l4xx_hal_gpio.o
 .debug_line    0x0000000000005769      0xc48 ./Drivers/STM32L4xx_HAL_Driver/Src/stm32l4xx_hal_pwr_ex.o
 .debug_line    0x00000000000063b1      0xfea ./Drivers/STM32L4xx_HAL_Driver/Src/stm32l4xx_hal_rcc.o
 .debug_line    0x000000000000739b     0x1f67 ./Drivers/STM32L4xx_HAL_Driver/Src/stm32l4xx_hal_spi.o

.debug_str      0x0000000000000000    0xcc375
 .debug_str     0x0000000000000000    0xca316 ./Core/Src/main.o
                                      0xca6f9 (size before relaxing)
 .debug_str     0x00000000000ca316      0x66f ./Core/Src/st25r95.o
                                      0xc9e2f (size before relaxing)
 .debug_str     0x00000000000ca985       0x63 ./Core/Src/stm32l4xx_hal_msp.o
                                      0xc6345 (size before relaxing)
 .debug_str     0x00000000000ca9e8       0xf7 ./Core/Src/stm32l4xx_it.o
                                      0xc5e1b (size before relaxing)
 .debug_str     0x00000000000caadf       0x9e ./Core/Src/system_stm32l4xx.o
                                      0xc5eb5 (size before relaxing)
 .debug_str     0x00000000000cab7d       0x35 ./Core/Startup/startup_stm32l452retxp.o
                                         0xaa (size before relaxing)
 .debug_str     0x00000000000cabb2      0x636 ./Drivers/STM32L4xx_HAL_Driver/Src/stm32l4xx_hal.o
                                      0xc69a9 (size before relaxing)
 .debug_str     0x00000000000cb1e8      0x32b ./Drivers/STM32L4xx_HAL_Driver/Src/stm32l4xx_hal_cortex.o
                                      0xc6653 (size before relaxing)
 .debug_str     0x00000000000cb513       0xf8 ./Drivers/STM32L4xx_HAL_Driver/Src/stm32l4xx_hal_gpio.o
                                      0xc6029 (size before relaxing)
 .debug_str     0x00000000000cb60b      0x44e ./Drivers/STM32L4xx_HAL_Driver/Src/stm32l4xx_hal_pwr_ex.o
                                      0xc6356 (size before relaxing)
 .debug_str     0x00000000000cba59      0x386 ./Drivers/STM32L4xx_HAL_Driver/Src/stm32l4xx_hal_rcc.o
                                      0xc64b5 (size before relaxing)
 .debug_str     0x00000000000cbddf      0x596 ./Drivers/STM32L4xx_HAL_Driver/Src/stm32l4xx_hal_spi.o
                                      0xc66cc (size before relaxing)

.debug_frame    0x0000000000000000     0x2140
 .debug_frame   0x0000000000000000      0x1a0 ./Core/Src/main.o
 .debug_frame   0x00000000000001a0      0x398 ./Core/Src/st25r95.o
 .debug_frame   0x0000000000000538       0x80 ./Core/Src/stm32l4xx_hal_msp.o
 .debug_frame   0x00000000000005b8      0x120 ./Core/Src/stm32l4xx_it.o
 .debug_frame   0x00000000000006d8       0x58 ./Core/Src/system_stm32l4xx.o
 .debug_frame   0x0000000000000730      0x498 ./Drivers/STM32L4xx_HAL_Driver/Src/stm32l4xx_hal.o
 .debug_frame   0x0000000000000bc8      0x498 ./Drivers/STM32L4xx_HAL_Driver/Src/stm32l4xx_hal_cortex.o
 .debug_frame   0x0000000000001060      0x14c ./Drivers/STM32L4xx_HAL_Driver/Src/stm32l4xx_hal_gpio.o
 .debug_frame   0x00000000000011ac      0x4a4 ./Drivers/STM32L4xx_HAL_Driver/Src/stm32l4xx_hal_pwr_ex.o
 .debug_frame   0x0000000000001650      0x21c ./Drivers/STM32L4xx_HAL_Driver/Src/stm32l4xx_hal_rcc.o
 .debug_frame   0x000000000000186c      0x860 ./Drivers/STM32L4xx_HAL_Driver/Src/stm32l4xx_hal_spi.o
 .debug_frame   0x00000000000020cc       0x20 C:/ST/STM32CubeIDE_1.13.2/STM32CubeIDE/plugins/com.st.stm32cube.ide.mcu.externaltools.gnu-tools-for-stm32.11.3.rel1.win32_1.1.1.202309131626/tools/bin/../lib/gcc/arm-none-eabi/11.3.1/../../../../arm-none-eabi/lib/thumb/v7e-m+fp/hard\libc_nano.a(libc_a-memset.o)
 .debug_frame   0x00000000000020ec       0x2c C:/ST/STM32CubeIDE_1.13.2/STM32CubeIDE/plugins/com.st.stm32cube.ide.mcu.externaltools.gnu-tools-for-stm32.11.3.rel1.win32_1.1.1.202309131626/tools/bin/../lib/gcc/arm-none-eabi/11.3.1/../../../../arm-none-eabi/lib/thumb/v7e-m+fp/hard\libc_nano.a(libc_a-init.o)
 .debug_frame   0x0000000000002118       0x28 C:/ST/STM32CubeIDE_1.13.2/STM32CubeIDE/plugins/com.st.stm32cube.ide.mcu.externaltools.gnu-tools-for-stm32.11.3.rel1.win32_1.1.1.202309131626/tools/bin/../lib/gcc/arm-none-eabi/11.3.1/../../../../arm-none-eabi/lib/thumb/v7e-m+fp/hard\libc_nano.a(libc_a-memcpy-stub.o)

.debug_line_str
                0x0000000000000000       0x9e
 .debug_line_str
                0x0000000000000000       0x9e ./Core/Startup/startup_stm32l452retxp.o
                                         0xb7 (size before relaxing)
