../Core/Src/main.c:86:6:reader_irq_pulse	8	static
../Core/Src/main.c:93:6:reader_nss	16	static
../Core/Src/main.c:97:5:reader_tx	24	static
../Core/Src/main.c:102:5:reader_rx	24	static
../Core/Src/main.c:107:6:HAL_GPIO_EXTI_Callback	16	static
../Core/Src/main.c:113:6:st25_card_callback	16	static
../Core/Src/main.c:118:6:select_switch_port	24	static
../Core/Src/main.c:205:5:main	8	static
../Core/Src/main.c:271:6:SystemClock_Config	96	static
../Core/Src/main.c:316:13:MX_SPI1_Init	8	static
../Core/Src/main.c:356:13:MX_GPIO_Init	40	static
../Core/Src/main.c:426:6:Error_Handler	4	static,ignoring_inline_asm
