../Core/Src/main.c:84:6:select_switch_port	24	static
../Core/Src/main.c:167:6:reader_irq_pulse	8	static
../Core/Src/main.c:174:6:reader_nss	16	static
../Core/Src/main.c:178:5:reader_tx	24	static
../Core/Src/main.c:183:5:reader_rx	32	static
../Core/Src/main.c:188:6:HAL_GPIO_EXTI_Callback	16	static
../Core/Src/main.c:194:6:st25_card_callback	16	static
../Core/Src/main.c:203:5:main	8	static
../Core/Src/main.c:268:6:SystemClock_Config	96	static
../Core/Src/main.c:313:13:MX_SPI1_Init	8	static
../Core/Src/main.c:353:13:MX_GPIO_Init	40	static
../Core/Src/main.c:423:6:Error_Handler	4	static,ignoring_inline_asm
